<html>
<body>
<pre>
<h1>µVision Build Log</h1>
<h2>Project:</h2>
D:\stm32\fly0513\Project\fly0513.uvproj
Project File Date:  07/12/2014

<h2>Output:</h2>
Rebuild target 'Fly0513'
assembling startup_stm32f10x_hd.s...
creating preprocessor file for core_cm3.c...
compiling core_cm3.c...
creating preprocessor file for system_stm32f10x.c...
compiling system_stm32f10x.c...
creating preprocessor file for main.c...
compiling main.c...
creating preprocessor file for stm32f10x_it.c...
compiling stm32f10x_it.c...
creating preprocessor file for RC.c...
compiling RC.c...
creating preprocessor file for Control.c...
compiling Control.c...
creating preprocessor file for IMU.c...
compiling IMU.c...
creating preprocessor file for Data_Transfer.c...
compiling Data_Transfer.c...
creating preprocessor file for Tim3.c...
compiling Tim3.c...
creating preprocessor file for USART1.c...
compiling USART1.c...
creating preprocessor file for SPI1.c...
compiling SPI1.c...
creating preprocessor file for Led.c...
compiling Led.c...
creating preprocessor file for Motor.c...
compiling Motor.c...
creating preprocessor file for Time.c...
compiling Time.c...
creating preprocessor file for Tim_PWM_In.c...
compiling Tim_PWM_In.c...
creating preprocessor file for NRF24L.c...
compiling NRF24L.c...
creating preprocessor file for ADC.c...
compiling ADC.c...
creating preprocessor file for misc.c...
compiling misc.c...
creating preprocessor file for stm32f10x_adc.c...
compiling stm32f10x_adc.c...
creating preprocessor file for stm32f10x_dma.c...
compiling stm32f10x_dma.c...
creating preprocessor file for stm32f10x_gpio.c...
compiling stm32f10x_gpio.c...
creating preprocessor file for stm32f10x_rcc.c...
compiling stm32f10x_rcc.c...
creating preprocessor file for stm32f10x_spi.c...
compiling stm32f10x_spi.c...
creating preprocessor file for stm32f10x_tim.c...
compiling stm32f10x_tim.c...
creating preprocessor file for stm32f10x_usart.c...
compiling stm32f10x_usart.c...
creating preprocessor file for stm32f10x_i2c.c...
compiling stm32f10x_i2c.c...
linking...
Program Size: Code=18732 RO-data=336 RW-data=224 ZI-data=1368  
FromELF: creating hex file...
"..\Output\fly0513.axf" - 0 Errors, 0 Warning(s).
