Product: MDK-ARM Professional 5.10
Component: ARM Compiler 5.04 update 1 (build 49)
Tool: armlink [5040049]

==============================================================================

Section Cross References

    startup_stm32f10x_hd.o(RESET) refers to startup_stm32f10x_hd.o(STACK) for __initial_sp
    startup_stm32f10x_hd.o(RESET) refers to startup_stm32f10x_hd.o(.text) for Reset_Handler
    startup_stm32f10x_hd.o(RESET) refers to stm32f10x_it.o(.text) for NMI_Handler
    startup_stm32f10x_hd.o(RESET) refers to time.o(.text) for SysTick_Handler
    startup_stm32f10x_hd.o(.text) refers to system_stm32f10x.o(.text) for SystemInit
    startup_stm32f10x_hd.o(.text) refers to entry.o(.ARM.Collect$$$$00000000) for __main
    system_stm32f10x.o(.text) refers to system_stm32f10x.o(.data) for SystemCoreClock
    main.o(.text) refers to usart1.o(.text) for NVIC_Configuration
    main.o(.text) refers to time.o(.text) for time_init
    main.o(.text) refers to spi1.o(.text) for Spi1_Init
    main.o(.text) refers to motor.o(.text) for PWM_Init
    main.o(.text) refers to nrf24l.o(.text) for Nrf24l01_Init
    main.o(.text) refers to tim_pwm_in.o(.text) for Tim_Pwm_In_Init
    main.o(.text) refers to adc.o(.text) for ADC1_Init
    main.o(.text) refers to imu.o(.text) for IMU_Init
    main.o(.text) refers to led.o(.text) for Led_Init
    main.o(.text) refers to tim3.o(.text) for Tim2_Init
    main.o(.text) refers to usart2.o(.text) for USART2_Config
    main.o(.text) refers to rc.o(.text) for Rc_Fun
    main.o(.text) refers to control.o(.text) for Control
    main.o(.text) refers to control.o(.bss) for PID_ROL
    main.o(.text) refers to main.o(.data) for FLAG_ATT
    main.o(.text) refers to main.o(.bss) for Att_Angle
    main.o(.text) refers to data_transfer.o(.data) for Send_Status
    stm32f10x_it.o(.text) refers to stm32f10x_usart.o(.text) for USART_GetFlagStatus
    stm32f10x_it.o(.text) refers to data_transfer.o(.text) for Data_Receive_Anl
    stm32f10x_it.o(.text) refers to stm32f10x_dma.o(.text) for DMA_ITConfig
    stm32f10x_it.o(.text) refers to time.o(.text) for time_nowMs
    stm32f10x_it.o(.text) refers to dflti.o(.text) for __aeabi_i2d
    stm32f10x_it.o(.text) refers to ddiv.o(.text) for __aeabi_ddiv
    stm32f10x_it.o(.text) refers to dmul.o(.text) for __aeabi_dmul
    stm32f10x_it.o(.text) refers to d2f.o(.text) for __aeabi_d2f
    stm32f10x_it.o(.text) refers to ffltui.o(.text) for __aeabi_ui2f
    stm32f10x_it.o(.text) refers to fadd.o(.text) for __aeabi_fsub
    stm32f10x_it.o(.text) refers to fdiv.o(.text) for __aeabi_fdiv
    stm32f10x_it.o(.text) refers to ffixi.o(.text) for __aeabi_f2iz
    stm32f10x_it.o(.text) refers to tim_pwm_in.o(.text) for Tim4_Pwm_In_Irq
    stm32f10x_it.o(.text) refers to stm32f10x_it.o(.data) for RxState
    stm32f10x_it.o(.text) refers to stm32f10x_it.o(.bss) for RxBuffer
    stm32f10x_it.o(.text) refers to main.o(.bss) for Att_Angle
    stm32f10x_it.o(.text) refers to usart1.o(.bss) for ReadBuffer
    stm32f10x_it.o(.text) refers to main.o(.data) for Gyr
    stm32f10x_it.o(.text) refers to tim3.o(.data) for TIM2_IRQCNT
    rc.o(.text) refers to rc.o(.data) for cnt_arm
    control.o(.text) refers to fflti.o(.text) for __aeabi_i2f
    control.o(.text) refers to fadd.o(.text) for __aeabi_frsub
    control.o(.text) refers to cfrcmple.o(.text) for __aeabi_cfrcmple
    control.o(.text) refers to cfcmple.o(.text) for __aeabi_cfcmple
    control.o(.text) refers to fmul.o(.text) for __aeabi_fmul
    control.o(.text) refers to ffixi.o(.text) for __aeabi_f2iz
    control.o(.text) refers to motor.o(.text) for motor_Control
    control.o(.text) refers to control.o(.data) for rol_i
    control.o(.text) refers to control.o(.bss) for PID_ROL
    imu.o(.text) refers to usart1.o(.text) for USART1_Config
    imu.o(.text) refers to printf2.o(i.__0printf$2) for __2printf
    imu.o(.text) refers to time.o(.text) for time_waitMs
    data_transfer.o(.text) refers to fflti.o(.text) for __aeabi_i2f
    data_transfer.o(.text) refers to fdiv.o(.text) for __aeabi_fdiv
    data_transfer.o(.text) refers to nrf24l.o(.text) for NRF_Read_Reg
    data_transfer.o(.text) refers to led.o(.text) for Ledx_ONOFF
    data_transfer.o(.text) refers to fmul.o(.text) for __aeabi_fmul
    data_transfer.o(.text) refers to ffixi.o(.text) for __aeabi_f2iz
    data_transfer.o(.text) refers to control.o(.bss) for PID_ROL
    data_transfer.o(.text) refers to nrf24l.o(.bss) for NRF24L01_RXDATA
    data_transfer.o(.text) refers to control.o(.data) for Moto_PWM_1
    data_transfer.o(.text) refers to data_transfer.o(.bss) for data_to_send
    data_transfer.o(.text) refers to main.o(.data) for Rc_D
    data_transfer.o(.text) refers to main.o(.bss) for Att_Angle
    data_transfer.o(.text) refers to dfltui.o(.text) for __aeabi_ui2d
    data_transfer.o(.text) refers to ddiv.o(.text) for __aeabi_ddiv
    data_transfer.o(.text) refers to dmul.o(.text) for __aeabi_dmul
[...]
    printf8.o(i.__0printf$8) refers to usart1.o(.text) for fputc
    printf8.o(i.__0printf$8) refers to stdout.o(.data) for __stdout
    printf8.o(i.__0snprintf$8) refers to printf8.o(i._printf_core) for _printf_core
    printf8.o(i.__0snprintf$8) refers to printf8.o(i._snputc) for _snputc
    printf8.o(i.__0sprintf$8) refers to printf8.o(i._printf_core) for _printf_core
    printf8.o(i.__0sprintf$8) refers to printf8.o(i._sputc) for _sputc
    printf8.o(i.__0vfprintf$8) refers to printf8.o(i._printf_core) for _printf_core
    printf8.o(i.__0vfprintf$8) refers to usart1.o(.text) for fputc
    printf8.o(i.__0vprintf$8) refers to printf8.o(i._printf_core) for _printf_core
    printf8.o(i.__0vprintf$8) refers to usart1.o(.text) for fputc
    printf8.o(i.__0vprintf$8) refers to stdout.o(.data) for __stdout
    printf8.o(i.__0vsnprintf$8) refers to printf8.o(i._printf_core) for _printf_core
    printf8.o(i.__0vsnprintf$8) refers to printf8.o(i._snputc) for _snputc
    printf8.o(i.__0vsprintf$8) refers to printf8.o(i._printf_core) for _printf_core
    printf8.o(i.__0vsprintf$8) refers to printf8.o(i._sputc) for _sputc
    printf8.o(i._printf_core) refers to printf8.o(i._printf_pre_padding) for _printf_pre_padding
    printf8.o(i._printf_core) refers to uldiv.o(.text) for __aeabi_uldivmod
    printf8.o(i._printf_core) refers to printf8.o(i._printf_post_padding) for _printf_post_padding
    printfa.o(i.__0fprintf) refers (Special) to iusefp.o(.text) for __I$use$fp
    printfa.o(i.__0fprintf) refers to printfa.o(i._printf_core) for _printf_core
    printfa.o(i.__0fprintf) refers to usart1.o(.text) for fputc
    printfa.o(i.__0printf) refers (Special) to iusefp.o(.text) for __I$use$fp
    printfa.o(i.__0printf) refers to printfa.o(i._printf_core) for _printf_core
    printfa.o(i.__0printf) refers to usart1.o(.text) for fputc
    printfa.o(i.__0printf) refers to stdout.o(.data) for __stdout
    printfa.o(i.__0snprintf) refers (Special) to iusefp.o(.text) for __I$use$fp
    printfa.o(i.__0snprintf) refers to printfa.o(i._printf_core) for _printf_core
    printfa.o(i.__0snprintf) refers to printfa.o(i._snputc) for _snputc
    printfa.o(i.__0sprintf) refers (Special) to iusefp.o(.text) for __I$use$fp
    printfa.o(i.__0sprintf) refers to printfa.o(i._printf_core) for _printf_core
    printfa.o(i.__0sprintf) refers to printfa.o(i._sputc) for _sputc
    printfa.o(i.__0vfprintf) refers (Special) to iusefp.o(.text) for __I$use$fp
    printfa.o(i.__0vfprintf) refers to printfa.o(i._printf_core) for _printf_core
    printfa.o(i.__0vfprintf) refers to usart1.o(.text) for fputc
    printfa.o(i.__0vprintf) refers (Special) to iusefp.o(.text) for __I$use$fp
    printfa.o(i.__0vprintf) refers to printfa.o(i._printf_core) for _printf_core
    printfa.o(i.__0vprintf) refers to usart1.o(.text) for fputc
    printfa.o(i.__0vprintf) refers to stdout.o(.data) for __stdout
    printfa.o(i.__0vsnprintf) refers (Special) to iusefp.o(.text) for __I$use$fp
    printfa.o(i.__0vsnprintf) refers to printfa.o(i._printf_core) for _printf_core
    printfa.o(i.__0vsnprintf) refers to printfa.o(i._snputc) for _snputc
    printfa.o(i.__0vsprintf) refers (Special) to iusefp.o(.text) for __I$use$fp
    printfa.o(i.__0vsprintf) refers to printfa.o(i._printf_core) for _printf_core
    printfa.o(i.__0vsprintf) refers to printfa.o(i._sputc) for _sputc
    printfa.o(i._fp_digits) refers (Special) to iusefp.o(.text) for __I$use$fp
    printfa.o(i._fp_digits) refers to dmul.o(.text) for __aeabi_dmul
    printfa.o(i._fp_digits) refers to ddiv.o(.text) for __aeabi_ddiv
    printfa.o(i._fp_digits) refers to cdrcmple.o(.text) for __aeabi_cdrcmple
    printfa.o(i._fp_digits) refers to dadd.o(.text) for __aeabi_dadd
    printfa.o(i._fp_digits) refers to dfixul.o(.text) for __aeabi_d2ulz
    printfa.o(i._fp_digits) refers to uldiv.o(.text) for __aeabi_uldivmod
    printfa.o(i._printf_core) refers (Special) to iusefp.o(.text) for __I$use$fp
    printfa.o(i._printf_core) refers to printfa.o(i._printf_pre_padding) for _printf_pre_padding
    printfa.o(i._printf_core) refers to uldiv.o(.text) for __aeabi_uldivmod
    printfa.o(i._printf_core) refers to printfa.o(i._printf_post_padding) for _printf_post_padding
    printfa.o(i._printf_core) refers to printfa.o(i._fp_digits) for _fp_digits
    printfa.o(i._printf_core) refers to uidiv.o(.text) for __aeabi_uidivmod
    printfa.o(i._printf_post_padding) refers (Special) to iusefp.o(.text) for __I$use$fp
    printfa.o(i._printf_pre_padding) refers (Special) to iusefp.o(.text) for __I$use$fp
    printfa.o(i._snputc) refers (Special) to iusefp.o(.text) for __I$use$fp
    printfa.o(i._sputc) refers (Special) to iusefp.o(.text) for __I$use$fp
    fadd.o(.text) refers (Special) to iusefp.o(.text) for __I$use$fp
    fadd.o(.text) refers to fepilogue.o(.text) for _float_epilogue
    fmul.o(.text) refers (Special) to iusefp.o(.text) for __I$use$fp
    fdiv.o(.text) refers (Special) to iusefp.o(.text) for __I$use$fp
    fdiv.o(.text) refers to fepilogue.o(.text) for _float_round
    dmul.o(.text) refers (Special) to iusefp.o(.text) for __I$use$fp
    dmul.o(.text) refers to depilogue.o(.text) for _double_epilogue
    ddiv.o(.text) refers (Special) to iusefp.o(.text) for __I$use$fp
    ddiv.o(.text) refers to depilogue.o(.text) for _double_round
    fflti.o(.text) refers (Special) to iusefp.o(.text) for __I$use$fp
    fflti.o(.text) refers to fepilogue.o(.text) for _float_epilogue
    ffltui.o(.text) refers (Special) to iusefp.o(.text) for __I$use$fp
    ffltui.o(.text) refers to fepilogue.o(.text) for _float_epilogue
    dflti.o(.text) refers (Special) to iusefp.o(.text) for __I$use$fp
    dflti.o(.text) refers to depilogue.o(.text) for _double_epilogue
    dfltui.o(.text) refers (Special) to iusefp.o(.text) for __I$use$fp
    dfltui.o(.text) refers to depilogue.o(.text) for _double_epilogue
    ffixi.o(.text) refers (Special) to iusefp.o(.text) for __I$use$fp
    ffixui.o(.text) refers (Special) to iusefp.o(.text) for __I$use$fp
    dfixui.o(.text) refers (Special) to iusefp.o(.text) for __I$use$fp
    dfixui.o(.text) refers to llushr.o(.text) for __aeabi_llsr
    d2f.o(.text) refers (Special) to iusefp.o(.text) for __I$use$fp
    d2f.o(.text) refers to fepilogue.o(.text) for _float_round
    cfcmple.o(.text) refers (Special) to iusefp.o(.text) for __I$use$fp
    cfrcmple.o(.text) refers (Special) to iusefp.o(.text) for __I$use$fp
    entry2.o(.ARM.Collect$$$$00000001) refers to entry2.o(.ARM.Collect$$$$00002712) for __lit__00000000
    entry2.o(.ARM.Collect$$$$00002712) refers to startup_stm32f10x_hd.o(STACK) for __initial_sp
    entry2.o(__vectab_stack_and_reset_area) refers to startup_stm32f10x_hd.o(STACK) for __initial_sp
    entry2.o(__vectab_stack_and_reset_area) refers to entry.o(.ARM.Collect$$$$00000000) for __main
    entry5.o(.ARM.Collect$$$$00000004) refers to init.o(.text) for __scatterload
    entry9a.o(.ARM.Collect$$$$0000000B) refers to main.o(.text) for main
    entry9b.o(.ARM.Collect$$$$0000000C) refers to main.o(.text) for main
    uldiv.o(.text) refers to llushr.o(.text) for __aeabi_llsr
    uldiv.o(.text) refers to llshl.o(.text) for __aeabi_llsl
    depilogue.o(.text) refers to llshl.o(.text) for __aeabi_llsl
    depilogue.o(.text) refers to llushr.o(.text) for __aeabi_llsr
    dadd.o(.text) refers to llshl.o(.text) for __aeabi_llsl
    dadd.o(.text) refers to llsshr.o(.text) for __aeabi_lasr
    dadd.o(.text) refers to depilogue.o(.text) for _double_epilogue
    dfixul.o(.text) refers to llushr.o(.text) for __aeabi_llsr
    dfixul.o(.text) refers to llshl.o(.text) for __aeabi_llsl
    init.o(.text) refers to entry5.o(.ARM.Collect$$$$00000004) for __main_after_scatterload


==============================================================================

Removing Unused input sections from the image.

    Removing startup_stm32f10x_hd.o(HEAP), (512 bytes).
    Removing core_cm3.o(.emb_text), (32 bytes).
    Removing stm32f10x_i2c.o(.text), (1028 bytes).
    Removing dadd.o(.text), (334 bytes).
    Removing dfixul.o(.text), (48 bytes).
    Removing cdrcmple.o(.text), (40 bytes).

6 unused section(s) (total 1994 bytes) removed from the image.

==============================================================================

Image Symbol Table

    Local Symbols

    Symbol Name                              Value     Ov Type        Size  Object(Section)

    ../clib/microlib/division.c              0x00000000   Number         0  uidiv.o ABSOLUTE
    ../clib/microlib/division.c              0x00000000   Number         0  uldiv.o ABSOLUTE
    ../clib/microlib/init/entry.s            0x00000000   Number         0  entry8b.o ABSOLUTE
    ../clib/microlib/init/entry.s            0x00000000   Number         0  entry8a.o ABSOLUTE
    ../clib/microlib/init/entry.s            0x00000000   Number         0  entry7b.o ABSOLUTE
    ../clib/microlib/init/entry.s            0x00000000   Number         0  entry10a.o ABSOLUTE
    ../clib/microlib/init/entry.s            0x00000000   Number         0  entry7a.o ABSOLUTE
    ../clib/microlib/init/entry.s            0x00000000   Number         0  entry5.o ABSOLUTE
    ../clib/microlib/init/entry.s            0x00000000   Number         0  entry11b.o ABSOLUTE
    ../clib/microlib/init/entry.s            0x00000000   Number         0  entry10b.o ABSOLUTE
    ../clib/microlib/init/entry.s            0x00000000   Number         0  entry2.o ABSOLUTE
    ../clib/microlib/init/entry.s            0x00000000   Number         0  entry9b.o ABSOLUTE
    ../clib/microlib/init/entry.s            0x00000000   Number         0  entry.o ABSOLUTE
    ../clib/microlib/init/entry.s            0x00000000   Number         0  entry9a.o ABSOLUTE
    ../clib/microlib/init/entry.s            0x00000000   Number         0  entry11a.o ABSOLUTE
    ../clib/microlib/longlong.c              0x00000000   Number         0  llushr.o ABSOLUTE
    ../clib/microlib/longlong.c              0x00000000   Number         0  llsshr.o ABSOLUTE
    ../clib/microlib/longlong.c              0x00000000   Number         0  llshl.o ABSOLUTE
    ../clib/microlib/printf/printf.c         0x00000000   Number         0  printfa.o ABSOLUTE
    ../clib/microlib/printf/printf.c         0x00000000   Number         0  printf3.o ABSOLUTE
    ../clib/microlib/printf/printf.c         0x00000000   Number         0  printf4.o ABSOLUTE
    ../clib/microlib/printf/printf.c         0x00000000   Number         0  printf8.o ABSOLUTE
    ../clib/microlib/printf/printf.c         0x00000000   Number         0  printf7.o ABSOLUTE
    ../clib/microlib/printf/printf.c         0x00000000   Number         0  printf6.o ABSOLUTE
    ../clib/microlib/printf/printf.c         0x00000000   Number         0  printf5.o ABSOLUTE
    ../clib/microlib/printf/printf.c         0x00000000   Number         0  printf1.o ABSOLUTE
    ../clib/microlib/printf/printf.c         0x00000000   Number         0  printf0.o ABSOLUTE
    ../clib/microlib/printf/printf.c         0x00000000   Number         0  printfb.o ABSOLUTE
    ../clib/microlib/printf/printf.c         0x00000000   Number         0  printf2.o ABSOLUTE
    ../clib/microlib/printf/stubs.s          0x00000000   Number         0  stubs.o ABSOLUTE
    ../clib/microlib/stdio/streams.c         0x00000000   Number         0  stdout.o ABSOLUTE
    ../clib/microlib/stubs.s                 0x00000000   Number         0  iusefp.o ABSOLUTE
    ../fplib/microlib/d2f.c                  0x00000000   Number         0  d2f.o ABSOLUTE
    ../fplib/microlib/fpadd.c                0x00000000   Number         0  fadd.o ABSOLUTE
    ../fplib/microlib/fpadd.c                0x00000000   Number         0  dadd.o ABSOLUTE
    ../fplib/microlib/fpdiv.c                0x00000000   Number         0  fdiv.o ABSOLUTE
    ../fplib/microlib/fpdiv.c                0x00000000   Number         0  ddiv.o ABSOLUTE
    ../fplib/microlib/fpepilogue.c           0x00000000   Number         0  depilogue.o ABSOLUTE
    ../fplib/microlib/fpepilogue.c           0x00000000   Number         0  fepilogue.o ABSOLUTE
    ../fplib/microlib/fpfix.c                0x00000000   Number         0  ffixi.o ABSOLUTE
    ../fplib/microlib/fpfix.c                0x00000000   Number         0  dfixui.o ABSOLUTE
    ../fplib/microlib/fpfix.c                0x00000000   Number         0  ffixui.o ABSOLUTE
    ../fplib/microlib/fpfix.c                0x00000000   Number         0  dfixul.o ABSOLUTE
    ../fplib/microlib/fpflt.c                0x00000000   Number         0  dfltui.o ABSOLUTE
    ../fplib/microlib/fpflt.c                0x00000000   Number         0  dflti.o ABSOLUTE
    ../fplib/microlib/fpflt.c                0x00000000   Number         0  ffltui.o ABSOLUTE
    ../fplib/microlib/fpflt.c                0x00000000   Number         0  fflti.o ABSOLUTE
    ../fplib/microlib/fpmul.c                0x00000000   Number         0  dmul.o ABSOLUTE
    ../fplib/microlib/fpmul.c                0x00000000   Number         0  fmul.o ABSOLUTE
    ..\BSP\ADC.c                             0x00000000   Number         0  adc.o ABSOLUTE
    ..\BSP\Led.c                             0x00000000   Number         0  led.o ABSOLUTE
    ..\BSP\Motor.c                           0x00000000   Number         0  motor.o ABSOLUTE
    ..\BSP\NRF24L.c                          0x00000000   Number         0  nrf24l.o ABSOLUTE
    ..\BSP\SPI1.c                            0x00000000   Number         0  spi1.o ABSOLUTE
    ..\BSP\Tim3.c                            0x00000000   Number         0  tim3.o ABSOLUTE
    ..\BSP\Tim_PWM_In.c                      0x00000000   Number         0  tim_pwm_in.o ABSOLUTE
    ..\BSP\Time.c                            0x00000000   Number         0  time.o ABSOLUTE
    ..\BSP\USART1.c                          0x00000000   Number         0  usart1.o ABSOLUTE
    ..\BSP\USART2.c                          0x00000000   Number         0  usart2.o ABSOLUTE
    ..\CMSIS\core_cm3.c                      0x00000000   Number         0  core_cm3.o ABSOLUTE
    ..\CMSIS\startup\arm\startup_stm32f10x_hd.s 0x00000000   Number         0  startup_stm32f10x_hd.o ABSOLUTE
    ..\CMSIS\system_stm32f10x.c              0x00000000   Number         0  system_stm32f10x.o ABSOLUTE
    ..\Lib\src\misc.c                        0x00000000   Number         0  misc.o ABSOLUTE
    ..\Lib\src\stm32f10x_adc.c               0x00000000   Number         0  stm32f10x_adc.o ABSOLUTE
    ..\Lib\src\stm32f10x_dma.c               0x00000000   Number         0  stm32f10x_dma.o ABSOLUTE
    ..\Lib\src\stm32f10x_gpio.c              0x00000000   Number         0  stm32f10x_gpio.o ABSOLUTE
    ..\Lib\src\stm32f10x_i2c.c               0x00000000   Number         0  stm32f10x_i2c.o ABSOLUTE
    ..\Lib\src\stm32f10x_rcc.c               0x00000000   Number         0  stm32f10x_rcc.o ABSOLUTE
    ..\Lib\src\stm32f10x_spi.c               0x00000000   Number         0  stm32f10x_spi.o ABSOLUTE
    ..\Lib\src\stm32f10x_tim.c               0x00000000   Number         0  stm32f10x_tim.o ABSOLUTE
    ..\Lib\src\stm32f10x_usart.c             0x00000000   Number         0  stm32f10x_usart.o ABSOLUTE
    ..\User\Control.c                        0x00000000   Number         0  control.o ABSOLUTE
    ..\User\Data_Transfer.c                  0x00000000   Number         0  data_transfer.o ABSOLUTE
    ..\User\IMU.c                            0x00000000   Number         0  imu.o ABSOLUTE
    ..\User\RC.c                             0x00000000   Number         0  rc.o ABSOLUTE
    ..\User\main.c                           0x00000000   Number         0  main.o ABSOLUTE
    ..\User\stm32f10x_it.c                   0x00000000   Number         0  stm32f10x_it.o ABSOLUTE
    ..\\CMSIS\\core_cm3.c                    0x00000000   Number         0  core_cm3.o ABSOLUTE
    cdrcmple.s                               0x00000000   Number         0  cdrcmple.o ABSOLUTE
    cfcmple.s                                0x00000000   Number         0  cfcmple.o ABSOLUTE
    cfrcmple.s                               0x00000000   Number         0  cfrcmple.o ABSOLUTE
    dc.s                                     0x00000000   Number         0  dc.o ABSOLUTE
    handlers.s                               0x00000000   Number         0  handlers.o ABSOLUTE
    init.s                                   0x00000000   Number         0  init.o ABSOLUTE
    RESET                                    0x08000000   Section      304  startup_stm32f10x_hd.o(RESET)
    .ARM.Collect$$$$00000000                 0x08000130   Section        0  entry.o(.ARM.Collect$$$$00000000)
    .ARM.Collect$$$$00000001                 0x08000130   Section        4  entry2.o(.ARM.Collect$$$$00000001)
    .ARM.Collect$$$$00000004                 0x08000134   Section        4  entry5.o(.ARM.Collect$$$$00000004)
    .ARM.Collect$$$$00000008                 0x08000138   Section        0  entry7b.o(.ARM.Collect$$$$00000008)
    .ARM.Collect$$$$0000000A                 0x08000138   Section        0  entry8b.o(.ARM.Collect$$$$0000000A)
    .ARM.Collect$$$$0000000B                 0x08000138   Section        8  entry9a.o(.ARM.Collect$$$$0000000B)
    .ARM.Collect$$$$0000000D                 0x08000140   Section        0  entry10a.o(.ARM.Collect$$$$0000000D)
    .ARM.Collect$$$$0000000F                 0x08000140   Section        0  entry11a.o(.ARM.Collect$$$$0000000F)
    .ARM.Collect$$$$00002712                 0x08000140   Section        4  entry2.o(.ARM.Collect$$$$00002712)
    __lit__00000000                          0x08000140   Data           4  entry2.o(.ARM.Collect$$$$00002712)
    .text                                    0x08000144   Section       36  startup_stm32f10x_hd.o(.text)
    .text                                    0x08000168   Section        0  system_stm32f10x.o(.text)
    SetSysClockTo72                          0x08000169   Thumb Code   214  system_stm32f10x.o(.text)
    SetSysClock                              0x0800023f   Thumb Code     8  system_stm32f10x.o(.text)
    .text                                    0x08000348   Section        0  main.o(.text)
    .text                                    0x080004dc   Section        0  stm32f10x_it.o(.text)
    .text                                    0x08000930   Section        0  rc.o(.text)
    .text                                    0x080009a4   Section        0  control.o(.text)
    .text                                    0x08000d38   Section        0  imu.o(.text)
    .text                                    0x08000d88   Section        0  data_transfer.o(.text)
    .text                                    0x08001438   Section        0  tim3.o(.text)
    NVIC_Config                              0x08001439   Thumb Code    42  tim3.o(.text)
    .text                                    0x080014b8   Section        0  usart1.o(.text)
    NVIC_Config                              0x08001573   Thumb Code    40  usart1.o(.text)
    .text                                    0x08001610   Section        0  spi1.o(.text)
    .text                                    0x08001708   Section        0  led.o(.text)
    .text                                    0x0800187c   Section        0  motor.o(.text)
    PWM_GPIO_Init                            0x0800187d   Thumb Code    56  motor.o(.text)
    PWM_Mode_Init                            0x080018b5   Thumb Code   164  motor.o(.text)
    .text                                    0x08001a70   Section        0  time.o(.text)
    NVIC_SetPriority                         0x08001a71   Thumb Code    32  time.o(.text)
    .text                                    0x08001bc8   Section        0  tim_pwm_in.o(.text)
    Rc_DataAnl                               0x08001bc9   Thumb Code    36  tim_pwm_in.o(.text)
    NVIC_Config                              0x08001c07   Thumb Code    40  tim_pwm_in.o(.text)
    .text                                    0x08001f7c   Section        0  nrf24l.o(.text)
    .text                                    0x080021f0   Section        0  adc.o(.text)
    ADC1_GPIO_Config                         0x080021f1   Thumb Code    42  adc.o(.text)
    ADC1_Mode_Config                         0x0800221b   Thumb Code   202  adc.o(.text)
    .text                                    0x08002300   Section        0  usart2.o(.text)
    NVIC_Config                              0x08002375   Thumb Code    40  usart2.o(.text)
    itoa                                     0x0800239d   Thumb Code    98  usart2.o(.text)
    .text                                    0x08002578   Section        0  misc.o(.text)
    .text                                    0x08002654   Section        0  stm32f10x_adc.o(.text)
    .text                                    0x08002aa4   Section        0  stm32f10x_dma.o(.text)
    .text                                    0x08002cf8   Section        0  stm32f10x_gpio.o(.text)
    .text                                    0x08003054   Section        0  stm32f10x_rcc.o(.text)
    .text                                    0x080033f8   Section        0  stm32f10x_spi.o(.text)
    .text                                    0x08003704   Section        0  stm32f10x_tim.o(.text)
    TI4_Config                               0x08003bab   Thumb Code   130  stm32f10x_tim.o(.text)
    TI3_Config                               0x08003c3f   Thumb Code   122  stm32f10x_tim.o(.text)
    TI2_Config                               0x08003cd3   Thumb Code   130  stm32f10x_tim.o(.text)
    TI1_Config                               0x08003d67   Thumb Code   108  stm32f10x_tim.o(.text)
    .text                                    0x08004520   Section        0  stm32f10x_usart.o(.text)
    .text                                    0x08004928   Section        0  fadd.o(.text)
    .text                                    0x080049d8   Section        0  fmul.o(.text)
    .text                                    0x08004a3c   Section        0  fdiv.o(.text)
    .text                                    0x08004ab8   Section        0  dmul.o(.text)
    .text                                    0x08004b9c   Section        0  ddiv.o(.text)
    .text                                    0x08004c7a   Section        0  fflti.o(.text)
    .text                                    0x08004c8c   Section        0  ffltui.o(.text)
    .text                                    0x08004c96   Section        0  dflti.o(.text)
    .text                                    0x08004cb8   Section        0  dfltui.o(.text)
    .text                                    0x08004cd2   Section        0  ffixi.o(.text)
    .text                                    0x08004d04   Section        0  ffixui.o(.text)
    .text                                    0x08004d2c   Section        0  dfixui.o(.text)
    .text                                    0x08004d5e   Section        0  d2f.o(.text)
    .text                                    0x08004d98   Section       20  cfcmple.o(.text)
    .text                                    0x08004dac   Section       20  cfrcmple.o(.text)
    .text                                    0x08004dc0   Section        0  llushr.o(.text)
    .text                                    0x08004de0   Section        0  iusefp.o(.text)
    .text                                    0x08004de0   Section        0  fepilogue.o(.text)
    .text                                    0x08004e4e   Section        0  depilogue.o(.text)
    .text                                    0x08004f04   Section       36  init.o(.text)
    .text                                    0x08004f28   Section        0  llshl.o(.text)
    i.__0printf$2                            0x08004f48   Section        0  printf2.o(i.__0printf$2)
    i.__scatterload_copy                     0x08004f68   Section       14  handlers.o(i.__scatterload_copy)
    i.__scatterload_null                     0x08004f76   Section        2  handlers.o(i.__scatterload_null)
    i.__scatterload_zeroinit                 0x08004f78   Section       14  handlers.o(i.__scatterload_zeroinit)
    i._printf_core                           0x08004f86   Section        0  printf2.o(i._printf_core)
    _printf_core                             0x08004f87   Thumb Code   214  printf2.o(i._printf_core)
    .data                                    0x20000000   Section       20  system_stm32f10x.o(.data)
    .data                                    0x20000014   Section       42  main.o(.data)
    att_cnt                                  0x20000039   Data           1  main.o(.data)
    rc_cnt                                   0x2000003a   Data           1  main.o(.data)
    status_cnt                               0x2000003b   Data           1  main.o(.data)
    dt_rc_cnt                                0x2000003c   Data           1  main.o(.data)
    dt_moto_cnt                              0x2000003d   Data           1  main.o(.data)
    .data                                    0x20000040   Section       39  stm32f10x_it.o(.data)
    RxState                                  0x20000060   Data           1  stm32f10x_it.o(.data)
    _data_len                                0x20000061   Data           1  stm32f10x_it.o(.data)
    _data_cnt                                0x20000062   Data           1  stm32f10x_it.o(.data)
    count                                    0x20000064   Data           2  stm32f10x_it.o(.data)
    ms1_cnt                                  0x20000066   Data           1  stm32f10x_it.o(.data)
    .data                                    0x20000067   Section        1  rc.o(.data)
    cnt_arm                                  0x20000067   Data           1  rc.o(.data)
    .data                                    0x20000068   Section       24  control.o(.data)
    .data                                    0x20000080   Section       12  data_transfer.o(.data)
    .data                                    0x2000008c   Section        4  tim3.o(.data)
    .data                                    0x20000090   Section        6  led.o(.data)
    Ledx_temp                                0x20000090   Data           4  led.o(.data)
    Ledx_sta                                 0x20000094   Data           1  led.o(.data)
    busy                                     0x20000095   Data           1  led.o(.data)
    .data                                    0x20000096   Section       32  tim_pwm_in.o(.data)
    Rc_Pwm_In                                0x20000096   Data           8  tim_pwm_in.o(.data)
    Rc_Data                                  0x2000009e   Data           8  tim_pwm_in.o(.data)
    temp_cnt1                                0x200000a6   Data           2  tim_pwm_in.o(.data)
    temp_cnt1_2                              0x200000a8   Data           2  tim_pwm_in.o(.data)
    temp_cnt2                                0x200000aa   Data           2  tim_pwm_in.o(.data)
    temp_cnt2_2                              0x200000ac   Data           2  tim_pwm_in.o(.data)
    temp_cnt3                                0x200000ae   Data           2  tim_pwm_in.o(.data)
    temp_cnt3_2                              0x200000b0   Data           2  tim_pwm_in.o(.data)
    temp_cnt4                                0x200000b2   Data           2  tim_pwm_in.o(.data)
    temp_cnt4_2                              0x200000b4   Data           2  tim_pwm_in.o(.data)
    .data                                    0x200000b6   Section       10  nrf24l.o(.data)
    .data                                    0x200000c0   Section        2  adc.o(.data)
    .data                                    0x200000c2   Section       20  stm32f10x_rcc.o(.data)
    APBAHBPrescTable                         0x200000c2   Data          16  stm32f10x_rcc.o(.data)
    ADCPrescTable                            0x200000d2   Data           4  stm32f10x_rcc.o(.data)
    .data                                    0x200000d8   Section        4  stdout.o(.data)
    .bss                                     0x200000dc   Section       24  main.o(.bss)
    .bss                                     0x200000f4   Section       50  stm32f10x_it.o(.bss)
    RxBuffer                                 0x200000f4   Data          50  stm32f10x_it.o(.bss)
    .bss                                     0x20000128   Section      160  control.o(.bss)
    .bss                                     0x200001c8   Section       50  data_transfer.o(.bss)
    .bss                                     0x200001fa   Section       23  usart1.o(.bss)
    .bss                                     0x20000212   Section       16  motor.o(.bss)
    .bss                                     0x20000224   Section       16  time.o(.bss)
    time                                     0x20000224   Data          16  time.o(.bss)
    .bss                                     0x20000234   Section       64  nrf24l.o(.bss)
    STACK                                    0x20000278   Section     1024  startup_stm32f10x_hd.o(STACK)

    Global Symbols

    Symbol Name                              Value     Ov Type        Size  Object(Section)

    BuildAttributes$$THM_ISAv4$P$D$K$B$S$PE$A:L22UL41UL21$X:L11$S22US41US21$IEEE1$IW$USESV6$~STKCKD$USESV7$~SHL$OTIME$ROPI$EBA8$MICROLIB$REQ8$PRES8$EABIv2 0x00000000   Number         0  anon$$obj.o ABSOLUTE
    __ARM_use_no_argv                        0x00000000   Number         0  main.o ABSOLUTE
    _printf_a                                0x00000000   Number         0  stubs.o ABSOLUTE
    _printf_c                                0x00000000   Number         0  stubs.o ABSOLUTE
    _printf_charcount                        0x00000000   Number         0  stubs.o ABSOLUTE
    _printf_d                                0x00000000   Number         0  stubs.o ABSOLUTE
    _printf_e                                0x00000000   Number         0  stubs.o ABSOLUTE
    _printf_f                                0x00000000   Number         0  stubs.o ABSOLUTE
    _printf_flags                            0x00000000   Number         0  stubs.o ABSOLUTE
    _printf_fp_dec                           0x00000000   Number         0  stubs.o ABSOLUTE
    _printf_fp_hex                           0x00000000   Number         0  stubs.o ABSOLUTE
    _printf_g                                0x00000000   Number         0  stubs.o ABSOLUTE
    _printf_i                                0x00000000   Number         0  stubs.o ABSOLUTE
    _printf_int_dec                          0x00000000   Number         0  stubs.o ABSOLUTE
    _printf_l                                0x00000000   Number         0  stubs.o ABSOLUTE
    _printf_lc                               0x00000000   Number         0  stubs.o ABSOLUTE
    _printf_ll                               0x00000000   Number         0  stubs.o ABSOLUTE
    _printf_lld                              0x00000000   Number         0  stubs.o ABSOLUTE
    _printf_lli                              0x00000000   Number         0  stubs.o ABSOLUTE
    _printf_llo                              0x00000000   Number         0  stubs.o ABSOLUTE
    _printf_llu                              0x00000000   Number         0  stubs.o ABSOLUTE
    _printf_llx                              0x00000000   Number         0  stubs.o ABSOLUTE
    _printf_longlong_dec                     0x00000000   Number         0  stubs.o ABSOLUTE
    _printf_longlong_hex                     0x00000000   Number         0  stubs.o ABSOLUTE
    _printf_longlong_oct                     0x00000000   Number         0  stubs.o ABSOLUTE
    _printf_ls                               0x00000000   Number         0  stubs.o ABSOLUTE
    _printf_mbtowc                           0x00000000   Number         0  stubs.o ABSOLUTE
    _printf_n                                0x00000000   Number         0  stubs.o ABSOLUTE
    _printf_o                                0x00000000   Number         0  stubs.o ABSOLUTE
    _printf_p                                0x00000000   Number         0  stubs.o ABSOLUTE
    _printf_percent                          0x00000000   Number         0  stubs.o ABSOLUTE
    _printf_pre_padding                      0x00000000   Number         0  stubs.o ABSOLUTE
    _printf_return_value                     0x00000000   Number         0  stubs.o ABSOLUTE
    _printf_s                                0x00000000   Number         0  stubs.o ABSOLUTE
    _printf_sizespec                         0x00000000   Number         0  stubs.o ABSOLUTE
    _printf_str                              0x00000000   Number         0  stubs.o ABSOLUTE
    _printf_truncate_signed                  0x00000000   Number         0  stubs.o ABSOLUTE
    _printf_truncate_unsigned                0x00000000   Number         0  stubs.o ABSOLUTE
    _printf_u                                0x00000000   Number         0  stubs.o ABSOLUTE
    _printf_wc                               0x00000000   Number         0  stubs.o ABSOLUTE
    _printf_wctomb                           0x00000000   Number         0  stubs.o ABSOLUTE
    _printf_widthprec                        0x00000000   Number         0  stubs.o ABSOLUTE
    _printf_x                                0x00000000   Number         0  stubs.o ABSOLUTE
    __cpp_initialize__aeabi_                  - Undefined Weak Reference
    __cxa_finalize                            - Undefined Weak Reference
    __decompress                              - Undefined Weak Reference
    _clock_init                               - Undefined Weak Reference
    _microlib_exit                            - Undefined Weak Reference
    __Vectors_Size                           0x00000130   Number         0  startup_stm32f10x_hd.o ABSOLUTE
    __Vectors                                0x08000000   Data           4  startup_stm32f10x_hd.o(RESET)
    __Vectors_End                            0x08000130   Data           0  startup_stm32f10x_hd.o(RESET)
    __main                                   0x08000131   Thumb Code     0  entry.o(.ARM.Collect$$$$00000000)
    _main_stk                                0x08000131   Thumb Code     0  entry2.o(.ARM.Collect$$$$00000001)
    _main_scatterload                        0x08000135   Thumb Code     0  entry5.o(.ARM.Collect$$$$00000004)
    __main_after_scatterload                 0x08000139   Thumb Code     0  entry5.o(.ARM.Collect$$$$00000004)
    _main_clock                              0x08000139   Thumb Code     0  entry7b.o(.ARM.Collect$$$$00000008)
    _main_cpp_init                           0x08000139   Thumb Code     0  entry8b.o(.ARM.Collect$$$$0000000A)
    _main_init                               0x08000139   Thumb Code     0  entry9a.o(.ARM.Collect$$$$0000000B)
    __rt_final_cpp                           0x08000141   Thumb Code     0  entry10a.o(.ARM.Collect$$$$0000000D)
    __rt_final_exit                          0x08000141   Thumb Code     0  entry11a.o(.ARM.Collect$$$$0000000F)
    Reset_Handler                            0x08000145   Thumb Code     8  startup_stm32f10x_hd.o(.text)
    ADC1_2_IRQHandler                        0x0800015f   Thumb Code     0  startup_stm32f10x_hd.o(.text)
    ADC3_IRQHandler                          0x0800015f   Thumb Code     0  startup_stm32f10x_hd.o(.text)
    CAN1_RX1_IRQHandler                      0x0800015f   Thumb Code     0  startup_stm32f10x_hd.o(.text)
    CAN1_SCE_IRQHandler                      0x0800015f   Thumb Code     0  startup_stm32f10x_hd.o(.text)
    DMA1_Channel1_IRQHandler                 0x0800015f   Thumb Code     0  startup_stm32f10x_hd.o(.text)
    DMA1_Channel2_IRQHandler                 0x0800015f   Thumb Code     0  startup_stm32f10x_hd.o(.text)
    DMA1_Channel3_IRQHandler                 0x0800015f   Thumb Code     0  startup_stm32f10x_hd.o(.text)
    DMA1_Channel4_IRQHandler                 0x0800015f   Thumb Code     0  startup_stm32f10x_hd.o(.text)
    DMA1_Channel6_IRQHandler                 0x0800015f   Thumb Code     0  startup_stm32f10x_hd.o(.text)
    DMA1_Channel7_IRQHandler                 0x0800015f   Thumb Code     0  startup_stm32f10x_hd.o(.text)
    DMA2_Channel1_IRQHandler                 0x0800015f   Thumb Code     0  startup_stm32f10x_hd.o(.text)
    DMA2_Channel2_IRQHandler                 0x0800015f   Thumb Code     0  startup_stm32f10x_hd.o(.text)
    DMA2_Channel3_IRQHandler                 0x0800015f   Thumb Code     0  startup_stm32f10x_hd.o(.text)
    DMA2_Channel4_5_IRQHandler               0x0800015f   Thumb Code     0  startup_stm32f10x_hd.o(.text)
    EXTI0_IRQHandler                         0x0800015f   Thumb Code     0  startup_stm32f10x_hd.o(.text)
    EXTI15_10_IRQHandler                     0x0800015f   Thumb Code     0  startup_stm32f10x_hd.o(.text)
    EXTI1_IRQHandler                         0x0800015f   Thumb Code     0  startup_stm32f10x_hd.o(.text)
    EXTI2_IRQHandler                         0x0800015f   Thumb Code     0  startup_stm32f10x_hd.o(.text)
    EXTI3_IRQHandler                         0x0800015f   Thumb Code     0  startup_stm32f10x_hd.o(.text)
    EXTI4_IRQHandler                         0x0800015f   Thumb Code     0  startup_stm32f10x_hd.o(.text)
    EXTI9_5_IRQHandler                       0x0800015f   Thumb Code     0  startup_stm32f10x_hd.o(.text)
    FLASH_IRQHandler                         0x0800015f   Thumb Code     0  startup_stm32f10x_hd.o(.text)
    FSMC_IRQHandler                          0x0800015f   Thumb Code     0  startup_stm32f10x_hd.o(.text)
    I2C1_ER_IRQHandler                       0x0800015f   Thumb Code     0  startup_stm32f10x_hd.o(.text)
    I2C1_EV_IRQHandler                       0x0800015f   Thumb Code     0  startup_stm32f10x_hd.o(.text)
    I2C2_ER_IRQHandler                       0x0800015f   Thumb Code     0  startup_stm32f10x_hd.o(.text)
    I2C2_EV_IRQHandler                       0x0800015f   Thumb Code     0  startup_stm32f10x_hd.o(.text)
    PVD_IRQHandler                           0x0800015f   Thumb Code     0  startup_stm32f10x_hd.o(.text)
    RCC_IRQHandler                           0x0800015f   Thumb Code     0  startup_stm32f10x_hd.o(.text)
    RTCAlarm_IRQHandler                      0x0800015f   Thumb Code     0  startup_stm32f10x_hd.o(.text)
    RTC_IRQHandler                           0x0800015f   Thumb Code     0  startup_stm32f10x_hd.o(.text)
    SDIO_IRQHandler                          0x0800015f   Thumb Code     0  startup_stm32f10x_hd.o(.text)
    SPI1_IRQHandler                          0x0800015f   Thumb Code     0  startup_stm32f10x_hd.o(.text)
    SPI2_IRQHandler                          0x0800015f   Thumb Code     0  startup_stm32f10x_hd.o(.text)
    SPI3_IRQHandler                          0x0800015f   Thumb Code     0  startup_stm32f10x_hd.o(.text)
    TAMPER_IRQHandler                        0x0800015f   Thumb Code     0  startup_stm32f10x_hd.o(.text)
    TIM1_BRK_IRQHandler                      0x0800015f   Thumb Code     0  startup_stm32f10x_hd.o(.text)
    TIM1_CC_IRQHandler                       0x0800015f   Thumb Code     0  startup_stm32f10x_hd.o(.text)
    TIM1_TRG_COM_IRQHandler                  0x0800015f   Thumb Code     0  startup_stm32f10x_hd.o(.text)
    TIM1_UP_IRQHandler                       0x0800015f   Thumb Code     0  startup_stm32f10x_hd.o(.text)
    TIM3_IRQHandler                          0x0800015f   Thumb Code     0  startup_stm32f10x_hd.o(.text)
    TIM5_IRQHandler                          0x0800015f   Thumb Code     0  startup_stm32f10x_hd.o(.text)
    TIM6_IRQHandler                          0x0800015f   Thumb Code     0  startup_stm32f10x_hd.o(.text)
    TIM7_IRQHandler                          0x0800015f   Thumb Code     0  startup_stm32f10x_hd.o(.text)
    TIM8_BRK_IRQHandler                      0x0800015f   Thumb Code     0  startup_stm32f10x_hd.o(.text)
    TIM8_CC_IRQHandler                       0x0800015f   Thumb Code     0  startup_stm32f10x_hd.o(.text)
    TIM8_TRG_COM_IRQHandler                  0x0800015f   Thumb Code     0  startup_stm32f10x_hd.o(.text)
    TIM8_UP_IRQHandler                       0x0800015f   Thumb Code     0  startup_stm32f10x_hd.o(.text)
    UART4_IRQHandler                         0x0800015f   Thumb Code     0  startup_stm32f10x_hd.o(.text)
    UART5_IRQHandler                         0x0800015f   Thumb Code     0  startup_stm32f10x_hd.o(.text)
    USART1_IRQHandler                        0x0800015f   Thumb Code     0  startup_stm32f10x_hd.o(.text)
    USART3_IRQHandler                        0x0800015f   Thumb Code     0  startup_stm32f10x_hd.o(.text)
    USBWakeUp_IRQHandler                     0x0800015f   Thumb Code     0  startup_stm32f10x_hd.o(.text)
    USB_HP_CAN1_TX_IRQHandler                0x0800015f   Thumb Code     0  startup_stm32f10x_hd.o(.text)
    USB_LP_CAN1_RX0_IRQHandler               0x0800015f   Thumb Code     0  startup_stm32f10x_hd.o(.text)
    WWDG_IRQHandler                          0x0800015f   Thumb Code     0  startup_stm32f10x_hd.o(.text)
    SystemInit                               0x08000247   Thumb Code    78  system_stm32f10x.o(.text)
    SystemCoreClockUpdate                    0x08000295   Thumb Code   142  system_stm32f10x.o(.text)
    Sys_Init                                 0x08000349   Thumb Code    94  main.o(.text)
    main                                     0x080003a7   Thumb Code   232  main.o(.text)
    NMI_Handler                              0x080004dd   Thumb Code     2  stm32f10x_it.o(.text)
    HardFault_Handler                        0x080004df   Thumb Code     4  stm32f10x_it.o(.text)
    MemManage_Handler                        0x080004e3   Thumb Code     4  stm32f10x_it.o(.text)
    BusFault_Handler                         0x080004e7   Thumb Code     4  stm32f10x_it.o(.text)
    UsageFault_Handler                       0x080004eb   Thumb Code     4  stm32f10x_it.o(.text)
    SVC_Handler                              0x080004ef   Thumb Code     2  stm32f10x_it.o(.text)
    DebugMon_Handler                         0x080004f1   Thumb Code     2  stm32f10x_it.o(.text)
    PendSV_Handler                           0x080004f3   Thumb Code     2  stm32f10x_it.o(.text)
    USART2_IRQHandler                        0x080004f5   Thumb Code   256  stm32f10x_it.o(.text)
    DMA1_Channel5_IRQHandler                 0x080005f5   Thumb Code   676  stm32f10x_it.o(.text)
    TIM4_IRQHandler                          0x08000899   Thumb Code     8  stm32f10x_it.o(.text)
    TIM2_IRQHandler                          0x080008a1   Thumb Code   144  stm32f10x_it.o(.text)
    Rc_Fun                                   0x08000931   Thumb Code   112  rc.o(.text)
    Control                                  0x080009a5   Thumb Code   852  control.o(.text)
    IMU_Init                                 0x08000d39   Thumb Code    74  imu.o(.text)
    Data_Receive_Anl                         0x08000d89   Thumb Code   324  data_transfer.o(.text)
    Nrf_Check_Event                          0x08000ecd   Thumb Code    94  data_transfer.o(.text)
    Nrf_Get_FIFOSta                          0x08000f2b   Thumb Code    10  data_transfer.o(.text)
    Data_Send_MotoPWM                        0x08000f35   Thumb Code   230  data_transfer.o(.text)
    Data_Send_RCData                         0x0800101b   Thumb Code   188  data_transfer.o(.text)
    Data_Send_Status                         0x080010d7   Thumb Code   382  data_transfer.o(.text)
    Data_Exchange                            0x08001255   Thumb Code    76  data_transfer.o(.text)
    Data_Send_Senser                         0x080012a1   Thumb Code     2  data_transfer.o(.text)
    Data_Send_VOTAGE                         0x080012a3   Thumb Code   296  data_transfer.o(.text)
    Data_Send_Check                          0x080013cb   Thumb Code    68  data_transfer.o(.text)
    Tim2_Init                                0x08001463   Thumb Code    84  tim3.o(.text)
    USART1_Config                            0x080014b9   Thumb Code   114  usart1.o(.text)
    NVIC_Configuration                       0x0800152b   Thumb Code    40  usart1.o(.text)
    fputc                                    0x08001553   Thumb Code    32  usart1.o(.text)
    DMA_Usart1_Config                        0x0800159b   Thumb Code   102  usart1.o(.text)
    Spi1_Init                                0x08001611   Thumb Code   186  spi1.o(.text)
    Spi_RW                                   0x080016cb   Thumb Code    50  spi1.o(.text)
    Led_Control                              0x08001709   Thumb Code   106  led.o(.text)
    Led_Init                                 0x08001773   Thumb Code   124  led.o(.text)
    Ledx_ONOFF                               0x080017ef   Thumb Code   124  led.o(.text)
    PWM_Change                               0x08001959   Thumb Code   104  motor.o(.text)
    motor_Init                               0x080019c1   Thumb Code    40  motor.o(.text)
    PWM_Init                                 0x080019e9   Thumb Code    16  motor.o(.text)
    motor_Control                            0x080019f9   Thumb Code   102  motor.o(.text)
    time_init                                0x08001a91   Thumb Code   146  time.o(.text)
    SysTick_Handler                          0x08001b23   Thumb Code    16  time.o(.text)
    time_nowUs                               0x08001b33   Thumb Code    42  time.o(.text)
    time_nowMs                               0x08001b5d   Thumb Code    30  time.o(.text)
    time_waitUs                              0x08001b7b   Thumb Code    36  time.o(.text)
    time_waitMs                              0x08001b9f   Thumb Code    18  time.o(.text)
    Rc_GetValue                              0x08001bed   Thumb Code    26  tim_pwm_in.o(.text)
    Tim_Pwm_In_Init                          0x08001c2f   Thumb Code   284  tim_pwm_in.o(.text)
    Tim4_Pwm_In_Irq                          0x08001d4b   Thumb Code   514  tim_pwm_in.o(.text)
    NRF_Write_Reg                            0x08001f7d   Thumb Code    48  nrf24l.o(.text)
    NRF_Read_Reg                             0x08001fad   Thumb Code    46  nrf24l.o(.text)
    NRF_Write_Buf                            0x08001fdb   Thumb Code    66  nrf24l.o(.text)
    NRF_Read_Buf                             0x0800201d   Thumb Code    68  nrf24l.o(.text)
    NRF_TxPacket                             0x08002061   Thumb Code    44  nrf24l.o(.text)
    NRF_TxPacket_AP                          0x0800208d   Thumb Code    34  nrf24l.o(.text)
    Nrf24l01_Check                           0x080020af   Thumb Code    62  nrf24l.o(.text)
    Nrf24l01_Init                            0x080020ed   Thumb Code   244  nrf24l.o(.text)
    ADC1_Init                                0x080022e5   Thumb Code    12  adc.o(.text)
    USART2_Config                            0x08002301   Thumb Code   116  usart2.o(.text)
    USART2_printf                            0x080023ff   Thumb Code   262  usart2.o(.text)
    DMA_Config                               0x08002505   Thumb Code   100  usart2.o(.text)
    NVIC_PriorityGroupConfig                 0x08002579   Thumb Code    10  misc.o(.text)
    NVIC_Init                                0x08002583   Thumb Code   100  misc.o(.text)
    NVIC_SetVectorTable                      0x080025e7   Thumb Code    14  misc.o(.text)
    NVIC_SystemLPConfig                      0x080025f5   Thumb Code    34  misc.o(.text)
    SysTick_CLKSourceConfig                  0x08002617   Thumb Code    40  misc.o(.text)
    ADC_DeInit                               0x08002655   Thumb Code    78  stm32f10x_adc.o(.text)
    ADC_Init                                 0x080026a3   Thumb Code    70  stm32f10x_adc.o(.text)
    ADC_StructInit                           0x080026e9   Thumb Code    18  stm32f10x_adc.o(.text)
    ADC_Cmd                                  0x080026fb   Thumb Code    22  stm32f10x_adc.o(.text)
    ADC_DMACmd                               0x08002711   Thumb Code    22  stm32f10x_adc.o(.text)
    ADC_ITConfig                             0x08002727   Thumb Code    24  stm32f10x_adc.o(.text)
    ADC_ResetCalibration                     0x0800273f   Thumb Code    10  stm32f10x_adc.o(.text)
    ADC_GetResetCalibrationStatus            0x08002749   Thumb Code    20  stm32f10x_adc.o(.text)
    ADC_StartCalibration                     0x0800275d   Thumb Code    10  stm32f10x_adc.o(.text)
    ADC_GetCalibrationStatus                 0x08002767   Thumb Code    20  stm32f10x_adc.o(.text)
    ADC_SoftwareStartConvCmd                 0x0800277b   Thumb Code    22  stm32f10x_adc.o(.text)
    ADC_GetSoftwareStartConvStatus           0x08002791   Thumb Code    20  stm32f10x_adc.o(.text)
    ADC_DiscModeChannelCountConfig           0x080027a5   Thumb Code    24  stm32f10x_adc.o(.text)
    ADC_DiscModeCmd                          0x080027bd   Thumb Code    22  stm32f10x_adc.o(.text)
    ADC_RegularChannelConfig                 0x080027d3   Thumb Code   184  stm32f10x_adc.o(.text)
    ADC_ExternalTrigConvCmd                  0x0800288b   Thumb Code    22  stm32f10x_adc.o(.text)
    ADC_GetConversionValue                   0x080028a1   Thumb Code     8  stm32f10x_adc.o(.text)
    ADC_GetDualModeConversionValue           0x080028a9   Thumb Code     8  stm32f10x_adc.o(.text)
    ADC_AutoInjectedConvCmd                  0x080028b1   Thumb Code    22  stm32f10x_adc.o(.text)
    ADC_InjectedDiscModeCmd                  0x080028c7   Thumb Code    22  stm32f10x_adc.o(.text)
    ADC_ExternalTrigInjectedConvConfig       0x080028dd   Thumb Code    16  stm32f10x_adc.o(.text)
    ADC_ExternalTrigInjectedConvCmd          0x080028ed   Thumb Code    22  stm32f10x_adc.o(.text)
    ADC_SoftwareStartInjectedConvCmd         0x08002903   Thumb Code    22  stm32f10x_adc.o(.text)
    ADC_GetSoftwareStartInjectedConvCmdStatus 0x08002919   Thumb Code    20  stm32f10x_adc.o(.text)
    ADC_InjectedChannelConfig                0x0800292d   Thumb Code   130  stm32f10x_adc.o(.text)
    ADC_InjectedSequencerLengthConfig        0x080029af   Thumb Code    24  stm32f10x_adc.o(.text)
    ADC_SetInjectedOffset                    0x080029c7   Thumb Code    20  stm32f10x_adc.o(.text)
    ADC_GetInjectedConversionValue           0x080029db   Thumb Code    28  stm32f10x_adc.o(.text)
    ADC_AnalogWatchdogCmd                    0x080029f7   Thumb Code    16  stm32f10x_adc.o(.text)
    ADC_AnalogWatchdogThresholdsConfig       0x08002a07   Thumb Code     6  stm32f10x_adc.o(.text)
    ADC_AnalogWatchdogSingleChannelConfig    0x08002a0d   Thumb Code    16  stm32f10x_adc.o(.text)
    ADC_TempSensorVrefintCmd                 0x08002a1d   Thumb Code    64  stm32f10x_adc.o(.text)
    ADC_GetFlagStatus                        0x08002a5d   Thumb Code    18  stm32f10x_adc.o(.text)
    ADC_ClearFlag                            0x08002a6f   Thumb Code     6  stm32f10x_adc.o(.text)
    ADC_GetITStatus                          0x08002a75   Thumb Code    36  stm32f10x_adc.o(.text)
    ADC_ClearITPendingBit                    0x08002a99   Thumb Code    10  stm32f10x_adc.o(.text)
    DMA_DeInit                               0x08002aa5   Thumb Code   324  stm32f10x_dma.o(.text)
    DMA_Init                                 0x08002be9   Thumb Code    60  stm32f10x_dma.o(.text)
    DMA_StructInit                           0x08002c25   Thumb Code    26  stm32f10x_dma.o(.text)
    DMA_Cmd                                  0x08002c3f   Thumb Code    24  stm32f10x_dma.o(.text)
    DMA_ITConfig                             0x08002c57   Thumb Code    18  stm32f10x_dma.o(.text)
    DMA_SetCurrDataCounter                   0x08002c69   Thumb Code     4  stm32f10x_dma.o(.text)
    DMA_GetCurrDataCounter                   0x08002c6d   Thumb Code     8  stm32f10x_dma.o(.text)
    DMA_GetFlagStatus                        0x08002c75   Thumb Code    40  stm32f10x_dma.o(.text)
    DMA_ClearFlag                            0x08002c9d   Thumb Code    22  stm32f10x_dma.o(.text)
    DMA_GetITStatus                          0x08002cb3   Thumb Code    40  stm32f10x_dma.o(.text)
    DMA_ClearITPendingBit                    0x08002cdb   Thumb Code    22  stm32f10x_dma.o(.text)
    GPIO_DeInit                              0x08002cf9   Thumb Code   172  stm32f10x_gpio.o(.text)
    GPIO_AFIODeInit                          0x08002da5   Thumb Code    20  stm32f10x_gpio.o(.text)
    GPIO_Init                                0x08002db9   Thumb Code   278  stm32f10x_gpio.o(.text)
    GPIO_StructInit                          0x08002ecf   Thumb Code    16  stm32f10x_gpio.o(.text)
    GPIO_ReadInputDataBit                    0x08002edf   Thumb Code    18  stm32f10x_gpio.o(.text)
    GPIO_ReadInputData                       0x08002ef1   Thumb Code     8  stm32f10x_gpio.o(.text)
    GPIO_ReadOutputDataBit                   0x08002ef9   Thumb Code    18  stm32f10x_gpio.o(.text)
    GPIO_ReadOutputData                      0x08002f0b   Thumb Code     8  stm32f10x_gpio.o(.text)
    GPIO_SetBits                             0x08002f13   Thumb Code     4  stm32f10x_gpio.o(.text)
    GPIO_ResetBits                           0x08002f17   Thumb Code     4  stm32f10x_gpio.o(.text)
    GPIO_WriteBit                            0x08002f1b   Thumb Code    10  stm32f10x_gpio.o(.text)
    GPIO_Write                               0x08002f25   Thumb Code     4  stm32f10x_gpio.o(.text)
    GPIO_PinLockConfig                       0x08002f29   Thumb Code    18  stm32f10x_gpio.o(.text)
    GPIO_EventOutputConfig                   0x08002f3b   Thumb Code    26  stm32f10x_gpio.o(.text)
    GPIO_EventOutputCmd                      0x08002f55   Thumb Code     6  stm32f10x_gpio.o(.text)
    GPIO_PinRemapConfig                      0x08002f5b   Thumb Code   138  stm32f10x_gpio.o(.text)
    GPIO_EXTILineConfig                      0x08002fe5   Thumb Code    66  stm32f10x_gpio.o(.text)
    GPIO_ETH_MediaInterfaceConfig            0x08003027   Thumb Code     8  stm32f10x_gpio.o(.text)
    RCC_DeInit                               0x08003055   Thumb Code    64  stm32f10x_rcc.o(.text)
    RCC_HSEConfig                            0x08003095   Thumb Code    70  stm32f10x_rcc.o(.text)
    RCC_GetFlagStatus                        0x080030db   Thumb Code    56  stm32f10x_rcc.o(.text)
    RCC_WaitForHSEStartUp                    0x08003113   Thumb Code    56  stm32f10x_rcc.o(.text)
    RCC_AdjustHSICalibrationValue            0x0800314b   Thumb Code    20  stm32f10x_rcc.o(.text)
    RCC_HSICmd                               0x0800315f   Thumb Code     6  stm32f10x_rcc.o(.text)
    RCC_PLLConfig                            0x08003165   Thumb Code    24  stm32f10x_rcc.o(.text)
    RCC_PLLCmd                               0x0800317d   Thumb Code     6  stm32f10x_rcc.o(.text)
    RCC_SYSCLKConfig                         0x08003183   Thumb Code    18  stm32f10x_rcc.o(.text)
    RCC_GetSYSCLKSource                      0x08003195   Thumb Code    10  stm32f10x_rcc.o(.text)
    RCC_HCLKConfig                           0x0800319f   Thumb Code    18  stm32f10x_rcc.o(.text)
    RCC_PCLK1Config                          0x080031b1   Thumb Code    18  stm32f10x_rcc.o(.text)
    RCC_PCLK2Config                          0x080031c3   Thumb Code    20  stm32f10x_rcc.o(.text)
    RCC_ITConfig                             0x080031d7   Thumb Code    26  stm32f10x_rcc.o(.text)
    RCC_USBCLKConfig                         0x080031f1   Thumb Code     8  stm32f10x_rcc.o(.text)
    RCC_ADCCLKConfig                         0x080031f9   Thumb Code    18  stm32f10x_rcc.o(.text)
    RCC_LSEConfig                            0x0800320b   Thumb Code    50  stm32f10x_rcc.o(.text)
    RCC_LSICmd                               0x0800323d   Thumb Code     6  stm32f10x_rcc.o(.text)
    RCC_RTCCLKConfig                         0x08003243   Thumb Code    12  stm32f10x_rcc.o(.text)
    RCC_RTCCLKCmd                            0x0800324f   Thumb Code     8  stm32f10x_rcc.o(.text)
    RCC_GetClocksFreq                        0x08003257   Thumb Code   192  stm32f10x_rcc.o(.text)
    RCC_AHBPeriphClockCmd                    0x08003317   Thumb Code    26  stm32f10x_rcc.o(.text)
    RCC_APB2PeriphClockCmd                   0x08003331   Thumb Code    26  stm32f10x_rcc.o(.text)
    RCC_APB1PeriphClockCmd                   0x0800334b   Thumb Code    26  stm32f10x_rcc.o(.text)
    RCC_APB2PeriphResetCmd                   0x08003365   Thumb Code    26  stm32f10x_rcc.o(.text)
    RCC_APB1PeriphResetCmd                   0x0800337f   Thumb Code    26  stm32f10x_rcc.o(.text)
    RCC_BackupResetCmd                       0x08003399   Thumb Code     8  stm32f10x_rcc.o(.text)
    RCC_ClockSecuritySystemCmd               0x080033a1   Thumb Code     6  stm32f10x_rcc.o(.text)
    RCC_MCOConfig                            0x080033a7   Thumb Code     6  stm32f10x_rcc.o(.text)
    RCC_ClearFlag                            0x080033ad   Thumb Code    14  stm32f10x_rcc.o(.text)
    RCC_GetITStatus                          0x080033bb   Thumb Code    20  stm32f10x_rcc.o(.text)
    RCC_ClearITPendingBit                    0x080033cf   Thumb Code     6  stm32f10x_rcc.o(.text)
    SPI_I2S_DeInit                           0x080033f9   Thumb Code    76  stm32f10x_spi.o(.text)
    SPI_Init                                 0x08003445   Thumb Code    60  stm32f10x_spi.o(.text)
    I2S_Init                                 0x08003481   Thumb Code   226  stm32f10x_spi.o(.text)
    SPI_StructInit                           0x08003563   Thumb Code    24  stm32f10x_spi.o(.text)
    I2S_StructInit                           0x0800357b   Thumb Code    20  stm32f10x_spi.o(.text)
    SPI_Cmd                                  0x0800358f   Thumb Code    24  stm32f10x_spi.o(.text)
    I2S_Cmd                                  0x080035a7   Thumb Code    24  stm32f10x_spi.o(.text)
    SPI_I2S_ITConfig                         0x080035bf   Thumb Code    32  stm32f10x_spi.o(.text)
    SPI_I2S_DMACmd                           0x080035df   Thumb Code    18  stm32f10x_spi.o(.text)
    SPI_I2S_SendData                         0x080035f1   Thumb Code     4  stm32f10x_spi.o(.text)
    SPI_I2S_ReceiveData                      0x080035f5   Thumb Code     6  stm32f10x_spi.o(.text)
    SPI_NSSInternalSoftwareConfig            0x080035fb   Thumb Code    30  stm32f10x_spi.o(.text)
    SPI_SSOutputCmd                          0x08003619   Thumb Code    24  stm32f10x_spi.o(.text)
    SPI_DataSizeConfig                       0x08003631   Thumb Code    18  stm32f10x_spi.o(.text)
    SPI_TransmitCRC                          0x08003643   Thumb Code    10  stm32f10x_spi.o(.text)
    SPI_CalculateCRC                         0x0800364d   Thumb Code    24  stm32f10x_spi.o(.text)
    SPI_GetCRC                               0x08003665   Thumb Code    16  stm32f10x_spi.o(.text)
    SPI_GetCRCPolynomial                     0x08003675   Thumb Code     6  stm32f10x_spi.o(.text)
    SPI_BiDirectionalLineConfig              0x0800367b   Thumb Code    28  stm32f10x_spi.o(.text)
    SPI_I2S_GetFlagStatus                    0x08003697   Thumb Code    18  stm32f10x_spi.o(.text)
    SPI_I2S_ClearFlag                        0x080036a9   Thumb Code     6  stm32f10x_spi.o(.text)
    SPI_I2S_GetITStatus                      0x080036af   Thumb Code    52  stm32f10x_spi.o(.text)
    SPI_I2S_ClearITPendingBit                0x080036e3   Thumb Code    20  stm32f10x_spi.o(.text)
    TIM_DeInit                               0x08003705   Thumb Code   424  stm32f10x_tim.o(.text)
    TIM_TimeBaseInit                         0x080038ad   Thumb Code   122  stm32f10x_tim.o(.text)
    TIM_OC1Init                              0x08003927   Thumb Code   132  stm32f10x_tim.o(.text)
    TIM_OC2Init                              0x080039ab   Thumb Code   154  stm32f10x_tim.o(.text)
    TIM_OC3Init                              0x08003a45   Thumb Code   150  stm32f10x_tim.o(.text)
    TIM_OC4Init                              0x08003adb   Thumb Code   182  stm32f10x_tim.o(.text)
    TIM_SetIC4Prescaler                      0x08003b91   Thumb Code    26  stm32f10x_tim.o(.text)
    TIM_SetIC3Prescaler                      0x08003c2d   Thumb Code    18  stm32f10x_tim.o(.text)
    TIM_SetIC2Prescaler                      0x08003cb9   Thumb Code    26  stm32f10x_tim.o(.text)
    TIM_SetIC1Prescaler                      0x08003d55   Thumb Code    18  stm32f10x_tim.o(.text)
    TIM_ICInit                               0x08003dd3   Thumb Code   150  stm32f10x_tim.o(.text)
    TIM_PWMIConfig                           0x08003e69   Thumb Code   124  stm32f10x_tim.o(.text)
    TIM_BDTRConfig                           0x08003ee5   Thumb Code    32  stm32f10x_tim.o(.text)
    TIM_TimeBaseStructInit                   0x08003f05   Thumb Code    18  stm32f10x_tim.o(.text)
    TIM_OCStructInit                         0x08003f17   Thumb Code    20  stm32f10x_tim.o(.text)
    TIM_ICStructInit                         0x08003f2b   Thumb Code    18  stm32f10x_tim.o(.text)
    TIM_BDTRStructInit                       0x08003f3d   Thumb Code    40  stm32f10x_tim.o(.text)
    TIM_Cmd                                  0x08003f65   Thumb Code    24  stm32f10x_tim.o(.text)
    TIM_CtrlPWMOutputs                       0x08003f7d   Thumb Code    30  stm32f10x_tim.o(.text)
    TIM_ITConfig                             0x08003f9b   Thumb Code    18  stm32f10x_tim.o(.text)
    TIM_GenerateEvent                        0x08003fad   Thumb Code     4  stm32f10x_tim.o(.text)
    TIM_DMAConfig                            0x08003fb1   Thumb Code    10  stm32f10x_tim.o(.text)
    TIM_DMACmd                               0x08003fbb   Thumb Code    18  stm32f10x_tim.o(.text)
    TIM_InternalClockConfig                  0x08003fcd   Thumb Code    12  stm32f10x_tim.o(.text)
    TIM_SelectInputTrigger                   0x08003fd9   Thumb Code    18  stm32f10x_tim.o(.text)
    TIM_ITRxExternalClockConfig              0x08003feb   Thumb Code    24  stm32f10x_tim.o(.text)
    TIM_TIxExternalClockConfig               0x08004003   Thumb Code    62  stm32f10x_tim.o(.text)
    TIM_ETRConfig                            0x08004041   Thumb Code    28  stm32f10x_tim.o(.text)
    TIM_ETRClockMode1Config                  0x0800405d   Thumb Code    54  stm32f10x_tim.o(.text)
    TIM_ETRClockMode2Config                  0x08004093   Thumb Code    32  stm32f10x_tim.o(.text)
    TIM_PrescalerConfig                      0x080040b3   Thumb Code     6  stm32f10x_tim.o(.text)
    TIM_CounterModeConfig                    0x080040b9   Thumb Code    18  stm32f10x_tim.o(.text)
    TIM_EncoderInterfaceConfig               0x080040cb   Thumb Code    66  stm32f10x_tim.o(.text)
    TIM_ForcedOC1Config                      0x0800410d   Thumb Code    18  stm32f10x_tim.o(.text)
    TIM_ForcedOC2Config                      0x0800411f   Thumb Code    26  stm32f10x_tim.o(.text)
    TIM_ForcedOC3Config                      0x08004139   Thumb Code    18  stm32f10x_tim.o(.text)
    TIM_ForcedOC4Config                      0x0800414b   Thumb Code    26  stm32f10x_tim.o(.text)
    TIM_ARRPreloadConfig                     0x08004165   Thumb Code    24  stm32f10x_tim.o(.text)
    TIM_SelectCOM                            0x0800417d   Thumb Code    24  stm32f10x_tim.o(.text)
    TIM_SelectCCDMA                          0x08004195   Thumb Code    24  stm32f10x_tim.o(.text)
    TIM_CCPreloadControl                     0x080041ad   Thumb Code    24  stm32f10x_tim.o(.text)
    TIM_OC1PreloadConfig                     0x080041c5   Thumb Code    18  stm32f10x_tim.o(.text)
    TIM_OC2PreloadConfig                     0x080041d7   Thumb Code    26  stm32f10x_tim.o(.text)
    TIM_OC3PreloadConfig                     0x080041f1   Thumb Code    18  stm32f10x_tim.o(.text)
    TIM_OC4PreloadConfig                     0x08004203   Thumb Code    26  stm32f10x_tim.o(.text)
    TIM_OC1FastConfig                        0x0800421d   Thumb Code    18  stm32f10x_tim.o(.text)
    TIM_OC2FastConfig                        0x0800422f   Thumb Code    26  stm32f10x_tim.o(.text)
    TIM_OC3FastConfig                        0x08004249   Thumb Code    18  stm32f10x_tim.o(.text)
    TIM_OC4FastConfig                        0x0800425b   Thumb Code    26  stm32f10x_tim.o(.text)
    TIM_ClearOC1Ref                          0x08004275   Thumb Code    18  stm32f10x_tim.o(.text)
    TIM_ClearOC2Ref                          0x08004287   Thumb Code    24  stm32f10x_tim.o(.text)
    TIM_ClearOC3Ref                          0x0800429f   Thumb Code    18  stm32f10x_tim.o(.text)
    TIM_ClearOC4Ref                          0x080042b1   Thumb Code    24  stm32f10x_tim.o(.text)
    TIM_OC1PolarityConfig                    0x080042c9   Thumb Code    18  stm32f10x_tim.o(.text)
    TIM_OC1NPolarityConfig                   0x080042db   Thumb Code    18  stm32f10x_tim.o(.text)
    TIM_OC2PolarityConfig                    0x080042ed   Thumb Code    26  stm32f10x_tim.o(.text)
    TIM_OC2NPolarityConfig                   0x08004307   Thumb Code    26  stm32f10x_tim.o(.text)
    TIM_OC3PolarityConfig                    0x08004321   Thumb Code    26  stm32f10x_tim.o(.text)
    TIM_OC3NPolarityConfig                   0x0800433b   Thumb Code    26  stm32f10x_tim.o(.text)
    TIM_OC4PolarityConfig                    0x08004355   Thumb Code    26  stm32f10x_tim.o(.text)
    TIM_CCxCmd                               0x0800436f   Thumb Code    30  stm32f10x_tim.o(.text)
    TIM_CCxNCmd                              0x0800438d   Thumb Code    30  stm32f10x_tim.o(.text)
    TIM_SelectOCxM                           0x080043ab   Thumb Code    82  stm32f10x_tim.o(.text)
    TIM_UpdateDisableConfig                  0x080043fd   Thumb Code    24  stm32f10x_tim.o(.text)
    TIM_UpdateRequestConfig                  0x08004415   Thumb Code    24  stm32f10x_tim.o(.text)
    TIM_SelectHallSensor                     0x0800442d   Thumb Code    24  stm32f10x_tim.o(.text)
    TIM_SelectOnePulseMode                   0x08004445   Thumb Code    18  stm32f10x_tim.o(.text)
    TIM_SelectOutputTrigger                  0x08004457   Thumb Code    18  stm32f10x_tim.o(.text)
    TIM_SelectSlaveMode                      0x08004469   Thumb Code    18  stm32f10x_tim.o(.text)
    TIM_SelectMasterSlaveMode                0x0800447b   Thumb Code    18  stm32f10x_tim.o(.text)
    TIM_SetCounter                           0x0800448d   Thumb Code     4  stm32f10x_tim.o(.text)
    TIM_SetAutoreload                        0x08004491   Thumb Code     4  stm32f10x_tim.o(.text)
    TIM_SetCompare1                          0x08004495   Thumb Code     4  stm32f10x_tim.o(.text)
    TIM_SetCompare2                          0x08004499   Thumb Code     4  stm32f10x_tim.o(.text)
    TIM_SetCompare3                          0x0800449d   Thumb Code     4  stm32f10x_tim.o(.text)
    TIM_SetCompare4                          0x080044a1   Thumb Code     6  stm32f10x_tim.o(.text)
    TIM_SetClockDivision                     0x080044a7   Thumb Code    18  stm32f10x_tim.o(.text)
    TIM_GetCapture1                          0x080044b9   Thumb Code     6  stm32f10x_tim.o(.text)
    TIM_GetCapture2                          0x080044bf   Thumb Code     6  stm32f10x_tim.o(.text)
    TIM_GetCapture3                          0x080044c5   Thumb Code     6  stm32f10x_tim.o(.text)
    TIM_GetCapture4                          0x080044cb   Thumb Code     8  stm32f10x_tim.o(.text)
    TIM_GetCounter                           0x080044d3   Thumb Code     6  stm32f10x_tim.o(.text)
    TIM_GetPrescaler                         0x080044d9   Thumb Code     6  stm32f10x_tim.o(.text)
    TIM_GetFlagStatus                        0x080044df   Thumb Code    18  stm32f10x_tim.o(.text)
    TIM_ClearFlag                            0x080044f1   Thumb Code     6  stm32f10x_tim.o(.text)
    TIM_GetITStatus                          0x080044f7   Thumb Code    34  stm32f10x_tim.o(.text)
    TIM_ClearITPendingBit                    0x08004519   Thumb Code     6  stm32f10x_tim.o(.text)
    USART_DeInit                             0x08004521   Thumb Code   134  stm32f10x_usart.o(.text)
    USART_Init                               0x080045a7   Thumb Code   210  stm32f10x_usart.o(.text)
    USART_StructInit                         0x08004679   Thumb Code    24  stm32f10x_usart.o(.text)
    USART_ClockInit                          0x08004691   Thumb Code    34  stm32f10x_usart.o(.text)
    USART_ClockStructInit                    0x080046b3   Thumb Code    12  stm32f10x_usart.o(.text)
    USART_Cmd                                0x080046bf   Thumb Code    24  stm32f10x_usart.o(.text)
    USART_ITConfig                           0x080046d7   Thumb Code    74  stm32f10x_usart.o(.text)
    USART_DMACmd                             0x08004721   Thumb Code    18  stm32f10x_usart.o(.text)
    USART_SetAddress                         0x08004733   Thumb Code    18  stm32f10x_usart.o(.text)
    USART_WakeUpConfig                       0x08004745   Thumb Code    18  stm32f10x_usart.o(.text)
    USART_ReceiverWakeUpCmd                  0x08004757   Thumb Code    24  stm32f10x_usart.o(.text)
    USART_LINBreakDetectLengthConfig         0x0800476f   Thumb Code    18  stm32f10x_usart.o(.text)
    USART_LINCmd                             0x08004781   Thumb Code    24  stm32f10x_usart.o(.text)
    USART_SendData                           0x08004799   Thumb Code     8  stm32f10x_usart.o(.text)
    USART_ReceiveData                        0x080047a1   Thumb Code    10  stm32f10x_usart.o(.text)
    USART_SendBreak                          0x080047ab   Thumb Code    10  stm32f10x_usart.o(.text)
    USART_SetGuardTime                       0x080047b5   Thumb Code    16  stm32f10x_usart.o(.text)
    USART_SetPrescaler                       0x080047c5   Thumb Code    16  stm32f10x_usart.o(.text)
    USART_SmartCardCmd                       0x080047d5   Thumb Code    24  stm32f10x_usart.o(.text)
    USART_SmartCardNACKCmd                   0x080047ed   Thumb Code    24  stm32f10x_usart.o(.text)
    USART_HalfDuplexCmd                      0x08004805   Thumb Code    24  stm32f10x_usart.o(.text)
    USART_OverSampling8Cmd                   0x0800481d   Thumb Code    22  stm32f10x_usart.o(.text)
    USART_OneBitMethodCmd                    0x08004833   Thumb Code    24  stm32f10x_usart.o(.text)
    USART_IrDAConfig                         0x0800484b   Thumb Code    18  stm32f10x_usart.o(.text)
    USART_IrDACmd                            0x0800485d   Thumb Code    24  stm32f10x_usart.o(.text)
    USART_GetFlagStatus                      0x08004875   Thumb Code    26  stm32f10x_usart.o(.text)
    USART_ClearFlag                          0x0800488f   Thumb Code    18  stm32f10x_usart.o(.text)
    USART_GetITStatus                        0x080048a1   Thumb Code    84  stm32f10x_usart.o(.text)
    USART_ClearITPendingBit                  0x080048f5   Thumb Code    52  stm32f10x_usart.o(.text)
    __aeabi_fadd                             0x08004929   Thumb Code   164  fadd.o(.text)
    __aeabi_fsub                             0x080049cd   Thumb Code     6  fadd.o(.text)
    __aeabi_frsub                            0x080049d3   Thumb Code     6  fadd.o(.text)
    __aeabi_fmul                             0x080049d9   Thumb Code   100  fmul.o(.text)
    __aeabi_fdiv                             0x08004a3d   Thumb Code   124  fdiv.o(.text)
    __aeabi_dmul                             0x08004ab9   Thumb Code   228  dmul.o(.text)
    __aeabi_ddiv                             0x08004b9d   Thumb Code   222  ddiv.o(.text)
    __aeabi_i2f                              0x08004c7b   Thumb Code    18  fflti.o(.text)
    __aeabi_ui2f                             0x08004c8d   Thumb Code    10  ffltui.o(.text)
    __aeabi_i2d                              0x08004c97   Thumb Code    34  dflti.o(.text)
    __aeabi_ui2d                             0x08004cb9   Thumb Code    26  dfltui.o(.text)
    __aeabi_f2iz                             0x08004cd3   Thumb Code    50  ffixi.o(.text)
    __aeabi_f2uiz                            0x08004d05   Thumb Code    40  ffixui.o(.text)
    __aeabi_d2uiz                            0x08004d2d   Thumb Code    50  dfixui.o(.text)
    __aeabi_d2f                              0x08004d5f   Thumb Code    56  d2f.o(.text)
    __aeabi_cfcmpeq                          0x08004d99   Thumb Code     0  cfcmple.o(.text)
    __aeabi_cfcmple                          0x08004d99   Thumb Code    20  cfcmple.o(.text)
    __aeabi_cfrcmple                         0x08004dad   Thumb Code    20  cfrcmple.o(.text)
    __aeabi_llsr                             0x08004dc1   Thumb Code    32  llushr.o(.text)
    _ll_ushift_r                             0x08004dc1   Thumb Code     0  llushr.o(.text)
    __I$use$fp                               0x08004de1   Thumb Code     0  iusefp.o(.text)
    _float_round                             0x08004de1   Thumb Code    18  fepilogue.o(.text)
    _float_epilogue                          0x08004df3   Thumb Code    92  fepilogue.o(.text)
    _double_round                            0x08004e4f   Thumb Code    26  depilogue.o(.text)
    _double_epilogue                         0x08004e69   Thumb Code   156  depilogue.o(.text)
    __scatterload                            0x08004f05   Thumb Code    28  init.o(.text)
    __scatterload_rt2                        0x08004f05   Thumb Code     0  init.o(.text)
    __aeabi_llsl                             0x08004f29   Thumb Code    30  llshl.o(.text)
    _ll_shift_l                              0x08004f29   Thumb Code     0  llshl.o(.text)
    __0printf$2                              0x08004f49   Thumb Code    22  printf2.o(i.__0printf$2)
    __1printf$2                              0x08004f49   Thumb Code     0  printf2.o(i.__0printf$2)
    __2printf                                0x08004f49   Thumb Code     0  printf2.o(i.__0printf$2)
    __scatterload_copy                       0x08004f69   Thumb Code    14  handlers.o(i.__scatterload_copy)
    __scatterload_null                       0x08004f77   Thumb Code     2  handlers.o(i.__scatterload_null)
    __scatterload_zeroinit                   0x08004f79   Thumb Code    14  handlers.o(i.__scatterload_zeroinit)
    Region$$Table$$Base                      0x0800505c   Number         0  anon$$obj.o(Region$$Table)
    Region$$Table$$Limit                     0x0800507c   Number         0  anon$$obj.o(Region$$Table)
    SystemCoreClock                          0x20000000   Data           4  system_stm32f10x.o(.data)
    AHBPrescTable                            0x20000004   Data          16  system_stm32f10x.o(.data)
    FLAG_ATT                                 0x20000014   Data           1  main.o(.data)
    Acc                                      0x20000016   Data           6  main.o(.data)
    Gyr                                      0x2000001c   Data           6  main.o(.data)
    Acc_AVG                                  0x20000022   Data           6  main.o(.data)
    Angle_Offset_Ok                          0x20000028   Data           1  main.o(.data)
    Alt                                      0x2000002c   Data           4  main.o(.data)
    Rc_D                                     0x20000030   Data           8  main.o(.data)
    Rc_C                                     0x20000038   Data           1  main.o(.data)
    Roll                                     0x20000040   Data           8  stm32f10x_it.o(.data)
    Pitch                                    0x20000048   Data           8  stm32f10x_it.o(.data)
    Yaw                                      0x20000050   Data           8  stm32f10x_it.o(.data)
    Dlt_Tim                                  0x20000058   Data           4  stm32f10x_it.o(.data)
    Pre_Tim                                  0x2000005c   Data           4  stm32f10x_it.o(.data)
    getlast_roll                             0x20000068   Data           2  control.o(.data)
    geilast_pitch                            0x2000006a   Data           2  control.o(.data)
    rol_i                                    0x2000006c   Data           4  control.o(.data)
    pit_i                                    0x20000070   Data           4  control.o(.data)
    yaw_p                                    0x20000074   Data           4  control.o(.data)
    Moto_PWM_1                               0x20000078   Data           2  control.o(.data)
    Moto_PWM_2                               0x2000007a   Data           2  control.o(.data)
    Moto_PWM_3                               0x2000007c   Data           2  control.o(.data)
    Moto_PWM_4                               0x2000007e   Data           2  control.o(.data)
    Data_Check                               0x20000080   Data           1  data_transfer.o(.data)
    Send_Status                              0x20000081   Data           1  data_transfer.o(.data)
    Send_Senser                              0x20000082   Data           1  data_transfer.o(.data)
    Send_RCData                              0x20000083   Data           1  data_transfer.o(.data)
    Send_Offset                              0x20000084   Data           1  data_transfer.o(.data)
    Send_PID1                                0x20000085   Data           1  data_transfer.o(.data)
    Send_PID2                                0x20000086   Data           1  data_transfer.o(.data)
    Send_PID3                                0x20000087   Data           1  data_transfer.o(.data)
    Send_PID4                                0x20000088   Data           1  data_transfer.o(.data)
    Send_PID5                                0x20000089   Data           1  data_transfer.o(.data)
    Send_PID6                                0x2000008a   Data           1  data_transfer.o(.data)
    Send_MotoPwm                             0x2000008b   Data           1  data_transfer.o(.data)
    TIM2_IRQCNT                              0x2000008c   Data           4  tim3.o(.data)
    TX_ADDRESS                               0x200000b6   Data           5  nrf24l.o(.data)
    RX_ADDRESS                               0x200000bb   Data           5  nrf24l.o(.data)
    ADC_ConvertedValue                       0x200000c0   Data           2  adc.o(.data)
    __stdout                                 0x200000d8   Data           4  stdout.o(.data)
    Att_Angle                                0x200000dc   Data          12  main.o(.bss)
    Att_Angle_Offset                         0x200000e8   Data          12  main.o(.bss)
    PID_ROL                                  0x20000128   Data          32  control.o(.bss)
    PID_PIT                                  0x20000148   Data          32  control.o(.bss)
    PID_YAW                                  0x20000168   Data          32  control.o(.bss)
    PID_ALT                                  0x20000188   Data          32  control.o(.bss)
    PID_POS                                  0x200001a8   Data          32  control.o(.bss)
    data_to_send                             0x200001c8   Data          50  data_transfer.o(.bss)
    ReadBuffer                               0x200001fa   Data          23  usart1.o(.bss)
    TIM_OCInitPWM                            0x20000212   Data          16  motor.o(.bss)
    NRF24L01_RXDATA                          0x20000234   Data          32  nrf24l.o(.bss)
    NRF24L01_TXDATA                          0x20000254   Data          32  nrf24l.o(.bss)
    __initial_sp                             0x20000678   Data           0  startup_stm32f10x_hd.o(STACK)



==============================================================================

Memory Map of the image

  Image Entry point : 0x08000131

  Load Region LR_IROM1 (Base: 0x08000000, Size: 0x00005158, Max: 0x00080000, ABSOLUTE)

    Execution Region ER_IROM1 (Base: 0x08000000, Size: 0x0000507c, Max: 0x00080000, ABSOLUTE)

    Base Addr    Size         Type   Attr      Idx    E Section Name        Object

    0x08000000   0x00000130   Data   RO            3    RESET               startup_stm32f10x_hd.o
    0x08000130   0x00000000   Code   RO          526  * .ARM.Collect$$$$00000000  mc_w.l(entry.o)
    0x08000130   0x00000004   Code   RO          820    .ARM.Collect$$$$00000001  mc_w.l(entry2.o)
    0x08000134   0x00000004   Code   RO          823    .ARM.Collect$$$$00000004  mc_w.l(entry5.o)
    0x08000138   0x00000000   Code   RO          825    .ARM.Collect$$$$00000008  mc_w.l(entry7b.o)
    0x08000138   0x00000000   Code   RO          827    .ARM.Collect$$$$0000000A  mc_w.l(entry8b.o)
    0x08000138   0x00000008   Code   RO          828    .ARM.Collect$$$$0000000B  mc_w.l(entry9a.o)
    0x08000140   0x00000000   Code   RO          830    .ARM.Collect$$$$0000000D  mc_w.l(entry10a.o)
    0x08000140   0x00000000   Code   RO          832    .ARM.Collect$$$$0000000F  mc_w.l(entry11a.o)
    0x08000140   0x00000004   Code   RO          821    .ARM.Collect$$$$00002712  mc_w.l(entry2.o)
    0x08000144   0x00000024   Code   RO            4    .text               startup_stm32f10x_hd.o
    0x08000168   0x000001e0   Code   RO           24    .text               system_stm32f10x.o
    0x08000348   0x00000194   Code   RO           79    .text               main.o
    0x080004dc   0x00000454   Code   RO          155    .text               stm32f10x_it.o
    0x08000930   0x00000074   Code   RO          178    .text               rc.o
    0x080009a4   0x00000394   Code   RO          191    .text               control.o
    0x08000d38   0x00000050   Code   RO          210    .text               imu.o
    0x08000d88   0x000006b0   Code   RO          229    .text               data_transfer.o
    0x08001438   0x0000007e   Code   RO          248    .text               tim3.o
    0x080014b6   0x00000002   PAD
    0x080014b8   0x00000158   Code   RO          266    .text               usart1.o
    0x08001610   0x000000f8   Code   RO          284    .text               spi1.o
    0x08001708   0x00000174   Code   RO          296    .text               led.o
    0x0800187c   0x000001f4   Code   RO          309    .text               motor.o
    0x08001a70   0x00000158   Code   RO          324    .text               time.o
    0x08001bc8   0x000003b4   Code   RO          342    .text               tim_pwm_in.o
    0x08001f7c   0x00000274   Code   RO          356    .text               nrf24l.o
    0x080021f0   0x00000110   Code   RO          375    .text               adc.o
    0x08002300   0x00000278   Code   RO          393    .text               usart2.o
    0x08002578   0x000000dc   Code   RO          416    .text               misc.o
    0x08002654   0x0000044e   Code   RO          428    .text               stm32f10x_adc.o
    0x08002aa2   0x00000002   PAD
    0x08002aa4   0x00000254   Code   RO          440    .text               stm32f10x_dma.o
    0x08002cf8   0x0000035c   Code   RO          452    .text               stm32f10x_gpio.o
    0x08003054   0x000003a4   Code   RO          464    .text               stm32f10x_rcc.o
    0x080033f8   0x0000030c   Code   RO          478    .text               stm32f10x_spi.o
    0x08003704   0x00000e1a   Code   RO          490    .text               stm32f10x_tim.o
    0x0800451e   0x00000002   PAD
    0x08004520   0x00000408   Code   RO          502    .text               stm32f10x_usart.o
    0x08004928   0x000000b0   Code   RO          790    .text               mf_w.l(fadd.o)
    0x080049d8   0x00000064   Code   RO          792    .text               mf_w.l(fmul.o)
    0x08004a3c   0x0000007c   Code   RO          794    .text               mf_w.l(fdiv.o)
    0x08004ab8   0x000000e4   Code   RO          796    .text               mf_w.l(dmul.o)
    0x08004b9c   0x000000de   Code   RO          798    .text               mf_w.l(ddiv.o)
    0x08004c7a   0x00000012   Code   RO          800    .text               mf_w.l(fflti.o)
    0x08004c8c   0x0000000a   Code   RO          802    .text               mf_w.l(ffltui.o)
    0x08004c96   0x00000022   Code   RO          804    .text               mf_w.l(dflti.o)
    0x08004cb8   0x0000001a   Code   RO          806    .text               mf_w.l(dfltui.o)
    0x08004cd2   0x00000032   Code   RO          808    .text               mf_w.l(ffixi.o)
    0x08004d04   0x00000028   Code   RO          810    .text               mf_w.l(ffixui.o)
    0x08004d2c   0x00000032   Code   RO          812    .text               mf_w.l(dfixui.o)
    0x08004d5e   0x00000038   Code   RO          814    .text               mf_w.l(d2f.o)
    0x08004d96   0x00000002   PAD
    0x08004d98   0x00000014   Code   RO          816    .text               mf_w.l(cfcmple.o)
    0x08004dac   0x00000014   Code   RO          818    .text               mf_w.l(cfrcmple.o)
    0x08004dc0   0x00000020   Code   RO          839    .text               mc_w.l(llushr.o)
    0x08004de0   0x00000000   Code   RO          841    .text               mc_w.l(iusefp.o)
    0x08004de0   0x0000006e   Code   RO          842    .text               mf_w.l(fepilogue.o)
    0x08004e4e   0x000000b6   Code   RO          844    .text               mf_w.l(depilogue.o)
    0x08004f04   0x00000024   Code   RO          852    .text               mc_w.l(init.o)
    0x08004f28   0x0000001e   Code   RO          854    .text               mc_w.l(llshl.o)
    0x08004f46   0x00000002   PAD
    0x08004f48   0x00000020   Code   RO          596    i.__0printf$2       mc_w.l(printf2.o)
    0x08004f68   0x0000000e   Code   RO          860    i.__scatterload_copy  mc_w.l(handlers.o)
    0x08004f76   0x00000002   Code   RO          861    i.__scatterload_null  mc_w.l(handlers.o)
    0x08004f78   0x0000000e   Code   RO          862    i.__scatterload_zeroinit  mc_w.l(handlers.o)
    0x08004f86   0x000000d6   Code   RO          603    i._printf_core      mc_w.l(printf2.o)
    0x0800505c   0x00000020   Data   RO          858    Region$$Table       anon$$obj.o


    Execution Region RW_IRAM1 (Base: 0x20000000, Size: 0x00000678, Max: 0x00010000, ABSOLUTE)

    Base Addr    Size         Type   Attr      Idx    E Section Name        Object

    0x20000000   0x00000014   Data   RW           25    .data               system_stm32f10x.o
    0x20000014   0x0000002a   Data   RW           81    .data               main.o
    0x2000003e   0x00000002   PAD
    0x20000040   0x00000027   Data   RW          157    .data               stm32f10x_it.o
    0x20000067   0x00000001   Data   RW          179    .data               rc.o
    0x20000068   0x00000018   Data   RW          193    .data               control.o
    0x20000080   0x0000000c   Data   RW          231    .data               data_transfer.o
    0x2000008c   0x00000004   Data   RW          249    .data               tim3.o
    0x20000090   0x00000006   Data   RW          297    .data               led.o
    0x20000096   0x00000020   Data   RW          343    .data               tim_pwm_in.o
    0x200000b6   0x0000000a   Data   RW          358    .data               nrf24l.o
    0x200000c0   0x00000002   Data   RW          376    .data               adc.o
    0x200000c2   0x00000014   Data   RW          465    .data               stm32f10x_rcc.o
    0x200000d6   0x00000002   PAD
    0x200000d8   0x00000004   Data   RW          834    .data               mc_w.l(stdout.o)
    0x200000dc   0x00000018   Zero   RW           80    .bss                main.o
    0x200000f4   0x00000032   Zero   RW          156    .bss                stm32f10x_it.o
    0x20000126   0x00000002   PAD
    0x20000128   0x000000a0   Zero   RW          192    .bss                control.o
    0x200001c8   0x00000032   Zero   RW          230    .bss                data_transfer.o
    0x200001fa   0x00000017   Zero   RW          267    .bss                usart1.o
    0x20000211   0x00000001   PAD
    0x20000212   0x00000010   Zero   RW          310    .bss                motor.o
    0x20000222   0x00000002   PAD
    0x20000224   0x00000010   Zero   RW          325    .bss                time.o
    0x20000234   0x00000040   Zero   RW          357    .bss                nrf24l.o
    0x20000274   0x00000004   PAD
    0x20000278   0x00000400   Zero   RW            1    STACK               startup_stm32f10x_hd.o


==============================================================================

Image component sizes


      Code (inc. data)   RO Data    RW Data    ZI Data      Debug   Object Name

       272         16          0          2          0       1293   adc.o
       916         64          0         24        160       2101   control.o
         0          0          0          0          0       4304   core_cm3.o
      1712        102          0         12         50       4258   data_transfer.o
        80          6          0          0          0        447   imu.o
       372         18          0          6          0       1010   led.o
       404         78          0         42         24       3452   main.o
       220         22          0          0          0       1681   misc.o
       500         18          0          0         16       1855   motor.o
       628         16          0         10         64       3050   nrf24l.o
       116          4          0          1          0        757   rc.o
       248         12          0          0          0        767   spi1.o
        36          8        304          0       1024        820   startup_stm32f10x_hd.o
      1102         26          0          0          0      10717   stm32f10x_adc.o
       596          8          0          0          0       4210   stm32f10x_dma.o
       860         38          0          0          0       5525   stm32f10x_gpio.o
      1108         76          0         39         50       4180   stm32f10x_it.o
       932         36          0         20          0       8656   stm32f10x_rcc.o
       780         14          0          0          0       6410   stm32f10x_spi.o
      3610         88          0          0          0      22012   stm32f10x_tim.o
      1032         22          0          0          0       8252   stm32f10x_usart.o
       480         38          0         20          0     275343   system_stm32f10x.o
       126          0          0          4          0        802   tim3.o
       948         48          0         32          0       2278   tim_pwm_in.o
       344         24          0          0         16      16941   time.o
       344         16          0          0         23       1804   usart1.o
       632         16          0          0          0       2893   usart2.o

    ----------------------------------------------------------------------
     18404        814        336        216       1436     395818   Object Totals
         0          0         32          0          0          0   (incl. Generated)
         6          0          0          4          9          0   (incl. Padding)

    ----------------------------------------------------------------------

      Code (inc. data)   RO Data    RW Data    ZI Data      Debug   Library Member Name

         0          0          0          0          0          0   entry.o
         0          0          0          0          0          0   entry10a.o
         0          0          0          0          0          0   entry11a.o
         8          4          0          0          0          0   entry2.o
         4          0          0          0          0          0   entry5.o
         0          0          0          0          0          0   entry7b.o
         0          0          0          0          0          0   entry8b.o
         8          4          0          0          0          0   entry9a.o
        30          0          0          0          0          0   handlers.o
        36          8          0          0          0         68   init.o
         0          0          0          0          0          0   iusefp.o
        30          0          0          0          0         68   llshl.o
        32          0          0          0          0         68   llushr.o
       246         10          0          0          0        176   printf2.o
         0          0          0          4          0          0   stdout.o
        20          0          0          0          0         68   cfcmple.o
        20          0          0          0          0         68   cfrcmple.o
        56          0          0          0          0         88   d2f.o
       222          0          0          0          0        100   ddiv.o
       182          0          0          0          0        176   depilogue.o
        50          0          0          0          0         76   dfixui.o
        34          0          0          0          0         76   dflti.o
        26          0          0          0          0         76   dfltui.o
       228          0          0          0          0         96   dmul.o
       176          0          0          0          0        140   fadd.o
       124          0          0          0          0         88   fdiv.o
       110          0          0          0          0        168   fepilogue.o
        50          0          0          0          0         68   ffixi.o
        40          0          0          0          0         68   ffixui.o
        18          0          0          0          0         68   fflti.o
        10          0          0          0          0         68   ffltui.o
       100          0          0          0          0         76   fmul.o

    ----------------------------------------------------------------------
      1864         26          0          4          0       1948   Library Totals
         4          0          0          0          0          0   (incl. Padding)

    ----------------------------------------------------------------------

      Code (inc. data)   RO Data    RW Data    ZI Data      Debug   Library Name

       394         26          0          4          0        380   mc_w.l
      1466          0          0          0          0       1568   mf_w.l

    ----------------------------------------------------------------------
      1864         26          0          4          0       1948   Library Totals

    ----------------------------------------------------------------------

==============================================================================


      Code (inc. data)   RO Data    RW Data    ZI Data      Debug   

     20268        840        336        220       1436     394746   Grand Totals
     20268        840        336        220       1436     394746   ELF Image Totals
     20268        840        336        220          0          0   ROM Totals

==============================================================================

    Total RO  Size (Code + RO Data)                20604 (  20.12kB)
    Total RW  Size (RW Data + ZI Data)              1656 (   1.62kB)
    Total ROM Size (Code + RO Data + RW Data)      20824 (  20.34kB)

==============================================================================

