Product: MDK-ARM Professional 5.10
Component: ARM Compiler 5.04 update 1 (build 49)
Tool: armlink [5040049]

==============================================================================

Section Cross References

    startup_stm32f10x_hd.o(RESET) refers to startup_stm32f10x_hd.o(STACK) for __initial_sp
    startup_stm32f10x_hd.o(RESET) refers to startup_stm32f10x_hd.o(.text) for Reset_Handler
    startup_stm32f10x_hd.o(RESET) refers to stm32f10x_it.o(.text) for NMI_Handler
    startup_stm32f10x_hd.o(RESET) refers to time.o(.text) for SysTick_Handler
    startup_stm32f10x_hd.o(.text) refers to system_stm32f10x.o(.text) for SystemInit
    startup_stm32f10x_hd.o(.text) refers to entry.o(.ARM.Collect$$$$00000000) for __main
    system_stm32f10x.o(.text) refers to system_stm32f10x.o(.data) for SystemCoreClock
    main.o(.text) refers to usart1.o(.text) for NVIC_Configuration
    main.o(.text) refers to time.o(.text) for time_init
    main.o(.text) refers to spi1.o(.text) for Spi1_Init
    main.o(.text) refers to motor.o(.text) for PWM_Init
    main.o(.text) refers to nrf24l.o(.text) for Nrf24l01_Init
    main.o(.text) refers to tim_pwm_in.o(.text) for Tim_Pwm_In_Init
    main.o(.text) refers to adc.o(.text) for ADC1_Init
    main.o(.text) refers to imu.o(.text) for IMU_Init
    main.o(.text) refers to led.o(.text) for Led_Init
    main.o(.text) refers to tim3.o(.text) for Tim2_Init
    main.o(.text) refers to rc.o(.text) for Rc_Fun
    main.o(.text) refers to control.o(.text) for Control
    main.o(.text) refers to control.o(.bss) for PID_ROL
    main.o(.text) refers to main.o(.data) for FLAG_ATT
    main.o(.text) refers to main.o(.bss) for Att_Angle
    main.o(.text) refers to data_transfer.o(.data) for Send_Status
    stm32f10x_it.o(.text) refers to stm32f10x_usart.o(.text) for USART_GetFlagStatus
    stm32f10x_it.o(.text) refers to data_transfer.o(.text) for Data_Receive_Anl
    stm32f10x_it.o(.text) refers to stm32f10x_dma.o(.text) for DMA_ITConfig
    stm32f10x_it.o(.text) refers to time.o(.text) for time_nowMs
    stm32f10x_it.o(.text) refers to dflti.o(.text) for __aeabi_i2d
    stm32f10x_it.o(.text) refers to ddiv.o(.text) for __aeabi_ddiv
    stm32f10x_it.o(.text) refers to dmul.o(.text) for __aeabi_dmul
    stm32f10x_it.o(.text) refers to d2f.o(.text) for __aeabi_d2f
    stm32f10x_it.o(.text) refers to ffltui.o(.text) for __aeabi_ui2f
    stm32f10x_it.o(.text) refers to fadd.o(.text) for __aeabi_fsub
    stm32f10x_it.o(.text) refers to fdiv.o(.text) for __aeabi_fdiv
    stm32f10x_it.o(.text) refers to ffixi.o(.text) for __aeabi_f2iz
    stm32f10x_it.o(.text) refers to tim_pwm_in.o(.text) for Tim4_Pwm_In_Irq
    stm32f10x_it.o(.text) refers to stm32f10x_it.o(.data) for RxState
    stm32f10x_it.o(.text) refers to stm32f10x_it.o(.bss) for RxBuffer
    stm32f10x_it.o(.text) refers to main.o(.bss) for Att_Angle
    stm32f10x_it.o(.text) refers to usart1.o(.bss) for ReadBuffer
    stm32f10x_it.o(.text) refers to main.o(.data) for Gyr
    stm32f10x_it.o(.text) refers to tim3.o(.data) for TIM2_IRQCNT
    rc.o(.text) refers to rc.o(.data) for cnt_arm
    control.o(.text) refers to fflti.o(.text) for __aeabi_i2f
    control.o(.text) refers to fadd.o(.text) for __aeabi_frsub
    control.o(.text) refers to cfrcmple.o(.text) for __aeabi_cfrcmple
    control.o(.text) refers to cfcmple.o(.text) for __aeabi_cfcmple
    control.o(.text) refers to fmul.o(.text) for __aeabi_fmul
    control.o(.text) refers to ffixi.o(.text) for __aeabi_f2iz
    control.o(.text) refers to motor.o(.text) for motor_Control
    control.o(.text) refers to control.o(.data) for rol_i
    control.o(.text) refers to control.o(.bss) for PID_ROL
    imu.o(.text) refers to usart1.o(.text) for USART1_Config
    imu.o(.text) refers to printf2.o(i.__0printf$2) for __2printf
    imu.o(.text) refers to time.o(.text) for time_waitMs
    data_transfer.o(.text) refers to fflti.o(.text) for __aeabi_i2f
    data_transfer.o(.text) refers to fdiv.o(.text) for __aeabi_fdiv
    data_transfer.o(.text) refers to nrf24l.o(.text) for NRF_Read_Reg
    data_transfer.o(.text) refers to led.o(.text) for Ledx_ONOFF
    data_transfer.o(.text) refers to fmul.o(.text) for __aeabi_fmul
    data_transfer.o(.text) refers to ffixi.o(.text) for __aeabi_f2iz
    data_transfer.o(.text) refers to control.o(.bss) for PID_ROL
    data_transfer.o(.text) refers to nrf24l.o(.bss) for NRF24L01_RXDATA
    data_transfer.o(.text) refers to control.o(.data) for Moto_PWM_1
    data_transfer.o(.text) refers to data_transfer.o(.bss) for data_to_send
    data_transfer.o(.text) refers to main.o(.data) for Rc_D
    data_transfer.o(.text) refers to main.o(.bss) for Att_Angle
    data_transfer.o(.text) refers to dfltui.o(.text) for __aeabi_ui2d
    data_transfer.o(.text) refers to ddiv.o(.text) for __aeabi_ddiv
    data_transfer.o(.text) refers to dmul.o(.text) for __aeabi_dmul
    data_transfer.o(.text) refers to d2f.o(.text) for __aeabi_d2f
[...]
    printf7.o(i.__0vsnprintf$7) refers to printf7.o(i._printf_core) for _printf_core
    printf7.o(i.__0vsnprintf$7) refers to printf7.o(i._snputc) for _snputc
    printf7.o(i.__0vsprintf$7) refers to printf7.o(i._printf_core) for _printf_core
    printf7.o(i.__0vsprintf$7) refers to printf7.o(i._sputc) for _sputc
    printf7.o(i._printf_core) refers to printf7.o(i._printf_pre_padding) for _printf_pre_padding
    printf7.o(i._printf_core) refers to uldiv.o(.text) for __aeabi_uldivmod
    printf7.o(i._printf_core) refers to printf7.o(i._printf_post_padding) for _printf_post_padding
    printf8.o(i.__0fprintf$8) refers to printf8.o(i._printf_core) for _printf_core
    printf8.o(i.__0fprintf$8) refers to usart1.o(.text) for fputc
    printf8.o(i.__0printf$8) refers to printf8.o(i._printf_core) for _printf_core
    printf8.o(i.__0printf$8) refers to usart1.o(.text) for fputc
    printf8.o(i.__0printf$8) refers to stdout.o(.data) for __stdout
    printf8.o(i.__0snprintf$8) refers to printf8.o(i._printf_core) for _printf_core
    printf8.o(i.__0snprintf$8) refers to printf8.o(i._snputc) for _snputc
    printf8.o(i.__0sprintf$8) refers to printf8.o(i._printf_core) for _printf_core
    printf8.o(i.__0sprintf$8) refers to printf8.o(i._sputc) for _sputc
    printf8.o(i.__0vfprintf$8) refers to printf8.o(i._printf_core) for _printf_core
    printf8.o(i.__0vfprintf$8) refers to usart1.o(.text) for fputc
    printf8.o(i.__0vprintf$8) refers to printf8.o(i._printf_core) for _printf_core
    printf8.o(i.__0vprintf$8) refers to usart1.o(.text) for fputc
    printf8.o(i.__0vprintf$8) refers to stdout.o(.data) for __stdout
    printf8.o(i.__0vsnprintf$8) refers to printf8.o(i._printf_core) for _printf_core
    printf8.o(i.__0vsnprintf$8) refers to printf8.o(i._snputc) for _snputc
    printf8.o(i.__0vsprintf$8) refers to printf8.o(i._printf_core) for _printf_core
    printf8.o(i.__0vsprintf$8) refers to printf8.o(i._sputc) for _sputc
    printf8.o(i._printf_core) refers to printf8.o(i._printf_pre_padding) for _printf_pre_padding
    printf8.o(i._printf_core) refers to uldiv.o(.text) for __aeabi_uldivmod
    printf8.o(i._printf_core) refers to printf8.o(i._printf_post_padding) for _printf_post_padding
    printfa.o(i.__0fprintf) refers (Special) to iusefp.o(.text) for __I$use$fp
    printfa.o(i.__0fprintf) refers to printfa.o(i._printf_core) for _printf_core
    printfa.o(i.__0fprintf) refers to usart1.o(.text) for fputc
    printfa.o(i.__0printf) refers (Special) to iusefp.o(.text) for __I$use$fp
    printfa.o(i.__0printf) refers to printfa.o(i._printf_core) for _printf_core
    printfa.o(i.__0printf) refers to usart1.o(.text) for fputc
    printfa.o(i.__0printf) refers to stdout.o(.data) for __stdout
    printfa.o(i.__0snprintf) refers (Special) to iusefp.o(.text) for __I$use$fp
    printfa.o(i.__0snprintf) refers to printfa.o(i._printf_core) for _printf_core
    printfa.o(i.__0snprintf) refers to printfa.o(i._snputc) for _snputc
    printfa.o(i.__0sprintf) refers (Special) to iusefp.o(.text) for __I$use$fp
    printfa.o(i.__0sprintf) refers to printfa.o(i._printf_core) for _printf_core
    printfa.o(i.__0sprintf) refers to printfa.o(i._sputc) for _sputc
    printfa.o(i.__0vfprintf) refers (Special) to iusefp.o(.text) for __I$use$fp
    printfa.o(i.__0vfprintf) refers to printfa.o(i._printf_core) for _printf_core
    printfa.o(i.__0vfprintf) refers to usart1.o(.text) for fputc
    printfa.o(i.__0vprintf) refers (Special) to iusefp.o(.text) for __I$use$fp
    printfa.o(i.__0vprintf) refers to printfa.o(i._printf_core) for _printf_core
    printfa.o(i.__0vprintf) refers to usart1.o(.text) for fputc
    printfa.o(i.__0vprintf) refers to stdout.o(.data) for __stdout
    printfa.o(i.__0vsnprintf) refers (Special) to iusefp.o(.text) for __I$use$fp
    printfa.o(i.__0vsnprintf) refers to printfa.o(i._printf_core) for _printf_core
    printfa.o(i.__0vsnprintf) refers to printfa.o(i._snputc) for _snputc
    printfa.o(i.__0vsprintf) refers (Special) to iusefp.o(.text) for __I$use$fp
    printfa.o(i.__0vsprintf) refers to printfa.o(i._printf_core) for _printf_core
    printfa.o(i.__0vsprintf) refers to printfa.o(i._sputc) for _sputc
    printfa.o(i._fp_digits) refers (Special) to iusefp.o(.text) for __I$use$fp
    printfa.o(i._fp_digits) refers to dmul.o(.text) for __aeabi_dmul
    printfa.o(i._fp_digits) refers to ddiv.o(.text) for __aeabi_ddiv
    printfa.o(i._fp_digits) refers to cdrcmple.o(.text) for __aeabi_cdrcmple
    printfa.o(i._fp_digits) refers to dadd.o(.text) for __aeabi_dadd
    printfa.o(i._fp_digits) refers to dfixul.o(.text) for __aeabi_d2ulz
    printfa.o(i._fp_digits) refers to uldiv.o(.text) for __aeabi_uldivmod
    printfa.o(i._printf_core) refers (Special) to iusefp.o(.text) for __I$use$fp
    printfa.o(i._printf_core) refers to printfa.o(i._printf_pre_padding) for _printf_pre_padding
    printfa.o(i._printf_core) refers to uldiv.o(.text) for __aeabi_uldivmod
    printfa.o(i._printf_core) refers to printfa.o(i._printf_post_padding) for _printf_post_padding
    printfa.o(i._printf_core) refers to printfa.o(i._fp_digits) for _fp_digits
    printfa.o(i._printf_core) refers to uidiv.o(.text) for __aeabi_uidivmod
    printfa.o(i._printf_post_padding) refers (Special) to iusefp.o(.text) for __I$use$fp
    printfa.o(i._printf_pre_padding) refers (Special) to iusefp.o(.text) for __I$use$fp
    printfa.o(i._snputc) refers (Special) to iusefp.o(.text) for __I$use$fp
    printfa.o(i._sputc) refers (Special) to iusefp.o(.text) for __I$use$fp
    fadd.o(.text) refers (Special) to iusefp.o(.text) for __I$use$fp
    fadd.o(.text) refers to fepilogue.o(.text) for _float_epilogue
    fmul.o(.text) refers (Special) to iusefp.o(.text) for __I$use$fp
    fdiv.o(.text) refers (Special) to iusefp.o(.text) for __I$use$fp
    fdiv.o(.text) refers to fepilogue.o(.text) for _float_round
    dmul.o(.text) refers (Special) to iusefp.o(.text) for __I$use$fp
    dmul.o(.text) refers to depilogue.o(.text) for _double_epilogue
    ddiv.o(.text) refers (Special) to iusefp.o(.text) for __I$use$fp
    ddiv.o(.text) refers to depilogue.o(.text) for _double_round
    fflti.o(.text) refers (Special) to iusefp.o(.text) for __I$use$fp
    fflti.o(.text) refers to fepilogue.o(.text) for _float_epilogue
    ffltui.o(.text) refers (Special) to iusefp.o(.text) for __I$use$fp
    ffltui.o(.text) refers to fepilogue.o(.text) for _float_epilogue
    dflti.o(.text) refers (Special) to iusefp.o(.text) for __I$use$fp
    dflti.o(.text) refers to depilogue.o(.text) for _double_epilogue
    dfltui.o(.text) refers (Special) to iusefp.o(.text) for __I$use$fp
    dfltui.o(.text) refers to depilogue.o(.text) for _double_epilogue
    ffixi.o(.text) refers (Special) to iusefp.o(.text) for __I$use$fp
    ffixui.o(.text) refers (Special) to iusefp.o(.text) for __I$use$fp
    dfixui.o(.text) refers (Special) to iusefp.o(.text) for __I$use$fp
    dfixui.o(.text) refers to llushr.o(.text) for __aeabi_llsr
    d2f.o(.text) refers (Special) to iusefp.o(.text) for __I$use$fp
    d2f.o(.text) refers to fepilogue.o(.text) for _float_round
    cfcmple.o(.text) refers (Special) to iusefp.o(.text) for __I$use$fp
    cfrcmple.o(.text) refers (Special) to iusefp.o(.text) for __I$use$fp
    entry2.o(.ARM.Collect$$$$00000001) refers to entry2.o(.ARM.Collect$$$$00002712) for __lit__00000000
    entry2.o(.ARM.Collect$$$$00002712) refers to startup_stm32f10x_hd.o(STACK) for __initial_sp
    entry2.o(__vectab_stack_and_reset_area) refers to startup_stm32f10x_hd.o(STACK) for __initial_sp
    entry2.o(__vectab_stack_and_reset_area) refers to entry.o(.ARM.Collect$$$$00000000) for __main
    entry5.o(.ARM.Collect$$$$00000004) refers to init.o(.text) for __scatterload
    entry9a.o(.ARM.Collect$$$$0000000B) refers to main.o(.text) for main
    entry9b.o(.ARM.Collect$$$$0000000C) refers to main.o(.text) for main
    uldiv.o(.text) refers to llushr.o(.text) for __aeabi_llsr
    uldiv.o(.text) refers to llshl.o(.text) for __aeabi_llsl
    depilogue.o(.text) refers to llshl.o(.text) for __aeabi_llsl
    depilogue.o(.text) refers to llushr.o(.text) for __aeabi_llsr
    dadd.o(.text) refers to llshl.o(.text) for __aeabi_llsl
    dadd.o(.text) refers to llsshr.o(.text) for __aeabi_lasr
    dadd.o(.text) refers to depilogue.o(.text) for _double_epilogue
    dfixul.o(.text) refers to llushr.o(.text) for __aeabi_llsr
    dfixul.o(.text) refers to llshl.o(.text) for __aeabi_llsl
    init.o(.text) refers to entry5.o(.ARM.Collect$$$$00000004) for __main_after_scatterload


==============================================================================

Removing Unused input sections from the image.

    Removing startup_stm32f10x_hd.o(HEAP), (512 bytes).
    Removing core_cm3.o(.emb_text), (32 bytes).
    Removing stm32f10x_i2c.o(.text), (1028 bytes).
    Removing dadd.o(.text), (334 bytes).
    Removing dfixul.o(.text), (48 bytes).
    Removing cdrcmple.o(.text), (40 bytes).

6 unused section(s) (total 1994 bytes) removed from the image.

==============================================================================

Image Symbol Table

    Local Symbols

    Symbol Name                              Value     Ov Type        Size  Object(Section)

    ../clib/microlib/division.c              0x00000000   Number         0  uldiv.o ABSOLUTE
    ../clib/microlib/division.c              0x00000000   Number         0  uidiv.o ABSOLUTE
    ../clib/microlib/init/entry.s            0x00000000   Number         0  entry11b.o ABSOLUTE
    ../clib/microlib/init/entry.s            0x00000000   Number         0  entry8b.o ABSOLUTE
    ../clib/microlib/init/entry.s            0x00000000   Number         0  entry10b.o ABSOLUTE
    ../clib/microlib/init/entry.s            0x00000000   Number         0  entry10a.o ABSOLUTE
    ../clib/microlib/init/entry.s            0x00000000   Number         0  entry9b.o ABSOLUTE
    ../clib/microlib/init/entry.s            0x00000000   Number         0  entry9a.o ABSOLUTE
    ../clib/microlib/init/entry.s            0x00000000   Number         0  entry8a.o ABSOLUTE
    ../clib/microlib/init/entry.s            0x00000000   Number         0  entry7b.o ABSOLUTE
    ../clib/microlib/init/entry.s            0x00000000   Number         0  entry7a.o ABSOLUTE
    ../clib/microlib/init/entry.s            0x00000000   Number         0  entry5.o ABSOLUTE
    ../clib/microlib/init/entry.s            0x00000000   Number         0  entry2.o ABSOLUTE
    ../clib/microlib/init/entry.s            0x00000000   Number         0  entry11a.o ABSOLUTE
    ../clib/microlib/init/entry.s            0x00000000   Number         0  entry.o ABSOLUTE
    ../clib/microlib/longlong.c              0x00000000   Number         0  llushr.o ABSOLUTE
    ../clib/microlib/longlong.c              0x00000000   Number         0  llsshr.o ABSOLUTE
    ../clib/microlib/longlong.c              0x00000000   Number         0  llshl.o ABSOLUTE
    ../clib/microlib/printf/printf.c         0x00000000   Number         0  printfb.o ABSOLUTE
    ../clib/microlib/printf/printf.c         0x00000000   Number         0  printf0.o ABSOLUTE
    ../clib/microlib/printf/printf.c         0x00000000   Number         0  printf1.o ABSOLUTE
    ../clib/microlib/printf/printf.c         0x00000000   Number         0  printf2.o ABSOLUTE
    ../clib/microlib/printf/printf.c         0x00000000   Number         0  printf3.o ABSOLUTE
    ../clib/microlib/printf/printf.c         0x00000000   Number         0  printf6.o ABSOLUTE
    ../clib/microlib/printf/printf.c         0x00000000   Number         0  printf4.o ABSOLUTE
    ../clib/microlib/printf/printf.c         0x00000000   Number         0  printf5.o ABSOLUTE
    ../clib/microlib/printf/printf.c         0x00000000   Number         0  printf7.o ABSOLUTE
    ../clib/microlib/printf/printf.c         0x00000000   Number         0  printf8.o ABSOLUTE
    ../clib/microlib/printf/printf.c         0x00000000   Number         0  printfa.o ABSOLUTE
    ../clib/microlib/printf/stubs.s          0x00000000   Number         0  stubs.o ABSOLUTE
    ../clib/microlib/stdio/streams.c         0x00000000   Number         0  stdout.o ABSOLUTE
    ../clib/microlib/stubs.s                 0x00000000   Number         0  iusefp.o ABSOLUTE
    ../fplib/microlib/d2f.c                  0x00000000   Number         0  d2f.o ABSOLUTE
    ../fplib/microlib/fpadd.c                0x00000000   Number         0  fadd.o ABSOLUTE
    ../fplib/microlib/fpadd.c                0x00000000   Number         0  dadd.o ABSOLUTE
    ../fplib/microlib/fpdiv.c                0x00000000   Number         0  fdiv.o ABSOLUTE
    ../fplib/microlib/fpdiv.c                0x00000000   Number         0  ddiv.o ABSOLUTE
    ../fplib/microlib/fpepilogue.c           0x00000000   Number         0  depilogue.o ABSOLUTE
    ../fplib/microlib/fpepilogue.c           0x00000000   Number         0  fepilogue.o ABSOLUTE
    ../fplib/microlib/fpfix.c                0x00000000   Number         0  dfixui.o ABSOLUTE
    ../fplib/microlib/fpfix.c                0x00000000   Number         0  ffixi.o ABSOLUTE
    ../fplib/microlib/fpfix.c                0x00000000   Number         0  ffixui.o ABSOLUTE
    ../fplib/microlib/fpfix.c                0x00000000   Number         0  dfixul.o ABSOLUTE
    ../fplib/microlib/fpflt.c                0x00000000   Number         0  ffltui.o ABSOLUTE
    ../fplib/microlib/fpflt.c                0x00000000   Number         0  dflti.o ABSOLUTE
    ../fplib/microlib/fpflt.c                0x00000000   Number         0  dfltui.o ABSOLUTE
    ../fplib/microlib/fpflt.c                0x00000000   Number         0  fflti.o ABSOLUTE
    ../fplib/microlib/fpmul.c                0x00000000   Number         0  dmul.o ABSOLUTE
    ../fplib/microlib/fpmul.c                0x00000000   Number         0  fmul.o ABSOLUTE
    ..\BSP\ADC.c                             0x00000000   Number         0  adc.o ABSOLUTE
    ..\BSP\Led.c                             0x00000000   Number         0  led.o ABSOLUTE
    ..\BSP\Motor.c                           0x00000000   Number         0  motor.o ABSOLUTE
    ..\BSP\NRF24L.c                          0x00000000   Number         0  nrf24l.o ABSOLUTE
    ..\BSP\SPI1.c                            0x00000000   Number         0  spi1.o ABSOLUTE
    ..\BSP\Tim3.c                            0x00000000   Number         0  tim3.o ABSOLUTE
    ..\BSP\Tim_PWM_In.c                      0x00000000   Number         0  tim_pwm_in.o ABSOLUTE
    ..\BSP\Time.c                            0x00000000   Number         0  time.o ABSOLUTE
    ..\BSP\USART1.c                          0x00000000   Number         0  usart1.o ABSOLUTE
    ..\CMSIS\core_cm3.c                      0x00000000   Number         0  core_cm3.o ABSOLUTE
    ..\CMSIS\startup\arm\startup_stm32f10x_hd.s 0x00000000   Number         0  startup_stm32f10x_hd.o ABSOLUTE
    ..\CMSIS\system_stm32f10x.c              0x00000000   Number         0  system_stm32f10x.o ABSOLUTE
    ..\Lib\src\misc.c                        0x00000000   Number         0  misc.o ABSOLUTE
    ..\Lib\src\stm32f10x_adc.c               0x00000000   Number         0  stm32f10x_adc.o ABSOLUTE
    ..\Lib\src\stm32f10x_dma.c               0x00000000   Number         0  stm32f10x_dma.o ABSOLUTE
    ..\Lib\src\stm32f10x_gpio.c              0x00000000   Number         0  stm32f10x_gpio.o ABSOLUTE
    ..\Lib\src\stm32f10x_i2c.c               0x00000000   Number         0  stm32f10x_i2c.o ABSOLUTE
    ..\Lib\src\stm32f10x_rcc.c               0x00000000   Number         0  stm32f10x_rcc.o ABSOLUTE
    ..\Lib\src\stm32f10x_spi.c               0x00000000   Number         0  stm32f10x_spi.o ABSOLUTE
    ..\Lib\src\stm32f10x_tim.c               0x00000000   Number         0  stm32f10x_tim.o ABSOLUTE
    ..\Lib\src\stm32f10x_usart.c             0x00000000   Number         0  stm32f10x_usart.o ABSOLUTE
    ..\User\Control.c                        0x00000000   Number         0  control.o ABSOLUTE
    ..\User\Data_Transfer.c                  0x00000000   Number         0  data_transfer.o ABSOLUTE
    ..\User\IMU.c                            0x00000000   Number         0  imu.o ABSOLUTE
    ..\User\RC.c                             0x00000000   Number         0  rc.o ABSOLUTE
    ..\User\main.c                           0x00000000   Number         0  main.o ABSOLUTE
    ..\User\stm32f10x_it.c                   0x00000000   Number         0  stm32f10x_it.o ABSOLUTE
    ..\\CMSIS\\core_cm3.c                    0x00000000   Number         0  core_cm3.o ABSOLUTE
    cdrcmple.s                               0x00000000   Number         0  cdrcmple.o ABSOLUTE
    cfcmple.s                                0x00000000   Number         0  cfcmple.o ABSOLUTE
    cfrcmple.s                               0x00000000   Number         0  cfrcmple.o ABSOLUTE
    dc.s                                     0x00000000   Number         0  dc.o ABSOLUTE
    handlers.s                               0x00000000   Number         0  handlers.o ABSOLUTE
    init.s                                   0x00000000   Number         0  init.o ABSOLUTE
    RESET                                    0x08000000   Section      304  startup_stm32f10x_hd.o(RESET)
    .ARM.Collect$$$$00000000                 0x08000130   Section        0  entry.o(.ARM.Collect$$$$00000000)
    .ARM.Collect$$$$00000001                 0x08000130   Section        4  entry2.o(.ARM.Collect$$$$00000001)
    .ARM.Collect$$$$00000004                 0x08000134   Section        4  entry5.o(.ARM.Collect$$$$00000004)
    .ARM.Collect$$$$00000008                 0x08000138   Section        0  entry7b.o(.ARM.Collect$$$$00000008)
    .ARM.Collect$$$$0000000A                 0x08000138   Section        0  entry8b.o(.ARM.Collect$$$$0000000A)
    .ARM.Collect$$$$0000000B                 0x08000138   Section        8  entry9a.o(.ARM.Collect$$$$0000000B)
    .ARM.Collect$$$$0000000D                 0x08000140   Section        0  entry10a.o(.ARM.Collect$$$$0000000D)
    .ARM.Collect$$$$0000000F                 0x08000140   Section        0  entry11a.o(.ARM.Collect$$$$0000000F)
    .ARM.Collect$$$$00002712                 0x08000140   Section        4  entry2.o(.ARM.Collect$$$$00002712)
    __lit__00000000                          0x08000140   Data           4  entry2.o(.ARM.Collect$$$$00002712)
    .text                                    0x08000144   Section       36  startup_stm32f10x_hd.o(.text)
    .text                                    0x08000168   Section        0  system_stm32f10x.o(.text)
    SetSysClockTo72                          0x08000169   Thumb Code   214  system_stm32f10x.o(.text)
    SetSysClock                              0x0800023f   Thumb Code     8  system_stm32f10x.o(.text)
    .text                                    0x08000348   Section        0  main.o(.text)
    .text                                    0x080004d8   Section        0  stm32f10x_it.o(.text)
    .text                                    0x0800092c   Section        0  rc.o(.text)
    .text                                    0x080009a0   Section        0  control.o(.text)
    .text                                    0x08000d34   Section        0  imu.o(.text)
    .text                                    0x08000d84   Section        0  data_transfer.o(.text)
    .text                                    0x08001434   Section        0  tim3.o(.text)
    NVIC_Config                              0x08001435   Thumb Code    42  tim3.o(.text)
    .text                                    0x080014b4   Section        0  usart1.o(.text)
    NVIC_Config                              0x0800156f   Thumb Code    40  usart1.o(.text)
    .text                                    0x0800160c   Section        0  spi1.o(.text)
    .text                                    0x08001704   Section        0  led.o(.text)
    .text                                    0x08001878   Section        0  motor.o(.text)
    PWM_GPIO_Init                            0x08001879   Thumb Code    56  motor.o(.text)
    PWM_Mode_Init                            0x080018b1   Thumb Code   164  motor.o(.text)
    .text                                    0x08001a6c   Section        0  time.o(.text)
    NVIC_SetPriority                         0x08001a6d   Thumb Code    32  time.o(.text)
    .text                                    0x08001bc4   Section        0  tim_pwm_in.o(.text)
    Rc_DataAnl                               0x08001bc5   Thumb Code    36  tim_pwm_in.o(.text)
    NVIC_Config                              0x08001c03   Thumb Code    40  tim_pwm_in.o(.text)
    .text                                    0x08001f78   Section        0  nrf24l.o(.text)
    .text                                    0x080021ec   Section        0  adc.o(.text)
    ADC1_GPIO_Config                         0x080021ed   Thumb Code    42  adc.o(.text)
    ADC1_Mode_Config                         0x08002217   Thumb Code   202  adc.o(.text)
    .text                                    0x080022fc   Section        0  misc.o(.text)
    .text                                    0x080023d8   Section        0  stm32f10x_adc.o(.text)
    .text                                    0x08002828   Section        0  stm32f10x_dma.o(.text)
    .text                                    0x08002a7c   Section        0  stm32f10x_gpio.o(.text)
    .text                                    0x08002dd8   Section        0  stm32f10x_rcc.o(.text)
    .text                                    0x0800317c   Section        0  stm32f10x_spi.o(.text)
    .text                                    0x08003488   Section        0  stm32f10x_tim.o(.text)
    TI4_Config                               0x0800392f   Thumb Code   130  stm32f10x_tim.o(.text)
    TI3_Config                               0x080039c3   Thumb Code   122  stm32f10x_tim.o(.text)
    TI2_Config                               0x08003a57   Thumb Code   130  stm32f10x_tim.o(.text)
    TI1_Config                               0x08003aeb   Thumb Code   108  stm32f10x_tim.o(.text)
    .text                                    0x080042a4   Section        0  stm32f10x_usart.o(.text)
    .text                                    0x080046ac   Section        0  fadd.o(.text)
    .text                                    0x0800475c   Section        0  fmul.o(.text)
    .text                                    0x080047c0   Section        0  fdiv.o(.text)
    .text                                    0x0800483c   Section        0  dmul.o(.text)
    .text                                    0x08004920   Section        0  ddiv.o(.text)
    .text                                    0x080049fe   Section        0  fflti.o(.text)
    .text                                    0x08004a10   Section        0  ffltui.o(.text)
    .text                                    0x08004a1a   Section        0  dflti.o(.text)
    .text                                    0x08004a3c   Section        0  dfltui.o(.text)
    .text                                    0x08004a56   Section        0  ffixi.o(.text)
    .text                                    0x08004a88   Section        0  ffixui.o(.text)
    .text                                    0x08004ab0   Section        0  dfixui.o(.text)
    .text                                    0x08004ae2   Section        0  d2f.o(.text)
    .text                                    0x08004b1c   Section       20  cfcmple.o(.text)
    .text                                    0x08004b30   Section       20  cfrcmple.o(.text)
    .text                                    0x08004b44   Section        0  llushr.o(.text)
    .text                                    0x08004b64   Section        0  fepilogue.o(.text)
    .text                                    0x08004b64   Section        0  iusefp.o(.text)
    .text                                    0x08004bd2   Section        0  depilogue.o(.text)
    .text                                    0x08004c88   Section       36  init.o(.text)
    .text                                    0x08004cac   Section        0  llshl.o(.text)
    i.__0printf$2                            0x08004ccc   Section        0  printf2.o(i.__0printf$2)
    i.__scatterload_copy                     0x08004cec   Section       14  handlers.o(i.__scatterload_copy)
    i.__scatterload_null                     0x08004cfa   Section        2  handlers.o(i.__scatterload_null)
    i.__scatterload_zeroinit                 0x08004cfc   Section       14  handlers.o(i.__scatterload_zeroinit)
    i._printf_core                           0x08004d0a   Section        0  printf2.o(i._printf_core)
    _printf_core                             0x08004d0b   Thumb Code   214  printf2.o(i._printf_core)
    .data                                    0x20000000   Section       20  system_stm32f10x.o(.data)
    .data                                    0x20000014   Section       42  main.o(.data)
    att_cnt                                  0x20000039   Data           1  main.o(.data)
    rc_cnt                                   0x2000003a   Data           1  main.o(.data)
    status_cnt                               0x2000003b   Data           1  main.o(.data)
    dt_rc_cnt                                0x2000003c   Data           1  main.o(.data)
    dt_moto_cnt                              0x2000003d   Data           1  main.o(.data)
    .data                                    0x20000040   Section       39  stm32f10x_it.o(.data)
    RxState                                  0x20000060   Data           1  stm32f10x_it.o(.data)
    _data_len                                0x20000061   Data           1  stm32f10x_it.o(.data)
    _data_cnt                                0x20000062   Data           1  stm32f10x_it.o(.data)
    count                                    0x20000064   Data           2  stm32f10x_it.o(.data)
    ms1_cnt                                  0x20000066   Data           1  stm32f10x_it.o(.data)
    .data                                    0x20000067   Section        1  rc.o(.data)
    cnt_arm                                  0x20000067   Data           1  rc.o(.data)
    .data                                    0x20000068   Section       24  control.o(.data)
    .data                                    0x20000080   Section       12  data_transfer.o(.data)
    .data                                    0x2000008c   Section        4  tim3.o(.data)
    .data                                    0x20000090   Section        6  led.o(.data)
    Ledx_temp                                0x20000090   Data           4  led.o(.data)
    Ledx_sta                                 0x20000094   Data           1  led.o(.data)
    busy                                     0x20000095   Data           1  led.o(.data)
    .data                                    0x20000096   Section       32  tim_pwm_in.o(.data)
    Rc_Pwm_In                                0x20000096   Data           8  tim_pwm_in.o(.data)
    Rc_Data                                  0x2000009e   Data           8  tim_pwm_in.o(.data)
    temp_cnt1                                0x200000a6   Data           2  tim_pwm_in.o(.data)
    temp_cnt1_2                              0x200000a8   Data           2  tim_pwm_in.o(.data)
    temp_cnt2                                0x200000aa   Data           2  tim_pwm_in.o(.data)
    temp_cnt2_2                              0x200000ac   Data           2  tim_pwm_in.o(.data)
    temp_cnt3                                0x200000ae   Data           2  tim_pwm_in.o(.data)
    temp_cnt3_2                              0x200000b0   Data           2  tim_pwm_in.o(.data)
    temp_cnt4                                0x200000b2   Data           2  tim_pwm_in.o(.data)
    temp_cnt4_2                              0x200000b4   Data           2  tim_pwm_in.o(.data)
    .data                                    0x200000b6   Section       10  nrf24l.o(.data)
    .data                                    0x200000c0   Section        2  adc.o(.data)
    .data                                    0x200000c2   Section       20  stm32f10x_rcc.o(.data)
    APBAHBPrescTable                         0x200000c2   Data          16  stm32f10x_rcc.o(.data)
    ADCPrescTable                            0x200000d2   Data           4  stm32f10x_rcc.o(.data)
    .data                                    0x200000d8   Section        4  stdout.o(.data)
    .bss                                     0x200000dc   Section       24  main.o(.bss)
    .bss                                     0x200000f4   Section       50  stm32f10x_it.o(.bss)
    RxBuffer                                 0x200000f4   Data          50  stm32f10x_it.o(.bss)
    .bss                                     0x20000128   Section      160  control.o(.bss)
    .bss                                     0x200001c8   Section       50  data_transfer.o(.bss)
    .bss                                     0x200001fa   Section       23  usart1.o(.bss)
    .bss                                     0x20000212   Section       16  motor.o(.bss)
    .bss                                     0x20000224   Section       16  time.o(.bss)
    time                                     0x20000224   Data          16  time.o(.bss)
    .bss                                     0x20000234   Section       64  nrf24l.o(.bss)
    STACK                                    0x20000278   Section     1024  startup_stm32f10x_hd.o(STACK)

    Global Symbols

    Symbol Name                              Value     Ov Type        Size  Object(Section)

    BuildAttributes$$THM_ISAv4$P$D$K$B$S$PE$A:L22UL41UL21$X:L11$S22US41US21$IEEE1$IW$USESV6$~STKCKD$USESV7$~SHL$OTIME$ROPI$EBA8$MICROLIB$REQ8$PRES8$EABIv2 0x00000000   Number         0  anon$$obj.o ABSOLUTE
    __ARM_use_no_argv                        0x00000000   Number         0  main.o ABSOLUTE
    _printf_a                                0x00000000   Number         0  stubs.o ABSOLUTE
    _printf_c                                0x00000000   Number         0  stubs.o ABSOLUTE
    _printf_charcount                        0x00000000   Number         0  stubs.o ABSOLUTE
    _printf_d                                0x00000000   Number         0  stubs.o ABSOLUTE
    _printf_e                                0x00000000   Number         0  stubs.o ABSOLUTE
    _printf_f                                0x00000000   Number         0  stubs.o ABSOLUTE
    _printf_flags                            0x00000000   Number         0  stubs.o ABSOLUTE
    _printf_fp_dec                           0x00000000   Number         0  stubs.o ABSOLUTE
    _printf_fp_hex                           0x00000000   Number         0  stubs.o ABSOLUTE
    _printf_g                                0x00000000   Number         0  stubs.o ABSOLUTE
    _printf_i                                0x00000000   Number         0  stubs.o ABSOLUTE
    _printf_int_dec                          0x00000000   Number         0  stubs.o ABSOLUTE
    _printf_l                                0x00000000   Number         0  stubs.o ABSOLUTE
    _printf_lc                               0x00000000   Number         0  stubs.o ABSOLUTE
    _printf_ll                               0x00000000   Number         0  stubs.o ABSOLUTE
    _printf_lld                              0x00000000   Number         0  stubs.o ABSOLUTE
    _printf_lli                              0x00000000   Number         0  stubs.o ABSOLUTE
    _printf_llo                              0x00000000   Number         0  stubs.o ABSOLUTE
    _printf_llu                              0x00000000   Number         0  stubs.o ABSOLUTE
    _printf_llx                              0x00000000   Number         0  stubs.o ABSOLUTE
    _printf_longlong_dec                     0x00000000   Number         0  stubs.o ABSOLUTE
    _printf_longlong_hex                     0x00000000   Number         0  stubs.o ABSOLUTE
    _printf_longlong_oct                     0x00000000   Number         0  stubs.o ABSOLUTE
    _printf_ls                               0x00000000   Number         0  stubs.o ABSOLUTE
    _printf_mbtowc                           0x00000000   Number         0  stubs.o ABSOLUTE
    _printf_n                                0x00000000   Number         0  stubs.o ABSOLUTE
    _printf_o                                0x00000000   Number         0  stubs.o ABSOLUTE
    _printf_p                                0x00000000   Number         0  stubs.o ABSOLUTE
    _printf_percent                          0x00000000   Number         0  stubs.o ABSOLUTE
    _printf_pre_padding                      0x00000000   Number         0  stubs.o ABSOLUTE
    _printf_return_value                     0x00000000   Number         0  stubs.o ABSOLUTE
    _printf_s                                0x00000000   Number         0  stubs.o ABSOLUTE
    _printf_sizespec                         0x00000000   Number         0  stubs.o ABSOLUTE
    _printf_str                              0x00000000   Number         0  stubs.o ABSOLUTE
    _printf_truncate_signed                  0x00000000   Number         0  stubs.o ABSOLUTE
    _printf_truncate_unsigned                0x00000000   Number         0  stubs.o ABSOLUTE
    _printf_u                                0x00000000   Number         0  stubs.o ABSOLUTE
    _printf_wc                               0x00000000   Number         0  stubs.o ABSOLUTE
    _printf_wctomb                           0x00000000   Number         0  stubs.o ABSOLUTE
    _printf_widthprec                        0x00000000   Number         0  stubs.o ABSOLUTE
    _printf_x                                0x00000000   Number         0  stubs.o ABSOLUTE
    __cpp_initialize__aeabi_                  - Undefined Weak Reference
    __cxa_finalize                            - Undefined Weak Reference
    __decompress                              - Undefined Weak Reference
    _clock_init                               - Undefined Weak Reference
    _microlib_exit                            - Undefined Weak Reference
    __Vectors_Size                           0x00000130   Number         0  startup_stm32f10x_hd.o ABSOLUTE
    __Vectors                                0x08000000   Data           4  startup_stm32f10x_hd.o(RESET)
    __Vectors_End                            0x08000130   Data           0  startup_stm32f10x_hd.o(RESET)
    __main                                   0x08000131   Thumb Code     0  entry.o(.ARM.Collect$$$$00000000)
    _main_stk                                0x08000131   Thumb Code     0  entry2.o(.ARM.Collect$$$$00000001)
    _main_scatterload                        0x08000135   Thumb Code     0  entry5.o(.ARM.Collect$$$$00000004)
    __main_after_scatterload                 0x08000139   Thumb Code     0  entry5.o(.ARM.Collect$$$$00000004)
    _main_clock                              0x08000139   Thumb Code     0  entry7b.o(.ARM.Collect$$$$00000008)
    _main_cpp_init                           0x08000139   Thumb Code     0  entry8b.o(.ARM.Collect$$$$0000000A)
    _main_init                               0x08000139   Thumb Code     0  entry9a.o(.ARM.Collect$$$$0000000B)
    __rt_final_cpp                           0x08000141   Thumb Code     0  entry10a.o(.ARM.Collect$$$$0000000D)
    __rt_final_exit                          0x08000141   Thumb Code     0  entry11a.o(.ARM.Collect$$$$0000000F)
    Reset_Handler                            0x08000145   Thumb Code     8  startup_stm32f10x_hd.o(.text)
    ADC1_2_IRQHandler                        0x0800015f   Thumb Code     0  startup_stm32f10x_hd.o(.text)
    ADC3_IRQHandler                          0x0800015f   Thumb Code     0  startup_stm32f10x_hd.o(.text)
    CAN1_RX1_IRQHandler                      0x0800015f   Thumb Code     0  startup_stm32f10x_hd.o(.text)
    CAN1_SCE_IRQHandler                      0x0800015f   Thumb Code     0  startup_stm32f10x_hd.o(.text)
    DMA1_Channel1_IRQHandler                 0x0800015f   Thumb Code     0  startup_stm32f10x_hd.o(.text)
    DMA1_Channel2_IRQHandler                 0x0800015f   Thumb Code     0  startup_stm32f10x_hd.o(.text)
    DMA1_Channel3_IRQHandler                 0x0800015f   Thumb Code     0  startup_stm32f10x_hd.o(.text)
    DMA1_Channel4_IRQHandler                 0x0800015f   Thumb Code     0  startup_stm32f10x_hd.o(.text)
    DMA1_Channel6_IRQHandler                 0x0800015f   Thumb Code     0  startup_stm32f10x_hd.o(.text)
    DMA1_Channel7_IRQHandler                 0x0800015f   Thumb Code     0  startup_stm32f10x_hd.o(.text)
    DMA2_Channel1_IRQHandler                 0x0800015f   Thumb Code     0  startup_stm32f10x_hd.o(.text)
    DMA2_Channel2_IRQHandler                 0x0800015f   Thumb Code     0  startup_stm32f10x_hd.o(.text)
    DMA2_Channel3_IRQHandler                 0x0800015f   Thumb Code     0  startup_stm32f10x_hd.o(.text)
    DMA2_Channel4_5_IRQHandler               0x0800015f   Thumb Code     0  startup_stm32f10x_hd.o(.text)
    EXTI0_IRQHandler                         0x0800015f   Thumb Code     0  startup_stm32f10x_hd.o(.text)
    EXTI15_10_IRQHandler                     0x0800015f   Thumb Code     0  startup_stm32f10x_hd.o(.text)
    EXTI1_IRQHandler                         0x0800015f   Thumb Code     0  startup_stm32f10x_hd.o(.text)
    EXTI2_IRQHandler                         0x0800015f   Thumb Code     0  startup_stm32f10x_hd.o(.text)
    EXTI3_IRQHandler                         0x0800015f   Thumb Code     0  startup_stm32f10x_hd.o(.text)
    EXTI4_IRQHandler                         0x0800015f   Thumb Code     0  startup_stm32f10x_hd.o(.text)
    EXTI9_5_IRQHandler                       0x0800015f   Thumb Code     0  startup_stm32f10x_hd.o(.text)
    FLASH_IRQHandler                         0x0800015f   Thumb Code     0  startup_stm32f10x_hd.o(.text)
    FSMC_IRQHandler                          0x0800015f   Thumb Code     0  startup_stm32f10x_hd.o(.text)
    I2C1_ER_IRQHandler                       0x0800015f   Thumb Code     0  startup_stm32f10x_hd.o(.text)
    I2C1_EV_IRQHandler                       0x0800015f   Thumb Code     0  startup_stm32f10x_hd.o(.text)
    I2C2_ER_IRQHandler                       0x0800015f   Thumb Code     0  startup_stm32f10x_hd.o(.text)
    I2C2_EV_IRQHandler                       0x0800015f   Thumb Code     0  startup_stm32f10x_hd.o(.text)
    PVD_IRQHandler                           0x0800015f   Thumb Code     0  startup_stm32f10x_hd.o(.text)
    RCC_IRQHandler                           0x0800015f   Thumb Code     0  startup_stm32f10x_hd.o(.text)
    RTCAlarm_IRQHandler                      0x0800015f   Thumb Code     0  startup_stm32f10x_hd.o(.text)
    RTC_IRQHandler                           0x0800015f   Thumb Code     0  startup_stm32f10x_hd.o(.text)
    SDIO_IRQHandler                          0x0800015f   Thumb Code     0  startup_stm32f10x_hd.o(.text)
    SPI1_IRQHandler                          0x0800015f   Thumb Code     0  startup_stm32f10x_hd.o(.text)
    SPI2_IRQHandler                          0x0800015f   Thumb Code     0  startup_stm32f10x_hd.o(.text)
    SPI3_IRQHandler                          0x0800015f   Thumb Code     0  startup_stm32f10x_hd.o(.text)
    TAMPER_IRQHandler                        0x0800015f   Thumb Code     0  startup_stm32f10x_hd.o(.text)
    TIM1_BRK_IRQHandler                      0x0800015f   Thumb Code     0  startup_stm32f10x_hd.o(.text)
    TIM1_CC_IRQHandler                       0x0800015f   Thumb Code     0  startup_stm32f10x_hd.o(.text)
    TIM1_TRG_COM_IRQHandler                  0x0800015f   Thumb Code     0  startup_stm32f10x_hd.o(.text)
    TIM1_UP_IRQHandler                       0x0800015f   Thumb Code     0  startup_stm32f10x_hd.o(.text)
    TIM3_IRQHandler                          0x0800015f   Thumb Code     0  startup_stm32f10x_hd.o(.text)
    TIM5_IRQHandler                          0x0800015f   Thumb Code     0  startup_stm32f10x_hd.o(.text)
    TIM6_IRQHandler                          0x0800015f   Thumb Code     0  startup_stm32f10x_hd.o(.text)
    TIM7_IRQHandler                          0x0800015f   Thumb Code     0  startup_stm32f10x_hd.o(.text)
    TIM8_BRK_IRQHandler                      0x0800015f   Thumb Code     0  startup_stm32f10x_hd.o(.text)
    TIM8_CC_IRQHandler                       0x0800015f   Thumb Code     0  startup_stm32f10x_hd.o(.text)
    TIM8_TRG_COM_IRQHandler                  0x0800015f   Thumb Code     0  startup_stm32f10x_hd.o(.text)
    TIM8_UP_IRQHandler                       0x0800015f   Thumb Code     0  startup_stm32f10x_hd.o(.text)
    UART4_IRQHandler                         0x0800015f   Thumb Code     0  startup_stm32f10x_hd.o(.text)
    UART5_IRQHandler                         0x0800015f   Thumb Code     0  startup_stm32f10x_hd.o(.text)
    USART1_IRQHandler                        0x0800015f   Thumb Code     0  startup_stm32f10x_hd.o(.text)
    USART3_IRQHandler                        0x0800015f   Thumb Code     0  startup_stm32f10x_hd.o(.text)
    USBWakeUp_IRQHandler                     0x0800015f   Thumb Code     0  startup_stm32f10x_hd.o(.text)
    USB_HP_CAN1_TX_IRQHandler                0x0800015f   Thumb Code     0  startup_stm32f10x_hd.o(.text)
    USB_LP_CAN1_RX0_IRQHandler               0x0800015f   Thumb Code     0  startup_stm32f10x_hd.o(.text)
    WWDG_IRQHandler                          0x0800015f   Thumb Code     0  startup_stm32f10x_hd.o(.text)
    SystemInit                               0x08000247   Thumb Code    78  system_stm32f10x.o(.text)
    SystemCoreClockUpdate                    0x08000295   Thumb Code   142  system_stm32f10x.o(.text)
    Sys_Init                                 0x08000349   Thumb Code    90  main.o(.text)
    main                                     0x080003a3   Thumb Code   232  main.o(.text)
    NMI_Handler                              0x080004d9   Thumb Code     2  stm32f10x_it.o(.text)
    HardFault_Handler                        0x080004db   Thumb Code     4  stm32f10x_it.o(.text)
    MemManage_Handler                        0x080004df   Thumb Code     4  stm32f10x_it.o(.text)
    BusFault_Handler                         0x080004e3   Thumb Code     4  stm32f10x_it.o(.text)
    UsageFault_Handler                       0x080004e7   Thumb Code     4  stm32f10x_it.o(.text)
    SVC_Handler                              0x080004eb   Thumb Code     2  stm32f10x_it.o(.text)
    DebugMon_Handler                         0x080004ed   Thumb Code     2  stm32f10x_it.o(.text)
    PendSV_Handler                           0x080004ef   Thumb Code     2  stm32f10x_it.o(.text)
    USART2_IRQHandler                        0x080004f1   Thumb Code   256  stm32f10x_it.o(.text)
    DMA1_Channel5_IRQHandler                 0x080005f1   Thumb Code   676  stm32f10x_it.o(.text)
    TIM4_IRQHandler                          0x08000895   Thumb Code     8  stm32f10x_it.o(.text)
    TIM2_IRQHandler                          0x0800089d   Thumb Code   144  stm32f10x_it.o(.text)
    Rc_Fun                                   0x0800092d   Thumb Code   112  rc.o(.text)
    Control                                  0x080009a1   Thumb Code   852  control.o(.text)
    IMU_Init                                 0x08000d35   Thumb Code    74  imu.o(.text)
    Data_Receive_Anl                         0x08000d85   Thumb Code   324  data_transfer.o(.text)
    Nrf_Check_Event                          0x08000ec9   Thumb Code    94  data_transfer.o(.text)
    Nrf_Get_FIFOSta                          0x08000f27   Thumb Code    10  data_transfer.o(.text)
    Data_Send_MotoPWM                        0x08000f31   Thumb Code   230  data_transfer.o(.text)
    Data_Send_RCData                         0x08001017   Thumb Code   188  data_transfer.o(.text)
    Data_Send_Status                         0x080010d3   Thumb Code   382  data_transfer.o(.text)
    Data_Exchange                            0x08001251   Thumb Code    76  data_transfer.o(.text)
    Data_Send_Senser                         0x0800129d   Thumb Code     2  data_transfer.o(.text)
    Data_Send_VOTAGE                         0x0800129f   Thumb Code   296  data_transfer.o(.text)
    Data_Send_Check                          0x080013c7   Thumb Code    68  data_transfer.o(.text)
    Tim2_Init                                0x0800145f   Thumb Code    84  tim3.o(.text)
    USART1_Config                            0x080014b5   Thumb Code   114  usart1.o(.text)
    NVIC_Configuration                       0x08001527   Thumb Code    40  usart1.o(.text)
    fputc                                    0x0800154f   Thumb Code    32  usart1.o(.text)
    DMA_Usart1_Config                        0x08001597   Thumb Code   102  usart1.o(.text)
    Spi1_Init                                0x0800160d   Thumb Code   186  spi1.o(.text)
    Spi_RW                                   0x080016c7   Thumb Code    50  spi1.o(.text)
    Led_Control                              0x08001705   Thumb Code   106  led.o(.text)
    Led_Init                                 0x0800176f   Thumb Code   124  led.o(.text)
    Ledx_ONOFF                               0x080017eb   Thumb Code   124  led.o(.text)
    PWM_Change                               0x08001955   Thumb Code   104  motor.o(.text)
    motor_Init                               0x080019bd   Thumb Code    40  motor.o(.text)
    PWM_Init                                 0x080019e5   Thumb Code    16  motor.o(.text)
    motor_Control                            0x080019f5   Thumb Code   102  motor.o(.text)
    time_init                                0x08001a8d   Thumb Code   146  time.o(.text)
    SysTick_Handler                          0x08001b1f   Thumb Code    16  time.o(.text)
    time_nowUs                               0x08001b2f   Thumb Code    42  time.o(.text)
    time_nowMs                               0x08001b59   Thumb Code    30  time.o(.text)
    time_waitUs                              0x08001b77   Thumb Code    36  time.o(.text)
    time_waitMs                              0x08001b9b   Thumb Code    18  time.o(.text)
    Rc_GetValue                              0x08001be9   Thumb Code    26  tim_pwm_in.o(.text)
    Tim_Pwm_In_Init                          0x08001c2b   Thumb Code   284  tim_pwm_in.o(.text)
    Tim4_Pwm_In_Irq                          0x08001d47   Thumb Code   514  tim_pwm_in.o(.text)
    NRF_Write_Reg                            0x08001f79   Thumb Code    48  nrf24l.o(.text)
    NRF_Read_Reg                             0x08001fa9   Thumb Code    46  nrf24l.o(.text)
    NRF_Write_Buf                            0x08001fd7   Thumb Code    66  nrf24l.o(.text)
    NRF_Read_Buf                             0x08002019   Thumb Code    68  nrf24l.o(.text)
    NRF_TxPacket                             0x0800205d   Thumb Code    44  nrf24l.o(.text)
    NRF_TxPacket_AP                          0x08002089   Thumb Code    34  nrf24l.o(.text)
    Nrf24l01_Check                           0x080020ab   Thumb Code    62  nrf24l.o(.text)
    Nrf24l01_Init                            0x080020e9   Thumb Code   244  nrf24l.o(.text)
    ADC1_Init                                0x080022e1   Thumb Code    12  adc.o(.text)
    NVIC_PriorityGroupConfig                 0x080022fd   Thumb Code    10  misc.o(.text)
    NVIC_Init                                0x08002307   Thumb Code   100  misc.o(.text)
    NVIC_SetVectorTable                      0x0800236b   Thumb Code    14  misc.o(.text)
    NVIC_SystemLPConfig                      0x08002379   Thumb Code    34  misc.o(.text)
    SysTick_CLKSourceConfig                  0x0800239b   Thumb Code    40  misc.o(.text)
    ADC_DeInit                               0x080023d9   Thumb Code    78  stm32f10x_adc.o(.text)
    ADC_Init                                 0x08002427   Thumb Code    70  stm32f10x_adc.o(.text)
    ADC_StructInit                           0x0800246d   Thumb Code    18  stm32f10x_adc.o(.text)
    ADC_Cmd                                  0x0800247f   Thumb Code    22  stm32f10x_adc.o(.text)
    ADC_DMACmd                               0x08002495   Thumb Code    22  stm32f10x_adc.o(.text)
    ADC_ITConfig                             0x080024ab   Thumb Code    24  stm32f10x_adc.o(.text)
    ADC_ResetCalibration                     0x080024c3   Thumb Code    10  stm32f10x_adc.o(.text)
    ADC_GetResetCalibrationStatus            0x080024cd   Thumb Code    20  stm32f10x_adc.o(.text)
    ADC_StartCalibration                     0x080024e1   Thumb Code    10  stm32f10x_adc.o(.text)
    ADC_GetCalibrationStatus                 0x080024eb   Thumb Code    20  stm32f10x_adc.o(.text)
    ADC_SoftwareStartConvCmd                 0x080024ff   Thumb Code    22  stm32f10x_adc.o(.text)
    ADC_GetSoftwareStartConvStatus           0x08002515   Thumb Code    20  stm32f10x_adc.o(.text)
    ADC_DiscModeChannelCountConfig           0x08002529   Thumb Code    24  stm32f10x_adc.o(.text)
    ADC_DiscModeCmd                          0x08002541   Thumb Code    22  stm32f10x_adc.o(.text)
    ADC_RegularChannelConfig                 0x08002557   Thumb Code   184  stm32f10x_adc.o(.text)
    ADC_ExternalTrigConvCmd                  0x0800260f   Thumb Code    22  stm32f10x_adc.o(.text)
    ADC_GetConversionValue                   0x08002625   Thumb Code     8  stm32f10x_adc.o(.text)
    ADC_GetDualModeConversionValue           0x0800262d   Thumb Code     8  stm32f10x_adc.o(.text)
    ADC_AutoInjectedConvCmd                  0x08002635   Thumb Code    22  stm32f10x_adc.o(.text)
    ADC_InjectedDiscModeCmd                  0x0800264b   Thumb Code    22  stm32f10x_adc.o(.text)
    ADC_ExternalTrigInjectedConvConfig       0x08002661   Thumb Code    16  stm32f10x_adc.o(.text)
    ADC_ExternalTrigInjectedConvCmd          0x08002671   Thumb Code    22  stm32f10x_adc.o(.text)
    ADC_SoftwareStartInjectedConvCmd         0x08002687   Thumb Code    22  stm32f10x_adc.o(.text)
    ADC_GetSoftwareStartInjectedConvCmdStatus 0x0800269d   Thumb Code    20  stm32f10x_adc.o(.text)
    ADC_InjectedChannelConfig                0x080026b1   Thumb Code   130  stm32f10x_adc.o(.text)
    ADC_InjectedSequencerLengthConfig        0x08002733   Thumb Code    24  stm32f10x_adc.o(.text)
    ADC_SetInjectedOffset                    0x0800274b   Thumb Code    20  stm32f10x_adc.o(.text)
    ADC_GetInjectedConversionValue           0x0800275f   Thumb Code    28  stm32f10x_adc.o(.text)
    ADC_AnalogWatchdogCmd                    0x0800277b   Thumb Code    16  stm32f10x_adc.o(.text)
    ADC_AnalogWatchdogThresholdsConfig       0x0800278b   Thumb Code     6  stm32f10x_adc.o(.text)
    ADC_AnalogWatchdogSingleChannelConfig    0x08002791   Thumb Code    16  stm32f10x_adc.o(.text)
    ADC_TempSensorVrefintCmd                 0x080027a1   Thumb Code    64  stm32f10x_adc.o(.text)
    ADC_GetFlagStatus                        0x080027e1   Thumb Code    18  stm32f10x_adc.o(.text)
    ADC_ClearFlag                            0x080027f3   Thumb Code     6  stm32f10x_adc.o(.text)
    ADC_GetITStatus                          0x080027f9   Thumb Code    36  stm32f10x_adc.o(.text)
    ADC_ClearITPendingBit                    0x0800281d   Thumb Code    10  stm32f10x_adc.o(.text)
    DMA_DeInit                               0x08002829   Thumb Code   324  stm32f10x_dma.o(.text)
    DMA_Init                                 0x0800296d   Thumb Code    60  stm32f10x_dma.o(.text)
    DMA_StructInit                           0x080029a9   Thumb Code    26  stm32f10x_dma.o(.text)
    DMA_Cmd                                  0x080029c3   Thumb Code    24  stm32f10x_dma.o(.text)
    DMA_ITConfig                             0x080029db   Thumb Code    18  stm32f10x_dma.o(.text)
    DMA_SetCurrDataCounter                   0x080029ed   Thumb Code     4  stm32f10x_dma.o(.text)
    DMA_GetCurrDataCounter                   0x080029f1   Thumb Code     8  stm32f10x_dma.o(.text)
    DMA_GetFlagStatus                        0x080029f9   Thumb Code    40  stm32f10x_dma.o(.text)
    DMA_ClearFlag                            0x08002a21   Thumb Code    22  stm32f10x_dma.o(.text)
    DMA_GetITStatus                          0x08002a37   Thumb Code    40  stm32f10x_dma.o(.text)
    DMA_ClearITPendingBit                    0x08002a5f   Thumb Code    22  stm32f10x_dma.o(.text)
    GPIO_DeInit                              0x08002a7d   Thumb Code   172  stm32f10x_gpio.o(.text)
    GPIO_AFIODeInit                          0x08002b29   Thumb Code    20  stm32f10x_gpio.o(.text)
    GPIO_Init                                0x08002b3d   Thumb Code   278  stm32f10x_gpio.o(.text)
    GPIO_StructInit                          0x08002c53   Thumb Code    16  stm32f10x_gpio.o(.text)
    GPIO_ReadInputDataBit                    0x08002c63   Thumb Code    18  stm32f10x_gpio.o(.text)
    GPIO_ReadInputData                       0x08002c75   Thumb Code     8  stm32f10x_gpio.o(.text)
    GPIO_ReadOutputDataBit                   0x08002c7d   Thumb Code    18  stm32f10x_gpio.o(.text)
    GPIO_ReadOutputData                      0x08002c8f   Thumb Code     8  stm32f10x_gpio.o(.text)
    GPIO_SetBits                             0x08002c97   Thumb Code     4  stm32f10x_gpio.o(.text)
    GPIO_ResetBits                           0x08002c9b   Thumb Code     4  stm32f10x_gpio.o(.text)
    GPIO_WriteBit                            0x08002c9f   Thumb Code    10  stm32f10x_gpio.o(.text)
    GPIO_Write                               0x08002ca9   Thumb Code     4  stm32f10x_gpio.o(.text)
    GPIO_PinLockConfig                       0x08002cad   Thumb Code    18  stm32f10x_gpio.o(.text)
    GPIO_EventOutputConfig                   0x08002cbf   Thumb Code    26  stm32f10x_gpio.o(.text)
    GPIO_EventOutputCmd                      0x08002cd9   Thumb Code     6  stm32f10x_gpio.o(.text)
    GPIO_PinRemapConfig                      0x08002cdf   Thumb Code   138  stm32f10x_gpio.o(.text)
    GPIO_EXTILineConfig                      0x08002d69   Thumb Code    66  stm32f10x_gpio.o(.text)
    GPIO_ETH_MediaInterfaceConfig            0x08002dab   Thumb Code     8  stm32f10x_gpio.o(.text)
    RCC_DeInit                               0x08002dd9   Thumb Code    64  stm32f10x_rcc.o(.text)
    RCC_HSEConfig                            0x08002e19   Thumb Code    70  stm32f10x_rcc.o(.text)
    RCC_GetFlagStatus                        0x08002e5f   Thumb Code    56  stm32f10x_rcc.o(.text)
    RCC_WaitForHSEStartUp                    0x08002e97   Thumb Code    56  stm32f10x_rcc.o(.text)
    RCC_AdjustHSICalibrationValue            0x08002ecf   Thumb Code    20  stm32f10x_rcc.o(.text)
    RCC_HSICmd                               0x08002ee3   Thumb Code     6  stm32f10x_rcc.o(.text)
    RCC_PLLConfig                            0x08002ee9   Thumb Code    24  stm32f10x_rcc.o(.text)
    RCC_PLLCmd                               0x08002f01   Thumb Code     6  stm32f10x_rcc.o(.text)
    RCC_SYSCLKConfig                         0x08002f07   Thumb Code    18  stm32f10x_rcc.o(.text)
    RCC_GetSYSCLKSource                      0x08002f19   Thumb Code    10  stm32f10x_rcc.o(.text)
    RCC_HCLKConfig                           0x08002f23   Thumb Code    18  stm32f10x_rcc.o(.text)
    RCC_PCLK1Config                          0x08002f35   Thumb Code    18  stm32f10x_rcc.o(.text)
    RCC_PCLK2Config                          0x08002f47   Thumb Code    20  stm32f10x_rcc.o(.text)
    RCC_ITConfig                             0x08002f5b   Thumb Code    26  stm32f10x_rcc.o(.text)
    RCC_USBCLKConfig                         0x08002f75   Thumb Code     8  stm32f10x_rcc.o(.text)
    RCC_ADCCLKConfig                         0x08002f7d   Thumb Code    18  stm32f10x_rcc.o(.text)
    RCC_LSEConfig                            0x08002f8f   Thumb Code    50  stm32f10x_rcc.o(.text)
    RCC_LSICmd                               0x08002fc1   Thumb Code     6  stm32f10x_rcc.o(.text)
    RCC_RTCCLKConfig                         0x08002fc7   Thumb Code    12  stm32f10x_rcc.o(.text)
    RCC_RTCCLKCmd                            0x08002fd3   Thumb Code     8  stm32f10x_rcc.o(.text)
    RCC_GetClocksFreq                        0x08002fdb   Thumb Code   192  stm32f10x_rcc.o(.text)
    RCC_AHBPeriphClockCmd                    0x0800309b   Thumb Code    26  stm32f10x_rcc.o(.text)
    RCC_APB2PeriphClockCmd                   0x080030b5   Thumb Code    26  stm32f10x_rcc.o(.text)
    RCC_APB1PeriphClockCmd                   0x080030cf   Thumb Code    26  stm32f10x_rcc.o(.text)
    RCC_APB2PeriphResetCmd                   0x080030e9   Thumb Code    26  stm32f10x_rcc.o(.text)
    RCC_APB1PeriphResetCmd                   0x08003103   Thumb Code    26  stm32f10x_rcc.o(.text)
    RCC_BackupResetCmd                       0x0800311d   Thumb Code     8  stm32f10x_rcc.o(.text)
    RCC_ClockSecuritySystemCmd               0x08003125   Thumb Code     6  stm32f10x_rcc.o(.text)
    RCC_MCOConfig                            0x0800312b   Thumb Code     6  stm32f10x_rcc.o(.text)
    RCC_ClearFlag                            0x08003131   Thumb Code    14  stm32f10x_rcc.o(.text)
    RCC_GetITStatus                          0x0800313f   Thumb Code    20  stm32f10x_rcc.o(.text)
    RCC_ClearITPendingBit                    0x08003153   Thumb Code     6  stm32f10x_rcc.o(.text)
    SPI_I2S_DeInit                           0x0800317d   Thumb Code    76  stm32f10x_spi.o(.text)
    SPI_Init                                 0x080031c9   Thumb Code    60  stm32f10x_spi.o(.text)
    I2S_Init                                 0x08003205   Thumb Code   226  stm32f10x_spi.o(.text)
    SPI_StructInit                           0x080032e7   Thumb Code    24  stm32f10x_spi.o(.text)
    I2S_StructInit                           0x080032ff   Thumb Code    20  stm32f10x_spi.o(.text)
    SPI_Cmd                                  0x08003313   Thumb Code    24  stm32f10x_spi.o(.text)
    I2S_Cmd                                  0x0800332b   Thumb Code    24  stm32f10x_spi.o(.text)
    SPI_I2S_ITConfig                         0x08003343   Thumb Code    32  stm32f10x_spi.o(.text)
    SPI_I2S_DMACmd                           0x08003363   Thumb Code    18  stm32f10x_spi.o(.text)
    SPI_I2S_SendData                         0x08003375   Thumb Code     4  stm32f10x_spi.o(.text)
    SPI_I2S_ReceiveData                      0x08003379   Thumb Code     6  stm32f10x_spi.o(.text)
    SPI_NSSInternalSoftwareConfig            0x0800337f   Thumb Code    30  stm32f10x_spi.o(.text)
    SPI_SSOutputCmd                          0x0800339d   Thumb Code    24  stm32f10x_spi.o(.text)
    SPI_DataSizeConfig                       0x080033b5   Thumb Code    18  stm32f10x_spi.o(.text)
    SPI_TransmitCRC                          0x080033c7   Thumb Code    10  stm32f10x_spi.o(.text)
    SPI_CalculateCRC                         0x080033d1   Thumb Code    24  stm32f10x_spi.o(.text)
    SPI_GetCRC                               0x080033e9   Thumb Code    16  stm32f10x_spi.o(.text)
    SPI_GetCRCPolynomial                     0x080033f9   Thumb Code     6  stm32f10x_spi.o(.text)
    SPI_BiDirectionalLineConfig              0x080033ff   Thumb Code    28  stm32f10x_spi.o(.text)
    SPI_I2S_GetFlagStatus                    0x0800341b   Thumb Code    18  stm32f10x_spi.o(.text)
    SPI_I2S_ClearFlag                        0x0800342d   Thumb Code     6  stm32f10x_spi.o(.text)
    SPI_I2S_GetITStatus                      0x08003433   Thumb Code    52  stm32f10x_spi.o(.text)
    SPI_I2S_ClearITPendingBit                0x08003467   Thumb Code    20  stm32f10x_spi.o(.text)
    TIM_DeInit                               0x08003489   Thumb Code   424  stm32f10x_tim.o(.text)
    TIM_TimeBaseInit                         0x08003631   Thumb Code   122  stm32f10x_tim.o(.text)
    TIM_OC1Init                              0x080036ab   Thumb Code   132  stm32f10x_tim.o(.text)
    TIM_OC2Init                              0x0800372f   Thumb Code   154  stm32f10x_tim.o(.text)
    TIM_OC3Init                              0x080037c9   Thumb Code   150  stm32f10x_tim.o(.text)
    TIM_OC4Init                              0x0800385f   Thumb Code   182  stm32f10x_tim.o(.text)
    TIM_SetIC4Prescaler                      0x08003915   Thumb Code    26  stm32f10x_tim.o(.text)
    TIM_SetIC3Prescaler                      0x080039b1   Thumb Code    18  stm32f10x_tim.o(.text)
    TIM_SetIC2Prescaler                      0x08003a3d   Thumb Code    26  stm32f10x_tim.o(.text)
    TIM_SetIC1Prescaler                      0x08003ad9   Thumb Code    18  stm32f10x_tim.o(.text)
    TIM_ICInit                               0x08003b57   Thumb Code   150  stm32f10x_tim.o(.text)
    TIM_PWMIConfig                           0x08003bed   Thumb Code   124  stm32f10x_tim.o(.text)
    TIM_BDTRConfig                           0x08003c69   Thumb Code    32  stm32f10x_tim.o(.text)
    TIM_TimeBaseStructInit                   0x08003c89   Thumb Code    18  stm32f10x_tim.o(.text)
    TIM_OCStructInit                         0x08003c9b   Thumb Code    20  stm32f10x_tim.o(.text)
    TIM_ICStructInit                         0x08003caf   Thumb Code    18  stm32f10x_tim.o(.text)
    TIM_BDTRStructInit                       0x08003cc1   Thumb Code    40  stm32f10x_tim.o(.text)
    TIM_Cmd                                  0x08003ce9   Thumb Code    24  stm32f10x_tim.o(.text)
    TIM_CtrlPWMOutputs                       0x08003d01   Thumb Code    30  stm32f10x_tim.o(.text)
    TIM_ITConfig                             0x08003d1f   Thumb Code    18  stm32f10x_tim.o(.text)
    TIM_GenerateEvent                        0x08003d31   Thumb Code     4  stm32f10x_tim.o(.text)
    TIM_DMAConfig                            0x08003d35   Thumb Code    10  stm32f10x_tim.o(.text)
    TIM_DMACmd                               0x08003d3f   Thumb Code    18  stm32f10x_tim.o(.text)
    TIM_InternalClockConfig                  0x08003d51   Thumb Code    12  stm32f10x_tim.o(.text)
    TIM_SelectInputTrigger                   0x08003d5d   Thumb Code    18  stm32f10x_tim.o(.text)
    TIM_ITRxExternalClockConfig              0x08003d6f   Thumb Code    24  stm32f10x_tim.o(.text)
    TIM_TIxExternalClockConfig               0x08003d87   Thumb Code    62  stm32f10x_tim.o(.text)
    TIM_ETRConfig                            0x08003dc5   Thumb Code    28  stm32f10x_tim.o(.text)
    TIM_ETRClockMode1Config                  0x08003de1   Thumb Code    54  stm32f10x_tim.o(.text)
    TIM_ETRClockMode2Config                  0x08003e17   Thumb Code    32  stm32f10x_tim.o(.text)
    TIM_PrescalerConfig                      0x08003e37   Thumb Code     6  stm32f10x_tim.o(.text)
    TIM_CounterModeConfig                    0x08003e3d   Thumb Code    18  stm32f10x_tim.o(.text)
    TIM_EncoderInterfaceConfig               0x08003e4f   Thumb Code    66  stm32f10x_tim.o(.text)
    TIM_ForcedOC1Config                      0x08003e91   Thumb Code    18  stm32f10x_tim.o(.text)
    TIM_ForcedOC2Config                      0x08003ea3   Thumb Code    26  stm32f10x_tim.o(.text)
    TIM_ForcedOC3Config                      0x08003ebd   Thumb Code    18  stm32f10x_tim.o(.text)
    TIM_ForcedOC4Config                      0x08003ecf   Thumb Code    26  stm32f10x_tim.o(.text)
    TIM_ARRPreloadConfig                     0x08003ee9   Thumb Code    24  stm32f10x_tim.o(.text)
    TIM_SelectCOM                            0x08003f01   Thumb Code    24  stm32f10x_tim.o(.text)
    TIM_SelectCCDMA                          0x08003f19   Thumb Code    24  stm32f10x_tim.o(.text)
    TIM_CCPreloadControl                     0x08003f31   Thumb Code    24  stm32f10x_tim.o(.text)
    TIM_OC1PreloadConfig                     0x08003f49   Thumb Code    18  stm32f10x_tim.o(.text)
    TIM_OC2PreloadConfig                     0x08003f5b   Thumb Code    26  stm32f10x_tim.o(.text)
    TIM_OC3PreloadConfig                     0x08003f75   Thumb Code    18  stm32f10x_tim.o(.text)
    TIM_OC4PreloadConfig                     0x08003f87   Thumb Code    26  stm32f10x_tim.o(.text)
    TIM_OC1FastConfig                        0x08003fa1   Thumb Code    18  stm32f10x_tim.o(.text)
    TIM_OC2FastConfig                        0x08003fb3   Thumb Code    26  stm32f10x_tim.o(.text)
    TIM_OC3FastConfig                        0x08003fcd   Thumb Code    18  stm32f10x_tim.o(.text)
    TIM_OC4FastConfig                        0x08003fdf   Thumb Code    26  stm32f10x_tim.o(.text)
    TIM_ClearOC1Ref                          0x08003ff9   Thumb Code    18  stm32f10x_tim.o(.text)
    TIM_ClearOC2Ref                          0x0800400b   Thumb Code    24  stm32f10x_tim.o(.text)
    TIM_ClearOC3Ref                          0x08004023   Thumb Code    18  stm32f10x_tim.o(.text)
    TIM_ClearOC4Ref                          0x08004035   Thumb Code    24  stm32f10x_tim.o(.text)
    TIM_OC1PolarityConfig                    0x0800404d   Thumb Code    18  stm32f10x_tim.o(.text)
    TIM_OC1NPolarityConfig                   0x0800405f   Thumb Code    18  stm32f10x_tim.o(.text)
    TIM_OC2PolarityConfig                    0x08004071   Thumb Code    26  stm32f10x_tim.o(.text)
    TIM_OC2NPolarityConfig                   0x0800408b   Thumb Code    26  stm32f10x_tim.o(.text)
    TIM_OC3PolarityConfig                    0x080040a5   Thumb Code    26  stm32f10x_tim.o(.text)
    TIM_OC3NPolarityConfig                   0x080040bf   Thumb Code    26  stm32f10x_tim.o(.text)
    TIM_OC4PolarityConfig                    0x080040d9   Thumb Code    26  stm32f10x_tim.o(.text)
    TIM_CCxCmd                               0x080040f3   Thumb Code    30  stm32f10x_tim.o(.text)
    TIM_CCxNCmd                              0x08004111   Thumb Code    30  stm32f10x_tim.o(.text)
    TIM_SelectOCxM                           0x0800412f   Thumb Code    82  stm32f10x_tim.o(.text)
    TIM_UpdateDisableConfig                  0x08004181   Thumb Code    24  stm32f10x_tim.o(.text)
    TIM_UpdateRequestConfig                  0x08004199   Thumb Code    24  stm32f10x_tim.o(.text)
    TIM_SelectHallSensor                     0x080041b1   Thumb Code    24  stm32f10x_tim.o(.text)
    TIM_SelectOnePulseMode                   0x080041c9   Thumb Code    18  stm32f10x_tim.o(.text)
    TIM_SelectOutputTrigger                  0x080041db   Thumb Code    18  stm32f10x_tim.o(.text)
    TIM_SelectSlaveMode                      0x080041ed   Thumb Code    18  stm32f10x_tim.o(.text)
    TIM_SelectMasterSlaveMode                0x080041ff   Thumb Code    18  stm32f10x_tim.o(.text)
    TIM_SetCounter                           0x08004211   Thumb Code     4  stm32f10x_tim.o(.text)
    TIM_SetAutoreload                        0x08004215   Thumb Code     4  stm32f10x_tim.o(.text)
    TIM_SetCompare1                          0x08004219   Thumb Code     4  stm32f10x_tim.o(.text)
    TIM_SetCompare2                          0x0800421d   Thumb Code     4  stm32f10x_tim.o(.text)
    TIM_SetCompare3                          0x08004221   Thumb Code     4  stm32f10x_tim.o(.text)
    TIM_SetCompare4                          0x08004225   Thumb Code     6  stm32f10x_tim.o(.text)
    TIM_SetClockDivision                     0x0800422b   Thumb Code    18  stm32f10x_tim.o(.text)
    TIM_GetCapture1                          0x0800423d   Thumb Code     6  stm32f10x_tim.o(.text)
    TIM_GetCapture2                          0x08004243   Thumb Code     6  stm32f10x_tim.o(.text)
    TIM_GetCapture3                          0x08004249   Thumb Code     6  stm32f10x_tim.o(.text)
    TIM_GetCapture4                          0x0800424f   Thumb Code     8  stm32f10x_tim.o(.text)
    TIM_GetCounter                           0x08004257   Thumb Code     6  stm32f10x_tim.o(.text)
    TIM_GetPrescaler                         0x0800425d   Thumb Code     6  stm32f10x_tim.o(.text)
    TIM_GetFlagStatus                        0x08004263   Thumb Code    18  stm32f10x_tim.o(.text)
    TIM_ClearFlag                            0x08004275   Thumb Code     6  stm32f10x_tim.o(.text)
    TIM_GetITStatus                          0x0800427b   Thumb Code    34  stm32f10x_tim.o(.text)
    TIM_ClearITPendingBit                    0x0800429d   Thumb Code     6  stm32f10x_tim.o(.text)
    USART_DeInit                             0x080042a5   Thumb Code   134  stm32f10x_usart.o(.text)
    USART_Init                               0x0800432b   Thumb Code   210  stm32f10x_usart.o(.text)
    USART_StructInit                         0x080043fd   Thumb Code    24  stm32f10x_usart.o(.text)
    USART_ClockInit                          0x08004415   Thumb Code    34  stm32f10x_usart.o(.text)
    USART_ClockStructInit                    0x08004437   Thumb Code    12  stm32f10x_usart.o(.text)
    USART_Cmd                                0x08004443   Thumb Code    24  stm32f10x_usart.o(.text)
    USART_ITConfig                           0x0800445b   Thumb Code    74  stm32f10x_usart.o(.text)
    USART_DMACmd                             0x080044a5   Thumb Code    18  stm32f10x_usart.o(.text)
    USART_SetAddress                         0x080044b7   Thumb Code    18  stm32f10x_usart.o(.text)
    USART_WakeUpConfig                       0x080044c9   Thumb Code    18  stm32f10x_usart.o(.text)
    USART_ReceiverWakeUpCmd                  0x080044db   Thumb Code    24  stm32f10x_usart.o(.text)
    USART_LINBreakDetectLengthConfig         0x080044f3   Thumb Code    18  stm32f10x_usart.o(.text)
    USART_LINCmd                             0x08004505   Thumb Code    24  stm32f10x_usart.o(.text)
    USART_SendData                           0x0800451d   Thumb Code     8  stm32f10x_usart.o(.text)
    USART_ReceiveData                        0x08004525   Thumb Code    10  stm32f10x_usart.o(.text)
    USART_SendBreak                          0x0800452f   Thumb Code    10  stm32f10x_usart.o(.text)
    USART_SetGuardTime                       0x08004539   Thumb Code    16  stm32f10x_usart.o(.text)
    USART_SetPrescaler                       0x08004549   Thumb Code    16  stm32f10x_usart.o(.text)
    USART_SmartCardCmd                       0x08004559   Thumb Code    24  stm32f10x_usart.o(.text)
    USART_SmartCardNACKCmd                   0x08004571   Thumb Code    24  stm32f10x_usart.o(.text)
    USART_HalfDuplexCmd                      0x08004589   Thumb Code    24  stm32f10x_usart.o(.text)
    USART_OverSampling8Cmd                   0x080045a1   Thumb Code    22  stm32f10x_usart.o(.text)
    USART_OneBitMethodCmd                    0x080045b7   Thumb Code    24  stm32f10x_usart.o(.text)
    USART_IrDAConfig                         0x080045cf   Thumb Code    18  stm32f10x_usart.o(.text)
    USART_IrDACmd                            0x080045e1   Thumb Code    24  stm32f10x_usart.o(.text)
    USART_GetFlagStatus                      0x080045f9   Thumb Code    26  stm32f10x_usart.o(.text)
    USART_ClearFlag                          0x08004613   Thumb Code    18  stm32f10x_usart.o(.text)
    USART_GetITStatus                        0x08004625   Thumb Code    84  stm32f10x_usart.o(.text)
    USART_ClearITPendingBit                  0x08004679   Thumb Code    52  stm32f10x_usart.o(.text)
    __aeabi_fadd                             0x080046ad   Thumb Code   164  fadd.o(.text)
    __aeabi_fsub                             0x08004751   Thumb Code     6  fadd.o(.text)
    __aeabi_frsub                            0x08004757   Thumb Code     6  fadd.o(.text)
    __aeabi_fmul                             0x0800475d   Thumb Code   100  fmul.o(.text)
    __aeabi_fdiv                             0x080047c1   Thumb Code   124  fdiv.o(.text)
    __aeabi_dmul                             0x0800483d   Thumb Code   228  dmul.o(.text)
    __aeabi_ddiv                             0x08004921   Thumb Code   222  ddiv.o(.text)
    __aeabi_i2f                              0x080049ff   Thumb Code    18  fflti.o(.text)
    __aeabi_ui2f                             0x08004a11   Thumb Code    10  ffltui.o(.text)
    __aeabi_i2d                              0x08004a1b   Thumb Code    34  dflti.o(.text)
    __aeabi_ui2d                             0x08004a3d   Thumb Code    26  dfltui.o(.text)
    __aeabi_f2iz                             0x08004a57   Thumb Code    50  ffixi.o(.text)
    __aeabi_f2uiz                            0x08004a89   Thumb Code    40  ffixui.o(.text)
    __aeabi_d2uiz                            0x08004ab1   Thumb Code    50  dfixui.o(.text)
    __aeabi_d2f                              0x08004ae3   Thumb Code    56  d2f.o(.text)
    __aeabi_cfcmpeq                          0x08004b1d   Thumb Code     0  cfcmple.o(.text)
    __aeabi_cfcmple                          0x08004b1d   Thumb Code    20  cfcmple.o(.text)
    __aeabi_cfrcmple                         0x08004b31   Thumb Code    20  cfrcmple.o(.text)
    __aeabi_llsr                             0x08004b45   Thumb Code    32  llushr.o(.text)
    _ll_ushift_r                             0x08004b45   Thumb Code     0  llushr.o(.text)
    __I$use$fp                               0x08004b65   Thumb Code     0  iusefp.o(.text)
    _float_round                             0x08004b65   Thumb Code    18  fepilogue.o(.text)
    _float_epilogue                          0x08004b77   Thumb Code    92  fepilogue.o(.text)
    _double_round                            0x08004bd3   Thumb Code    26  depilogue.o(.text)
    _double_epilogue                         0x08004bed   Thumb Code   156  depilogue.o(.text)
    __scatterload                            0x08004c89   Thumb Code    28  init.o(.text)
    __scatterload_rt2                        0x08004c89   Thumb Code     0  init.o(.text)
    __aeabi_llsl                             0x08004cad   Thumb Code    30  llshl.o(.text)
    _ll_shift_l                              0x08004cad   Thumb Code     0  llshl.o(.text)
    __0printf$2                              0x08004ccd   Thumb Code    22  printf2.o(i.__0printf$2)
    __1printf$2                              0x08004ccd   Thumb Code     0  printf2.o(i.__0printf$2)
    __2printf                                0x08004ccd   Thumb Code     0  printf2.o(i.__0printf$2)
    __scatterload_copy                       0x08004ced   Thumb Code    14  handlers.o(i.__scatterload_copy)
    __scatterload_null                       0x08004cfb   Thumb Code     2  handlers.o(i.__scatterload_null)
    __scatterload_zeroinit                   0x08004cfd   Thumb Code    14  handlers.o(i.__scatterload_zeroinit)
    Region$$Table$$Base                      0x08004de0   Number         0  anon$$obj.o(Region$$Table)
    Region$$Table$$Limit                     0x08004e00   Number         0  anon$$obj.o(Region$$Table)
    SystemCoreClock                          0x20000000   Data           4  system_stm32f10x.o(.data)
    AHBPrescTable                            0x20000004   Data          16  system_stm32f10x.o(.data)
    FLAG_ATT                                 0x20000014   Data           1  main.o(.data)
    Acc                                      0x20000016   Data           6  main.o(.data)
    Gyr                                      0x2000001c   Data           6  main.o(.data)
    Acc_AVG                                  0x20000022   Data           6  main.o(.data)
    Angle_Offset_Ok                          0x20000028   Data           1  main.o(.data)
    Alt                                      0x2000002c   Data           4  main.o(.data)
    Rc_D                                     0x20000030   Data           8  main.o(.data)
    Rc_C                                     0x20000038   Data           1  main.o(.data)
    Roll                                     0x20000040   Data           8  stm32f10x_it.o(.data)
    Pitch                                    0x20000048   Data           8  stm32f10x_it.o(.data)
    Yaw                                      0x20000050   Data           8  stm32f10x_it.o(.data)
    Dlt_Tim                                  0x20000058   Data           4  stm32f10x_it.o(.data)
    Pre_Tim                                  0x2000005c   Data           4  stm32f10x_it.o(.data)
    getlast_roll                             0x20000068   Data           2  control.o(.data)
    geilast_pitch                            0x2000006a   Data           2  control.o(.data)
    rol_i                                    0x2000006c   Data           4  control.o(.data)
    pit_i                                    0x20000070   Data           4  control.o(.data)
    yaw_p                                    0x20000074   Data           4  control.o(.data)
    Moto_PWM_1                               0x20000078   Data           2  control.o(.data)
    Moto_PWM_2                               0x2000007a   Data           2  control.o(.data)
    Moto_PWM_3                               0x2000007c   Data           2  control.o(.data)
    Moto_PWM_4                               0x2000007e   Data           2  control.o(.data)
    Data_Check                               0x20000080   Data           1  data_transfer.o(.data)
    Send_Status                              0x20000081   Data           1  data_transfer.o(.data)
    Send_Senser                              0x20000082   Data           1  data_transfer.o(.data)
    Send_RCData                              0x20000083   Data           1  data_transfer.o(.data)
    Send_Offset                              0x20000084   Data           1  data_transfer.o(.data)
    Send_PID1                                0x20000085   Data           1  data_transfer.o(.data)
    Send_PID2                                0x20000086   Data           1  data_transfer.o(.data)
    Send_PID3                                0x20000087   Data           1  data_transfer.o(.data)
    Send_PID4                                0x20000088   Data           1  data_transfer.o(.data)
    Send_PID5                                0x20000089   Data           1  data_transfer.o(.data)
    Send_PID6                                0x2000008a   Data           1  data_transfer.o(.data)
    Send_MotoPwm                             0x2000008b   Data           1  data_transfer.o(.data)
    TIM2_IRQCNT                              0x2000008c   Data           4  tim3.o(.data)
    TX_ADDRESS                               0x200000b6   Data           5  nrf24l.o(.data)
    RX_ADDRESS                               0x200000bb   Data           5  nrf24l.o(.data)
    ADC_ConvertedValue                       0x200000c0   Data           2  adc.o(.data)
    __stdout                                 0x200000d8   Data           4  stdout.o(.data)
    Att_Angle                                0x200000dc   Data          12  main.o(.bss)
    Att_Angle_Offset                         0x200000e8   Data          12  main.o(.bss)
    PID_ROL                                  0x20000128   Data          32  control.o(.bss)
    PID_PIT                                  0x20000148   Data          32  control.o(.bss)
    PID_YAW                                  0x20000168   Data          32  control.o(.bss)
    PID_ALT                                  0x20000188   Data          32  control.o(.bss)
    PID_POS                                  0x200001a8   Data          32  control.o(.bss)
    data_to_send                             0x200001c8   Data          50  data_transfer.o(.bss)
    ReadBuffer                               0x200001fa   Data          23  usart1.o(.bss)
    TIM_OCInitPWM                            0x20000212   Data          16  motor.o(.bss)
    NRF24L01_RXDATA                          0x20000234   Data          32  nrf24l.o(.bss)
    NRF24L01_TXDATA                          0x20000254   Data          32  nrf24l.o(.bss)
    __initial_sp                             0x20000678   Data           0  startup_stm32f10x_hd.o(STACK)



==============================================================================

Memory Map of the image

  Image Entry point : 0x08000131

  Load Region LR_IROM1 (Base: 0x08000000, Size: 0x00004edc, Max: 0x00080000, ABSOLUTE)

    Execution Region ER_IROM1 (Base: 0x08000000, Size: 0x00004e00, Max: 0x00080000, ABSOLUTE)

    Base Addr    Size         Type   Attr      Idx    E Section Name        Object

    0x08000000   0x00000130   Data   RO            3    RESET               startup_stm32f10x_hd.o
    0x08000130   0x00000000   Code   RO          496  * .ARM.Collect$$$$00000000  mc_w.l(entry.o)
    0x08000130   0x00000004   Code   RO          790    .ARM.Collect$$$$00000001  mc_w.l(entry2.o)
    0x08000134   0x00000004   Code   RO          793    .ARM.Collect$$$$00000004  mc_w.l(entry5.o)
    0x08000138   0x00000000   Code   RO          795    .ARM.Collect$$$$00000008  mc_w.l(entry7b.o)
    0x08000138   0x00000000   Code   RO          797    .ARM.Collect$$$$0000000A  mc_w.l(entry8b.o)
    0x08000138   0x00000008   Code   RO          798    .ARM.Collect$$$$0000000B  mc_w.l(entry9a.o)
    0x08000140   0x00000000   Code   RO          800    .ARM.Collect$$$$0000000D  mc_w.l(entry10a.o)
    0x08000140   0x00000000   Code   RO          802    .ARM.Collect$$$$0000000F  mc_w.l(entry11a.o)
    0x08000140   0x00000004   Code   RO          791    .ARM.Collect$$$$00002712  mc_w.l(entry2.o)
    0x08000144   0x00000024   Code   RO            4    .text               startup_stm32f10x_hd.o
    0x08000168   0x000001e0   Code   RO           24    .text               system_stm32f10x.o
    0x08000348   0x00000190   Code   RO           79    .text               main.o
    0x080004d8   0x00000454   Code   RO          152    .text               stm32f10x_it.o
    0x0800092c   0x00000074   Code   RO          175    .text               rc.o
    0x080009a0   0x00000394   Code   RO          188    .text               control.o
    0x08000d34   0x00000050   Code   RO          207    .text               imu.o
    0x08000d84   0x000006b0   Code   RO          222    .text               data_transfer.o
    0x08001434   0x0000007e   Code   RO          241    .text               tim3.o
    0x080014b2   0x00000002   PAD
    0x080014b4   0x00000158   Code   RO          259    .text               usart1.o
    0x0800160c   0x000000f8   Code   RO          277    .text               spi1.o
    0x08001704   0x00000174   Code   RO          289    .text               led.o
    0x08001878   0x000001f4   Code   RO          302    .text               motor.o
    0x08001a6c   0x00000158   Code   RO          317    .text               time.o
    0x08001bc4   0x000003b4   Code   RO          335    .text               tim_pwm_in.o
    0x08001f78   0x00000274   Code   RO          349    .text               nrf24l.o
    0x080021ec   0x00000110   Code   RO          368    .text               adc.o
    0x080022fc   0x000000dc   Code   RO          386    .text               misc.o
    0x080023d8   0x0000044e   Code   RO          398    .text               stm32f10x_adc.o
    0x08002826   0x00000002   PAD
    0x08002828   0x00000254   Code   RO          410    .text               stm32f10x_dma.o
    0x08002a7c   0x0000035c   Code   RO          422    .text               stm32f10x_gpio.o
    0x08002dd8   0x000003a4   Code   RO          434    .text               stm32f10x_rcc.o
    0x0800317c   0x0000030c   Code   RO          448    .text               stm32f10x_spi.o
    0x08003488   0x00000e1a   Code   RO          460    .text               stm32f10x_tim.o
    0x080042a2   0x00000002   PAD
    0x080042a4   0x00000408   Code   RO          472    .text               stm32f10x_usart.o
    0x080046ac   0x000000b0   Code   RO          760    .text               mf_w.l(fadd.o)
    0x0800475c   0x00000064   Code   RO          762    .text               mf_w.l(fmul.o)
    0x080047c0   0x0000007c   Code   RO          764    .text               mf_w.l(fdiv.o)
    0x0800483c   0x000000e4   Code   RO          766    .text               mf_w.l(dmul.o)
    0x08004920   0x000000de   Code   RO          768    .text               mf_w.l(ddiv.o)
    0x080049fe   0x00000012   Code   RO          770    .text               mf_w.l(fflti.o)
    0x08004a10   0x0000000a   Code   RO          772    .text               mf_w.l(ffltui.o)
    0x08004a1a   0x00000022   Code   RO          774    .text               mf_w.l(dflti.o)
    0x08004a3c   0x0000001a   Code   RO          776    .text               mf_w.l(dfltui.o)
    0x08004a56   0x00000032   Code   RO          778    .text               mf_w.l(ffixi.o)
    0x08004a88   0x00000028   Code   RO          780    .text               mf_w.l(ffixui.o)
    0x08004ab0   0x00000032   Code   RO          782    .text               mf_w.l(dfixui.o)
    0x08004ae2   0x00000038   Code   RO          784    .text               mf_w.l(d2f.o)
    0x08004b1a   0x00000002   PAD
    0x08004b1c   0x00000014   Code   RO          786    .text               mf_w.l(cfcmple.o)
    0x08004b30   0x00000014   Code   RO          788    .text               mf_w.l(cfrcmple.o)
    0x08004b44   0x00000020   Code   RO          809    .text               mc_w.l(llushr.o)
    0x08004b64   0x00000000   Code   RO          811    .text               mc_w.l(iusefp.o)
    0x08004b64   0x0000006e   Code   RO          812    .text               mf_w.l(fepilogue.o)
    0x08004bd2   0x000000b6   Code   RO          814    .text               mf_w.l(depilogue.o)
    0x08004c88   0x00000024   Code   RO          822    .text               mc_w.l(init.o)
    0x08004cac   0x0000001e   Code   RO          824    .text               mc_w.l(llshl.o)
    0x08004cca   0x00000002   PAD
    0x08004ccc   0x00000020   Code   RO          566    i.__0printf$2       mc_w.l(printf2.o)
    0x08004cec   0x0000000e   Code   RO          830    i.__scatterload_copy  mc_w.l(handlers.o)
    0x08004cfa   0x00000002   Code   RO          831    i.__scatterload_null  mc_w.l(handlers.o)
    0x08004cfc   0x0000000e   Code   RO          832    i.__scatterload_zeroinit  mc_w.l(handlers.o)
    0x08004d0a   0x000000d6   Code   RO          573    i._printf_core      mc_w.l(printf2.o)
    0x08004de0   0x00000020   Data   RO          828    Region$$Table       anon$$obj.o


    Execution Region RW_IRAM1 (Base: 0x20000000, Size: 0x00000678, Max: 0x00010000, ABSOLUTE)

    Base Addr    Size         Type   Attr      Idx    E Section Name        Object

    0x20000000   0x00000014   Data   RW           25    .data               system_stm32f10x.o
    0x20000014   0x0000002a   Data   RW           81    .data               main.o
    0x2000003e   0x00000002   PAD
    0x20000040   0x00000027   Data   RW          154    .data               stm32f10x_it.o
    0x20000067   0x00000001   Data   RW          176    .data               rc.o
    0x20000068   0x00000018   Data   RW          190    .data               control.o
    0x20000080   0x0000000c   Data   RW          224    .data               data_transfer.o
    0x2000008c   0x00000004   Data   RW          242    .data               tim3.o
    0x20000090   0x00000006   Data   RW          290    .data               led.o
    0x20000096   0x00000020   Data   RW          336    .data               tim_pwm_in.o
    0x200000b6   0x0000000a   Data   RW          351    .data               nrf24l.o
    0x200000c0   0x00000002   Data   RW          369    .data               adc.o
    0x200000c2   0x00000014   Data   RW          435    .data               stm32f10x_rcc.o
    0x200000d6   0x00000002   PAD
    0x200000d8   0x00000004   Data   RW          804    .data               mc_w.l(stdout.o)
    0x200000dc   0x00000018   Zero   RW           80    .bss                main.o
    0x200000f4   0x00000032   Zero   RW          153    .bss                stm32f10x_it.o
    0x20000126   0x00000002   PAD
    0x20000128   0x000000a0   Zero   RW          189    .bss                control.o
    0x200001c8   0x00000032   Zero   RW          223    .bss                data_transfer.o
    0x200001fa   0x00000017   Zero   RW          260    .bss                usart1.o
    0x20000211   0x00000001   PAD
    0x20000212   0x00000010   Zero   RW          303    .bss                motor.o
    0x20000222   0x00000002   PAD
    0x20000224   0x00000010   Zero   RW          318    .bss                time.o
    0x20000234   0x00000040   Zero   RW          350    .bss                nrf24l.o
    0x20000274   0x00000004   PAD
    0x20000278   0x00000400   Zero   RW            1    STACK               startup_stm32f10x_hd.o


==============================================================================

Image component sizes


      Code (inc. data)   RO Data    RW Data    ZI Data      Debug   Object Name

       272         16          0          2          0       1337   adc.o
       916         64          0         24        160       2157   control.o
         0          0          0          0          0       4312   core_cm3.o
      1712        102          0         12         50       4294   data_transfer.o
        80          6          0          0          0        459   imu.o
       372         18          0          6          0       1022   led.o
       400         78          0         42         24       3480   main.o
       220         22          0          0          0       1709   misc.o
       500         18          0          0         16       1879   motor.o
       628         16          0         10         64       3086   nrf24l.o
       116          4          0          1          0        785   rc.o
       248         12          0          0          0        783   spi1.o
        36          8        304          0       1024        836   startup_stm32f10x_hd.o
      1102         26          0          0          0      10741   stm32f10x_adc.o
       596          8          0          0          0       4238   stm32f10x_dma.o
       860         38          0          0          0       5553   stm32f10x_gpio.o
      1108         76          0         39         50       4224   stm32f10x_it.o
       932         36          0         20          0       8696   stm32f10x_rcc.o
       780         14          0          0          0       6434   stm32f10x_spi.o
      3610         88          0          0          0      22036   stm32f10x_tim.o
      1032         22          0          0          0       8280   stm32f10x_usart.o
       480         38          0         20          0     275515   system_stm32f10x.o
       126          0          0          4          0        834   tim3.o
       948         48          0         32          0       2314   tim_pwm_in.o
       344         24          0          0         16      17001   time.o
       344         16          0          0         23       1848   usart1.o

    ----------------------------------------------------------------------
     17768        798        336        216       1436     393853   Object Totals
         0          0         32          0          0          0   (incl. Generated)
         6          0          0          4          9          0   (incl. Padding)

    ----------------------------------------------------------------------

      Code (inc. data)   RO Data    RW Data    ZI Data      Debug   Library Member Name

         0          0          0          0          0          0   entry.o
         0          0          0          0          0          0   entry10a.o
         0          0          0          0          0          0   entry11a.o
         8          4          0          0          0          0   entry2.o
         4          0          0          0          0          0   entry5.o
         0          0          0          0          0          0   entry7b.o
         0          0          0          0          0          0   entry8b.o
         8          4          0          0          0          0   entry9a.o
        30          0          0          0          0          0   handlers.o
        36          8          0          0          0         68   init.o
         0          0          0          0          0          0   iusefp.o
        30          0          0          0          0         68   llshl.o
        32          0          0          0          0         68   llushr.o
       246         10          0          0          0        176   printf2.o
         0          0          0          4          0          0   stdout.o
        20          0          0          0          0         68   cfcmple.o
        20          0          0          0          0         68   cfrcmple.o
        56          0          0          0          0         88   d2f.o
       222          0          0          0          0        100   ddiv.o
       182          0          0          0          0        176   depilogue.o
        50          0          0          0          0         76   dfixui.o
        34          0          0          0          0         76   dflti.o
        26          0          0          0          0         76   dfltui.o
       228          0          0          0          0         96   dmul.o
       176          0          0          0          0        140   fadd.o
       124          0          0          0          0         88   fdiv.o
       110          0          0          0          0        168   fepilogue.o
        50          0          0          0          0         68   ffixi.o
        40          0          0          0          0         68   ffixui.o
        18          0          0          0          0         68   fflti.o
        10          0          0          0          0         68   ffltui.o
       100          0          0          0          0         76   fmul.o

    ----------------------------------------------------------------------
      1864         26          0          4          0       1948   Library Totals
         4          0          0          0          0          0   (incl. Padding)

    ----------------------------------------------------------------------

      Code (inc. data)   RO Data    RW Data    ZI Data      Debug   Library Name

       394         26          0          4          0        380   mc_w.l
      1466          0          0          0          0       1568   mf_w.l

    ----------------------------------------------------------------------
      1864         26          0          4          0       1948   Library Totals

    ----------------------------------------------------------------------

==============================================================================


      Code (inc. data)   RO Data    RW Data    ZI Data      Debug   

     19632        824        336        220       1436     392833   Grand Totals
     19632        824        336        220       1436     392833   ELF Image Totals
     19632        824        336        220          0          0   ROM Totals

==============================================================================

    Total RO  Size (Code + RO Data)                19968 (  19.50kB)
    Total RW  Size (RW Data + ZI Data)              1656 (   1.62kB)
    Total ROM Size (Code + RO Data + RW Data)      20188 (  19.71kB)

==============================================================================

